<!doctype html public "-//w3c//dtd html 4.0 transitional//en">
<html><head>
<title>Static Call Graph - [.\Output\Sleep_WiFI_V4.0.0]</title></head>
<body><HR>
<H1>Static Call Graph for image .\Output\Sleep_WiFI_V4.0.0</H1><HR>
<BR><P>#&#060CALLGRAPH&#062# ARM Linker, 5060750: Last Updated: Thu Jun 11 15:40:41 2020
<BR><P>
<H3>Maximum Stack Usage =       1448 bytes + Unknown(Cycles, Untraceable Function Pointers)</H3><H3>
Call chain for Maximum Stack Depth:</H3>
main &rArr; SendHrDataToServer &rArr; SendRealTimeHRData &rArr; BLE_Send_data &rArr; advertising_status_data &rArr; ble_advertising_specific_data &rArr; ble_advdata_set &rArr; adv_data_encode &rArr; uuid_list_encode &rArr; uuid_list_sized_encode
<P>
<H3>
Mutually Recursive functions
</H3> <LI><a href="#[3]">NMI_Handler</a>&nbsp;&nbsp;&nbsp;&rArr;&nbsp;&nbsp;&nbsp;<a href="#[3]">NMI_Handler</a><BR>
 <LI><a href="#[4]">HardFault_Handler</a>&nbsp;&nbsp;&nbsp;&rArr;&nbsp;&nbsp;&nbsp;<a href="#[4]">HardFault_Handler</a><BR>
 <LI><a href="#[5]">MemoryManagement_Handler</a>&nbsp;&nbsp;&nbsp;&rArr;&nbsp;&nbsp;&nbsp;<a href="#[5]">MemoryManagement_Handler</a><BR>
 <LI><a href="#[6]">BusFault_Handler</a>&nbsp;&nbsp;&nbsp;&rArr;&nbsp;&nbsp;&nbsp;<a href="#[6]">BusFault_Handler</a><BR>
 <LI><a href="#[7]">UsageFault_Handler</a>&nbsp;&nbsp;&nbsp;&rArr;&nbsp;&nbsp;&nbsp;<a href="#[7]">UsageFault_Handler</a><BR>
 <LI><a href="#[8]">SVC_Handler</a>&nbsp;&nbsp;&nbsp;&rArr;&nbsp;&nbsp;&nbsp;<a href="#[8]">SVC_Handler</a><BR>
 <LI><a href="#[9]">DebugMon_Handler</a>&nbsp;&nbsp;&nbsp;&rArr;&nbsp;&nbsp;&nbsp;<a href="#[9]">DebugMon_Handler</a><BR>
 <LI><a href="#[a]">PendSV_Handler</a>&nbsp;&nbsp;&nbsp;&rArr;&nbsp;&nbsp;&nbsp;<a href="#[a]">PendSV_Handler</a><BR>
 <LI><a href="#[b]">SysTick_Handler</a>&nbsp;&nbsp;&nbsp;&rArr;&nbsp;&nbsp;&nbsp;<a href="#[b]">SysTick_Handler</a><BR>
 <LI><a href="#[1b]">CCM_AAR_IRQHandler</a>&nbsp;&nbsp;&nbsp;&rArr;&nbsp;&nbsp;&nbsp;<a href="#[1b]">CCM_AAR_IRQHandler</a><BR>
 <LI><a href="#[51]">__asm___11_app_timer_c_cd27f9c3__nrf_delay_us</a>&nbsp;&nbsp;&nbsp;&rArr;&nbsp;&nbsp;&nbsp;<a href="#[51]">__asm___11_app_timer_c_cd27f9c3__nrf_delay_us</a><BR>
 <LI><a href="#[50]">__asm___11_nrf_delay_c_532987f3__nrf_delay_us</a>&nbsp;&nbsp;&nbsp;&rArr;&nbsp;&nbsp;&nbsp;<a href="#[50]">__asm___11_nrf_delay_c_532987f3__nrf_delay_us</a><BR>
 <LI><a href="#[4f]">__asm___7_FLASH_c_8795f693__nrf_delay_us</a>&nbsp;&nbsp;&nbsp;&rArr;&nbsp;&nbsp;&nbsp;<a href="#[4f]">__asm___7_FLASH_c_8795f693__nrf_delay_us</a><BR>
 <LI><a href="#[1ca]">state_store_entry_run</a>&nbsp;&nbsp;&nbsp;&rArr;&nbsp;&nbsp;&nbsp;<a href="#[1cb]">store_cmd_flash_write_execute</a><BR>
 <LI><a href="#[160]">clear_operation_execute</a>&nbsp;&nbsp;&nbsp;&rArr;&nbsp;&nbsp;&nbsp;<a href="#[119]">sm_state_change</a><BR>
 <LI><a href="#[165]">store_operation_execute</a>&nbsp;&nbsp;&nbsp;&rArr;&nbsp;&nbsp;&nbsp;<a href="#[119]">sm_state_change</a><BR>
 <LI><a href="#[184]">flash_page_erase</a>&nbsp;&nbsp;&nbsp;&rArr;&nbsp;&nbsp;&nbsp;<a href="#[17f]">flash_api_err_code_process</a><BR>
</UL>
<P>
<H3>
Function Pointers
</H3><UL>
 <LI><a href="#[6]">BusFault_Handler</a> from arm_startup_nrf52.o(.text) referenced from arm_startup_nrf52.o(RESET)
 <LI><a href="#[1b]">CCM_AAR_IRQHandler</a> from arm_startup_nrf52.o(.text) referenced from arm_startup_nrf52.o(RESET)
 <LI><a href="#[1f]">COMP_LPCOMP_IRQHandler</a> from arm_startup_nrf52.o(.text) referenced from arm_startup_nrf52.o(RESET)
 <LI><a href="#[9]">DebugMon_Handler</a> from arm_startup_nrf52.o(.text) referenced from arm_startup_nrf52.o(RESET)
 <LI><a href="#[1a]">ECB_IRQHandler</a> from arm_startup_nrf52.o(.text) referenced from arm_startup_nrf52.o(RESET)
 <LI><a href="#[30]">FPU_IRQHandler</a> from arm_startup_nrf52.o(.text) referenced from arm_startup_nrf52.o(RESET)
 <LI><a href="#[12]">GPIOTE_IRQHandler</a> from nrf_drv_gpiote.o(i.GPIOTE_IRQHandler) referenced from arm_startup_nrf52.o(RESET)
 <LI><a href="#[4]">HardFault_Handler</a> from arm_startup_nrf52.o(.text) referenced from arm_startup_nrf52.o(RESET)
 <LI><a href="#[2f]">I2S_IRQHandler</a> from arm_startup_nrf52.o(.text) referenced from arm_startup_nrf52.o(RESET)
 <LI><a href="#[2a]">MWU_IRQHandler</a> from arm_startup_nrf52.o(.text) referenced from arm_startup_nrf52.o(RESET)
 <LI><a href="#[5]">MemoryManagement_Handler</a> from arm_startup_nrf52.o(.text) referenced from arm_startup_nrf52.o(RESET)
 <LI><a href="#[11]">NFCT_IRQHandler</a> from arm_startup_nrf52.o(.text) referenced from arm_startup_nrf52.o(RESET)
 <LI><a href="#[3]">NMI_Handler</a> from arm_startup_nrf52.o(.text) referenced from arm_startup_nrf52.o(RESET)
 <LI><a href="#[29]">PDM_IRQHandler</a> from arm_startup_nrf52.o(.text) referenced from arm_startup_nrf52.o(RESET)
 <LI><a href="#[c]">POWER_CLOCK_IRQHandler</a> from arm_startup_nrf52.o(.text) referenced from arm_startup_nrf52.o(RESET)
 <LI><a href="#[28]">PWM0_IRQHandler</a> from arm_startup_nrf52.o(.text) referenced from arm_startup_nrf52.o(RESET)
 <LI><a href="#[2b]">PWM1_IRQHandler</a> from arm_startup_nrf52.o(.text) referenced from arm_startup_nrf52.o(RESET)
 <LI><a href="#[2c]">PWM2_IRQHandler</a> from arm_startup_nrf52.o(.text) referenced from arm_startup_nrf52.o(RESET)
 <LI><a href="#[a]">PendSV_Handler</a> from arm_startup_nrf52.o(.text) referenced from arm_startup_nrf52.o(RESET)
 <LI><a href="#[1e]">QDEC_IRQHandler</a> from arm_startup_nrf52.o(.text) referenced from arm_startup_nrf52.o(RESET)
 <LI><a href="#[d]">RADIO_IRQHandler</a> from arm_startup_nrf52.o(.text) referenced from arm_startup_nrf52.o(RESET)
 <LI><a href="#[19]">RNG_IRQHandler</a> from arm_startup_nrf52.o(.text) referenced from arm_startup_nrf52.o(RESET)
 <LI><a href="#[17]">RTC0_IRQHandler</a> from arm_startup_nrf52.o(.text) referenced from arm_startup_nrf52.o(RESET)
 <LI><a href="#[1d]">RTC1_IRQHandler</a> from app_timer.o(i.RTC1_IRQHandler) referenced from arm_startup_nrf52.o(RESET)
 <LI><a href="#[2e]">RTC2_IRQHandler</a> from arm_startup_nrf52.o(.text) referenced from arm_startup_nrf52.o(RESET)
 <LI><a href="#[2]">Reset_Handler</a> from arm_startup_nrf52.o(.text) referenced from arm_startup_nrf52.o(RESET)
 <LI><a href="#[13]">SAADC_IRQHandler</a> from nrf_drv_saadc.o(i.SAADC_IRQHandler) referenced from arm_startup_nrf52.o(RESET)
 <LI><a href="#[f]">SPIM0_SPIS0_TWIM0_TWIS0_SPI0_TWI0_IRQHandler</a> from arm_startup_nrf52.o(.text) referenced from arm_startup_nrf52.o(RESET)
 <LI><a href="#[10]">SPIM1_SPIS1_TWIM1_TWIS1_SPI1_TWI1_IRQHandler</a> from arm_startup_nrf52.o(.text) referenced from arm_startup_nrf52.o(RESET)
 <LI><a href="#[2d]">SPIM2_SPIS2_SPI2_IRQHandler</a> from arm_startup_nrf52.o(.text) referenced from arm_startup_nrf52.o(RESET)
 <LI><a href="#[8]">SVC_Handler</a> from arm_startup_nrf52.o(.text) referenced from arm_startup_nrf52.o(RESET)
 <LI><a href="#[20]">SWI0_EGU0_IRQHandler</a> from app_timer.o(i.SWI0_EGU0_IRQHandler) referenced from arm_startup_nrf52.o(RESET)
 <LI><a href="#[21]">SWI1_EGU1_IRQHandler</a> from arm_startup_nrf52.o(.text) referenced from arm_startup_nrf52.o(RESET)
 <LI><a href="#[22]">SWI2_EGU2_IRQHandler</a> from softdevice_handler.o(i.SWI2_EGU2_IRQHandler) referenced from arm_startup_nrf52.o(RESET)
 <LI><a href="#[23]">SWI3_EGU3_IRQHandler</a> from arm_startup_nrf52.o(.text) referenced from arm_startup_nrf52.o(RESET)
 <LI><a href="#[24]">SWI4_EGU4_IRQHandler</a> from arm_startup_nrf52.o(.text) referenced from arm_startup_nrf52.o(RESET)
 <LI><a href="#[25]">SWI5_EGU5_IRQHandler</a> from arm_startup_nrf52.o(.text) referenced from arm_startup_nrf52.o(RESET)
 <LI><a href="#[b]">SysTick_Handler</a> from arm_startup_nrf52.o(.text) referenced from arm_startup_nrf52.o(RESET)
 <LI><a href="#[32]">SystemInit</a> from system_nrf52.o(i.SystemInit) referenced from arm_startup_nrf52.o(.text)
 <LI><a href="#[18]">TEMP_IRQHandler</a> from arm_startup_nrf52.o(.text) referenced from arm_startup_nrf52.o(RESET)
 <LI><a href="#[14]">TIMER0_IRQHandler</a> from arm_startup_nrf52.o(.text) referenced from arm_startup_nrf52.o(RESET)
 <LI><a href="#[15]">TIMER1_IRQHandler</a> from nrf_drv_timer.o(i.TIMER1_IRQHandler) referenced from arm_startup_nrf52.o(RESET)
 <LI><a href="#[16]">TIMER2_IRQHandler</a> from nrf_drv_timer.o(i.TIMER2_IRQHandler) referenced from arm_startup_nrf52.o(RESET)
 <LI><a href="#[26]">TIMER3_IRQHandler</a> from arm_startup_nrf52.o(.text) referenced from arm_startup_nrf52.o(RESET)
 <LI><a href="#[27]">TIMER4_IRQHandler</a> from arm_startup_nrf52.o(.text) referenced from arm_startup_nrf52.o(RESET)
 <LI><a href="#[3a]">Timer1_event_handler</a> from app_it.o(i.Timer1_event_handler) referenced from main.o(i.app_timer1_init)
 <LI><a href="#[34]">Timer2_event_handler</a> from app_it.o(i.Timer2_event_handler) referenced from app_gpio_in_out.o(i.ADC_GPIO_CONFIG)
 <LI><a href="#[e]">UARTE0_UART0_IRQHandler</a> from nrf_drv_uart.o(i.UARTE0_UART0_IRQHandler) referenced from arm_startup_nrf52.o(RESET)
 <LI><a href="#[7]">UsageFault_Handler</a> from arm_startup_nrf52.o(.text) referenced from arm_startup_nrf52.o(RESET)
 <LI><a href="#[1c]">WDT_IRQHandler</a> from nrf_drv_wdt.o(i.WDT_IRQHandler) referenced from arm_startup_nrf52.o(RESET)
 <LI><a href="#[33]">__main</a> from entry.o(.ARM.Collect$$$$00000000) referenced from arm_startup_nrf52.o(.text)
 <LI><a href="#[41]">app_receivedata_handler</a> from ble_nrf.o(i.app_receivedata_handler) referenced from ble_nrf.o(i.services_init)
 <LI><a href="#[3c]">ble_evt_dispatch</a> from ble_nrf.o(i.ble_evt_dispatch) referenced from ble_nrf.o(i.ble_stack_init)
 <LI><a href="#[3f]">conn_params_error_handler</a> from ble_nrf.o(i.conn_params_error_handler) referenced from ble_nrf.o(i.conn_params_init)
 <LI><a href="#[4a]">data_page_erase_state_run</a> from pstorage.o(i.data_page_erase_state_run) referenced from pstorage.o(.constdata)
 <LI><a href="#[49]">data_to_swap_write_state_run</a> from pstorage.o(i.data_to_swap_write_state_run) referenced from pstorage.o(.constdata)
 <LI><a href="#[40]">flash_pstorage_cb_handler</a> from ble_nrf.o(i.flash_pstorage_cb_handler) referenced from ble_nrf.o(i.register_flash)
 <LI><a href="#[38]">fputc</a> from retarget.o(i.fputc) referenced from printf3.o(i.__0printf$3)
 <LI><a href="#[4c]">head_restore_state_run</a> from pstorage.o(i.head_restore_state_run) referenced from pstorage.o(.constdata)
 <LI><a href="#[31]">main</a> from main.o(i.main) referenced from entry9a.o(.ARM.Collect$$$$0000000B)
 <LI><a href="#[39]">on_adv_evt</a> from ble_nrf.o(i.on_adv_evt) referenced from ble_nrf.o(i.advertising_init)
 <LI><a href="#[39]">on_adv_evt</a> from ble_nrf.o(i.on_adv_evt) referenced from ble_nrf.o(i.advertising_status_data)
 <LI><a href="#[3e]">on_conn_params_evt</a> from ble_nrf.o(i.on_conn_params_evt) referenced from ble_nrf.o(i.conn_params_init)
 <LI><a href="#[35]">saadc_callback</a> from app_gpio_in_out.o(i.saadc_callback) referenced from app_gpio_in_out.o(i.ADC_GPIO_CONFIG)
 <LI><a href="#[36]">simuart_event_handle</a> from app_it.o(i.simuart_event_handle) referenced from app_gpio_in_out.o(i.UART_CONFIG)
 <LI><a href="#[42]">softdevice_fault_handler</a> from softdevice_handler.o(i.softdevice_fault_handler) referenced from softdevice_handler.o(i.softdevice_handler_init)
 <LI><a href="#[45]">state_erase_data_page_entry_run</a> from pstorage.o(i.state_erase_data_page_entry_run) referenced from pstorage.o(.constdata)
 <LI><a href="#[47]">state_restore_head_entry_run</a> from pstorage.o(i.state_restore_head_entry_run) referenced from pstorage.o(.constdata)
 <LI><a href="#[46]">state_restore_tail_entry_run</a> from pstorage.o(i.state_restore_tail_entry_run) referenced from pstorage.o(.constdata)
 <LI><a href="#[43]">state_swap_erase_entry_run</a> from pstorage.o(i.state_swap_erase_entry_run) referenced from pstorage.o(.constdata)
 <LI><a href="#[44]">state_write_data_swap_entry_run</a> from pstorage.o(i.state_write_data_swap_entry_run) referenced from pstorage.o(.constdata)
 <LI><a href="#[48]">swap_erase_state_run</a> from pstorage.o(i.swap_erase_state_run) referenced from pstorage.o(.constdata)
 <LI><a href="#[3d]">sys_evt_dispatch</a> from ble_nrf.o(i.sys_evt_dispatch) referenced from ble_nrf.o(i.ble_stack_init)
 <LI><a href="#[4b]">tail_restore_state_run</a> from pstorage.o(i.tail_restore_state_run) referenced from pstorage.o(.constdata)
 <LI><a href="#[3b]">uart_event_handler</a> from app_uart_fifo.o(i.uart_event_handler) referenced from app_uart_fifo.o(i.app_uart_init)
 <LI><a href="#[37]">wdt_event_handler</a> from main.o(i.wdt_event_handler) referenced from main.o(i.WDT_Config)
</UL>
<P>
<H3>
Global Symbols
</H3>
<P><STRONG><a name="[33]"></a>__main</STRONG> (Thumb, 0 bytes, Stack size unknown bytes, entry.o(.ARM.Collect$$$$00000000))
<BR>[Address Reference Count : 1]<UL><LI> arm_startup_nrf52.o(.text)
</UL>
<P><STRONG><a name="[1dc]"></a>_main_stk</STRONG> (Thumb, 0 bytes, Stack size unknown bytes, entry2.o(.ARM.Collect$$$$00000001))

<P><STRONG><a name="[4d]"></a>_main_scatterload</STRONG> (Thumb, 0 bytes, Stack size unknown bytes, entry5.o(.ARM.Collect$$$$00000004))
<BR><BR>[Calls]<UL><LI><a href="#[4e]">&gt;&gt;</a>&nbsp;&nbsp;&nbsp;__scatterload
</UL>

<P><STRONG><a name="[5f]"></a>__main_after_scatterload</STRONG> (Thumb, 0 bytes, Stack size unknown bytes, entry5.o(.ARM.Collect$$$$00000004))
<BR><BR>[Called By]<UL><LI><a href="#[4e]">&gt;&gt;</a>&nbsp;&nbsp;&nbsp;__scatterload
</UL>

<P><STRONG><a name="[1dd]"></a>_main_clock</STRONG> (Thumb, 0 bytes, Stack size unknown bytes, entry7b.o(.ARM.Collect$$$$00000008))

<P><STRONG><a name="[1de]"></a>_main_cpp_init</STRONG> (Thumb, 0 bytes, Stack size unknown bytes, entry8b.o(.ARM.Collect$$$$0000000A))

<P><STRONG><a name="[1df]"></a>_main_init</STRONG> (Thumb, 0 bytes, Stack size unknown bytes, entry9a.o(.ARM.Collect$$$$0000000B))

<P><STRONG><a name="[1e0]"></a>__rt_final_cpp</STRONG> (Thumb, 0 bytes, Stack size unknown bytes, entry10a.o(.ARM.Collect$$$$0000000D))

<P><STRONG><a name="[1e1]"></a>__rt_final_exit</STRONG> (Thumb, 0 bytes, Stack size unknown bytes, entry11a.o(.ARM.Collect$$$$0000000F))

<P><STRONG><a name="[4f]"></a>__asm___7_FLASH_c_8795f693__nrf_delay_us</STRONG> (Thumb, 118 bytes, Stack size 0 bytes, flash.o(.emb_text))
<BR><BR>[Calls]<UL><LI><a href="#[4f]">&gt;&gt;</a>&nbsp;&nbsp;&nbsp;__asm___7_FLASH_c_8795f693__nrf_delay_us
</UL>
<BR>[Called By]<UL><LI><a href="#[a2]">&gt;&gt;</a>&nbsp;&nbsp;&nbsp;SPI_I2S_SendData
<LI><a href="#[9d]">&gt;&gt;</a>&nbsp;&nbsp;&nbsp;SPI_I2S_ReceiveData
<LI><a href="#[4f]">&gt;&gt;</a>&nbsp;&nbsp;&nbsp;__asm___7_FLASH_c_8795f693__nrf_delay_us
</UL>

<P><STRONG><a name="[50]"></a>__asm___11_nrf_delay_c_532987f3__nrf_delay_us</STRONG> (Thumb, 118 bytes, Stack size 0 bytes, nrf_delay.o(.emb_text))
<BR><BR>[Calls]<UL><LI><a href="#[50]">&gt;&gt;</a>&nbsp;&nbsp;&nbsp;__asm___11_nrf_delay_c_532987f3__nrf_delay_us
</UL>
<BR>[Called By]<UL><LI><a href="#[193]">&gt;&gt;</a>&nbsp;&nbsp;&nbsp;nrf_delay_ms
<LI><a href="#[50]">&gt;&gt;</a>&nbsp;&nbsp;&nbsp;__asm___11_nrf_delay_c_532987f3__nrf_delay_us
</UL>

<P><STRONG><a name="[51]"></a>__asm___11_app_timer_c_cd27f9c3__nrf_delay_us</STRONG> (Thumb, 118 bytes, Stack size 0 bytes, app_timer.o(.emb_text))
<BR><BR>[Calls]<UL><LI><a href="#[51]">&gt;&gt;</a>&nbsp;&nbsp;&nbsp;__asm___11_app_timer_c_cd27f9c3__nrf_delay_us
</UL>
<BR>[Called By]<UL><LI><a href="#[51]">&gt;&gt;</a>&nbsp;&nbsp;&nbsp;__asm___11_app_timer_c_cd27f9c3__nrf_delay_us
<LI><a href="#[172]">&gt;&gt;</a>&nbsp;&nbsp;&nbsp;rtc1_stop
<LI><a href="#[16f]">&gt;&gt;</a>&nbsp;&nbsp;&nbsp;rtc1_start
<LI><a href="#[16c]">&gt;&gt;</a>&nbsp;&nbsp;&nbsp;compare_reg_update
</UL>

<P><STRONG><a name="[2]"></a>Reset_Handler</STRONG> (Thumb, 8 bytes, Stack size 0 bytes, arm_startup_nrf52.o(.text))
<BR>[Address Reference Count : 1]<UL><LI> arm_startup_nrf52.o(RESET)
</UL>
<P><STRONG><a name="[3]"></a>NMI_Handler</STRONG> (Thumb, 2 bytes, Stack size 0 bytes, arm_startup_nrf52.o(.text))
<BR><BR>[Calls]<UL><LI><a href="#[3]">&gt;&gt;</a>&nbsp;&nbsp;&nbsp;NMI_Handler
</UL>
<BR>[Called By]<UL><LI><a href="#[3]">&gt;&gt;</a>&nbsp;&nbsp;&nbsp;NMI_Handler
</UL>
<BR>[Address Reference Count : 1]<UL><LI> arm_startup_nrf52.o(RESET)
</UL>
<P><STRONG><a name="[4]"></a>HardFault_Handler</STRONG> (Thumb, 2 bytes, Stack size 0 bytes, arm_startup_nrf52.o(.text))
<BR><BR>[Calls]<UL><LI><a href="#[4]">&gt;&gt;</a>&nbsp;&nbsp;&nbsp;HardFault_Handler
</UL>
<BR>[Called By]<UL><LI><a href="#[4]">&gt;&gt;</a>&nbsp;&nbsp;&nbsp;HardFault_Handler
</UL>
<BR>[Address Reference Count : 1]<UL><LI> arm_startup_nrf52.o(RESET)
</UL>
<P><STRONG><a name="[5]"></a>MemoryManagement_Handler</STRONG> (Thumb, 2 bytes, Stack size 0 bytes, arm_startup_nrf52.o(.text))
<BR><BR>[Calls]<UL><LI><a href="#[5]">&gt;&gt;</a>&nbsp;&nbsp;&nbsp;MemoryManagement_Handler
</UL>
<BR>[Called By]<UL><LI><a href="#[5]">&gt;&gt;</a>&nbsp;&nbsp;&nbsp;MemoryManagement_Handler
</UL>
<BR>[Address Reference Count : 1]<UL><LI> arm_startup_nrf52.o(RESET)
</UL>
<P><STRONG><a name="[6]"></a>BusFault_Handler</STRONG> (Thumb, 2 bytes, Stack size 0 bytes, arm_startup_nrf52.o(.text))
<BR><BR>[Calls]<UL><LI><a href="#[6]">&gt;&gt;</a>&nbsp;&nbsp;&nbsp;BusFault_Handler
</UL>
<BR>[Called By]<UL><LI><a href="#[6]">&gt;&gt;</a>&nbsp;&nbsp;&nbsp;BusFault_Handler
</UL>
<BR>[Address Reference Count : 1]<UL><LI> arm_startup_nrf52.o(RESET)
</UL>
<P><STRONG><a name="[7]"></a>UsageFault_Handler</STRONG> (Thumb, 2 bytes, Stack size 0 bytes, arm_startup_nrf52.o(.text))
<BR><BR>[Calls]<UL><LI><a href="#[7]">&gt;&gt;</a>&nbsp;&nbsp;&nbsp;UsageFault_Handler
</UL>
<BR>[Called By]<UL><LI><a href="#[7]">&gt;&gt;</a>&nbsp;&nbsp;&nbsp;UsageFault_Handler
</UL>
<BR>[Address Reference Count : 1]<UL><LI> arm_startup_nrf52.o(RESET)
</UL>
<P><STRONG><a name="[8]"></a>SVC_Handler</STRONG> (Thumb, 2 bytes, Stack size 0 bytes, arm_startup_nrf52.o(.text))
<BR><BR>[Calls]<UL><LI><a href="#[8]">&gt;&gt;</a>&nbsp;&nbsp;&nbsp;SVC_Handler
</UL>
<BR>[Called By]<UL><LI><a href="#[8]">&gt;&gt;</a>&nbsp;&nbsp;&nbsp;SVC_Handler
</UL>
<BR>[Address Reference Count : 1]<UL><LI> arm_startup_nrf52.o(RESET)
</UL>
<P><STRONG><a name="[9]"></a>DebugMon_Handler</STRONG> (Thumb, 2 bytes, Stack size 0 bytes, arm_startup_nrf52.o(.text))
<BR><BR>[Calls]<UL><LI><a href="#[9]">&gt;&gt;</a>&nbsp;&nbsp;&nbsp;DebugMon_Handler
</UL>
<BR>[Called By]<UL><LI><a href="#[9]">&gt;&gt;</a>&nbsp;&nbsp;&nbsp;DebugMon_Handler
</UL>
<BR>[Address Reference Count : 1]<UL><LI> arm_startup_nrf52.o(RESET)
</UL>
<P><STRONG><a name="[a]"></a>PendSV_Handler</STRONG> (Thumb, 2 bytes, Stack size 0 bytes, arm_startup_nrf52.o(.text))
<BR><BR>[Calls]<UL><LI><a href="#[a]">&gt;&gt;</a>&nbsp;&nbsp;&nbsp;PendSV_Handler
</UL>
<BR>[Called By]<UL><LI><a href="#[a]">&gt;&gt;</a>&nbsp;&nbsp;&nbsp;PendSV_Handler
</UL>
<BR>[Address Reference Count : 1]<UL><LI> arm_startup_nrf52.o(RESET)
</UL>
<P><STRONG><a name="[b]"></a>SysTick_Handler</STRONG> (Thumb, 2 bytes, Stack size 0 bytes, arm_startup_nrf52.o(.text))
<BR><BR>[Calls]<UL><LI><a href="#[b]">&gt;&gt;</a>&nbsp;&nbsp;&nbsp;SysTick_Handler
</UL>
<BR>[Called By]<UL><LI><a href="#[b]">&gt;&gt;</a>&nbsp;&nbsp;&nbsp;SysTick_Handler
</UL>
<BR>[Address Reference Count : 1]<UL><LI> arm_startup_nrf52.o(RESET)
</UL>
<P><STRONG><a name="[1b]"></a>CCM_AAR_IRQHandler</STRONG> (Thumb, 0 bytes, Stack size 0 bytes, arm_startup_nrf52.o(.text))
<BR><BR>[Calls]<UL><LI><a href="#[1b]">&gt;&gt;</a>&nbsp;&nbsp;&nbsp;CCM_AAR_IRQHandler
</UL>
<BR>[Called By]<UL><LI><a href="#[1b]">&gt;&gt;</a>&nbsp;&nbsp;&nbsp;CCM_AAR_IRQHandler
</UL>
<BR>[Address Reference Count : 1]<UL><LI> arm_startup_nrf52.o(RESET)
</UL>
<P><STRONG><a name="[1f]"></a>COMP_LPCOMP_IRQHandler</STRONG> (Thumb, 0 bytes, Stack size 0 bytes, arm_startup_nrf52.o(.text))
<BR>[Address Reference Count : 1]<UL><LI> arm_startup_nrf52.o(RESET)
</UL>
<P><STRONG><a name="[1a]"></a>ECB_IRQHandler</STRONG> (Thumb, 0 bytes, Stack size 0 bytes, arm_startup_nrf52.o(.text))
<BR>[Address Reference Count : 1]<UL><LI> arm_startup_nrf52.o(RESET)
</UL>
<P><STRONG><a name="[30]"></a>FPU_IRQHandler</STRONG> (Thumb, 0 bytes, Stack size 0 bytes, arm_startup_nrf52.o(.text))
<BR>[Address Reference Count : 1]<UL><LI> arm_startup_nrf52.o(RESET)
</UL>
<P><STRONG><a name="[2f]"></a>I2S_IRQHandler</STRONG> (Thumb, 0 bytes, Stack size 0 bytes, arm_startup_nrf52.o(.text))
<BR>[Address Reference Count : 1]<UL><LI> arm_startup_nrf52.o(RESET)
</UL>
<P><STRONG><a name="[2a]"></a>MWU_IRQHandler</STRONG> (Thumb, 0 bytes, Stack size 0 bytes, arm_startup_nrf52.o(.text))
<BR>[Address Reference Count : 1]<UL><LI> arm_startup_nrf52.o(RESET)
</UL>
<P><STRONG><a name="[11]"></a>NFCT_IRQHandler</STRONG> (Thumb, 0 bytes, Stack size 0 bytes, arm_startup_nrf52.o(.text))
<BR>[Address Reference Count : 1]<UL><LI> arm_startup_nrf52.o(RESET)
</UL>
<P><STRONG><a name="[29]"></a>PDM_IRQHandler</STRONG> (Thumb, 0 bytes, Stack size 0 bytes, arm_startup_nrf52.o(.text))
<BR>[Address Reference Count : 1]<UL><LI> arm_startup_nrf52.o(RESET)
</UL>
<P><STRONG><a name="[c]"></a>POWER_CLOCK_IRQHandler</STRONG> (Thumb, 0 bytes, Stack size 0 bytes, arm_startup_nrf52.o(.text))
<BR>[Address Reference Count : 1]<UL><LI> arm_startup_nrf52.o(RESET)
</UL>
<P><STRONG><a name="[28]"></a>PWM0_IRQHandler</STRONG> (Thumb, 0 bytes, Stack size 0 bytes, arm_startup_nrf52.o(.text))
<BR>[Address Reference Count : 1]<UL><LI> arm_startup_nrf52.o(RESET)
</UL>
<P><STRONG><a name="[2b]"></a>PWM1_IRQHandler</STRONG> (Thumb, 0 bytes, Stack size 0 bytes, arm_startup_nrf52.o(.text))
<BR>[Address Reference Count : 1]<UL><LI> arm_startup_nrf52.o(RESET)
</UL>
<P><STRONG><a name="[2c]"></a>PWM2_IRQHandler</STRONG> (Thumb, 0 bytes, Stack size 0 bytes, arm_startup_nrf52.o(.text))
<BR>[Address Reference Count : 1]<UL><LI> arm_startup_nrf52.o(RESET)
</UL>
<P><STRONG><a name="[1e]"></a>QDEC_IRQHandler</STRONG> (Thumb, 0 bytes, Stack size 0 bytes, arm_startup_nrf52.o(.text))
<BR>[Address Reference Count : 1]<UL><LI> arm_startup_nrf52.o(RESET)
</UL>
<P><STRONG><a name="[d]"></a>RADIO_IRQHandler</STRONG> (Thumb, 0 bytes, Stack size 0 bytes, arm_startup_nrf52.o(.text))
<BR>[Address Reference Count : 1]<UL><LI> arm_startup_nrf52.o(RESET)
</UL>
<P><STRONG><a name="[19]"></a>RNG_IRQHandler</STRONG> (Thumb, 0 bytes, Stack size 0 bytes, arm_startup_nrf52.o(.text))
<BR>[Address Reference Count : 1]<UL><LI> arm_startup_nrf52.o(RESET)
</UL>
<P><STRONG><a name="[17]"></a>RTC0_IRQHandler</STRONG> (Thumb, 0 bytes, Stack size 0 bytes, arm_startup_nrf52.o(.text))
<BR>[Address Reference Count : 1]<UL><LI> arm_startup_nrf52.o(RESET)
</UL>
<P><STRONG><a name="[2e]"></a>RTC2_IRQHandler</STRONG> (Thumb, 0 bytes, Stack size 0 bytes, arm_startup_nrf52.o(.text))
<BR>[Address Reference Count : 1]<UL><LI> arm_startup_nrf52.o(RESET)
</UL>
<P><STRONG><a name="[f]"></a>SPIM0_SPIS0_TWIM0_TWIS0_SPI0_TWI0_IRQHandler</STRONG> (Thumb, 0 bytes, Stack size 0 bytes, arm_startup_nrf52.o(.text))
<BR>[Address Reference Count : 1]<UL><LI> arm_startup_nrf52.o(RESET)
</UL>
<P><STRONG><a name="[10]"></a>SPIM1_SPIS1_TWIM1_TWIS1_SPI1_TWI1_IRQHandler</STRONG> (Thumb, 0 bytes, Stack size 0 bytes, arm_startup_nrf52.o(.text))
<BR>[Address Reference Count : 1]<UL><LI> arm_startup_nrf52.o(RESET)
</UL>
<P><STRONG><a name="[2d]"></a>SPIM2_SPIS2_SPI2_IRQHandler</STRONG> (Thumb, 0 bytes, Stack size 0 bytes, arm_startup_nrf52.o(.text))
<BR>[Address Reference Count : 1]<UL><LI> arm_startup_nrf52.o(RESET)
</UL>
<P><STRONG><a name="[21]"></a>SWI1_EGU1_IRQHandler</STRONG> (Thumb, 0 bytes, Stack size 0 bytes, arm_startup_nrf52.o(.text))
<BR>[Address Reference Count : 1]<UL><LI> arm_startup_nrf52.o(RESET)
</UL>
<P><STRONG><a name="[23]"></a>SWI3_EGU3_IRQHandler</STRONG> (Thumb, 0 bytes, Stack size 0 bytes, arm_startup_nrf52.o(.text))
<BR>[Address Reference Count : 1]<UL><LI> arm_startup_nrf52.o(RESET)
</UL>
<P><STRONG><a name="[24]"></a>SWI4_EGU4_IRQHandler</STRONG> (Thumb, 0 bytes, Stack size 0 bytes, arm_startup_nrf52.o(.text))
<BR>[Address Reference Count : 1]<UL><LI> arm_startup_nrf52.o(RESET)
</UL>
<P><STRONG><a name="[25]"></a>SWI5_EGU5_IRQHandler</STRONG> (Thumb, 0 bytes, Stack size 0 bytes, arm_startup_nrf52.o(.text))
<BR>[Address Reference Count : 1]<UL><LI> arm_startup_nrf52.o(RESET)
</UL>
<P><STRONG><a name="[18]"></a>TEMP_IRQHandler</STRONG> (Thumb, 0 bytes, Stack size 0 bytes, arm_startup_nrf52.o(.text))
<BR>[Address Reference Count : 1]<UL><LI> arm_startup_nrf52.o(RESET)
</UL>
<P><STRONG><a name="[14]"></a>TIMER0_IRQHandler</STRONG> (Thumb, 0 bytes, Stack size 0 bytes, arm_startup_nrf52.o(.text))
<BR>[Address Reference Count : 1]<UL><LI> arm_startup_nrf52.o(RESET)
</UL>
<P><STRONG><a name="[26]"></a>TIMER3_IRQHandler</STRONG> (Thumb, 0 bytes, Stack size 0 bytes, arm_startup_nrf52.o(.text))
<BR>[Address Reference Count : 1]<UL><LI> arm_startup_nrf52.o(RESET)
</UL>
<P><STRONG><a name="[27]"></a>TIMER4_IRQHandler</STRONG> (Thumb, 0 bytes, Stack size 0 bytes, arm_startup_nrf52.o(.text))
<BR>[Address Reference Count : 1]<UL><LI> arm_startup_nrf52.o(RESET)
</UL>
<P><STRONG><a name="[1e2]"></a>___aeabi_memcpy8$move</STRONG> (Thumb, 0 bytes, Stack size 8 bytes, memmovea.o(.text), UNUSED)

<P><STRONG><a name="[82]"></a>__aeabi_memcpy</STRONG> (Thumb, 64 bytes, Stack size 8 bytes, memmovea.o(.text))
<BR><BR>[Stack]<UL><LI>Max Depth = 8<LI>Call Chain = __aeabi_memcpy
</UL>
<BR>[Called By]<UL><LI><a href="#[6d]">&gt;&gt;</a>&nbsp;&nbsp;&nbsp;Write_RingBuff
<LI><a href="#[7b]">&gt;&gt;</a>&nbsp;&nbsp;&nbsp;Read_RingBuff
<LI><a href="#[81]">&gt;&gt;</a>&nbsp;&nbsp;&nbsp;ClearSIMUSARTBUF
<LI><a href="#[10b]">&gt;&gt;</a>&nbsp;&nbsp;&nbsp;service_data_encode
<LI><a href="#[10a]">&gt;&gt;</a>&nbsp;&nbsp;&nbsp;manuf_specific_data_encode
</UL>

<P><STRONG><a name="[dd]"></a>__aeabi_memcpy4</STRONG> (Thumb, 0 bytes, Stack size 8 bytes, memmovea.o(.text))
<BR><BR>[Stack]<UL><LI>Max Depth = 8<LI>Call Chain = __aeabi_memcpy4
</UL>
<BR>[Called By]<UL><LI><a href="#[a7]">&gt;&gt;</a>&nbsp;&nbsp;&nbsp;getMedValue_test
<LI><a href="#[144]">&gt;&gt;</a>&nbsp;&nbsp;&nbsp;ble_conn_params_init
<LI><a href="#[10f]">&gt;&gt;</a>&nbsp;&nbsp;&nbsp;ble_advertising_init
<LI><a href="#[be]">&gt;&gt;</a>&nbsp;&nbsp;&nbsp;app_uart_init
<LI><a href="#[fb]">&gt;&gt;</a>&nbsp;&nbsp;&nbsp;getMedValue
<LI><a href="#[de]">&gt;&gt;</a>&nbsp;&nbsp;&nbsp;getMidValue2(float*, float)
<LI><a href="#[dc]">&gt;&gt;</a>&nbsp;&nbsp;&nbsp;getMidValue1(float*, float)
</UL>

<P><STRONG><a name="[18e]"></a>__aeabi_memmove</STRONG> (Thumb, 0 bytes, Stack size 8 bytes, memmovea.o(.text))
<BR><BR>[Stack]<UL><LI>Max Depth = 8<LI>Call Chain = __aeabi_memmove
</UL>
<BR>[Called By]<UL><LI><a href="#[d8]">&gt;&gt;</a>&nbsp;&nbsp;&nbsp;leftShiftUnsigedShort1DArray
<LI><a href="#[d6]">&gt;&gt;</a>&nbsp;&nbsp;&nbsp;leftShiftShort2DArray
<LI><a href="#[c9]">&gt;&gt;</a>&nbsp;&nbsp;&nbsp;leftShiftShort1DArray
</UL>

<P><STRONG><a name="[18d]"></a>__aeabi_memmove4</STRONG> (Thumb, 0 bytes, Stack size 8 bytes, memmovea.o(.text))
<BR><BR>[Stack]<UL><LI>Max Depth = 8<LI>Call Chain = __aeabi_memmove4
</UL>
<BR>[Called By]<UL><LI><a href="#[f9]">&gt;&gt;</a>&nbsp;&nbsp;&nbsp;leftShiftInt2DArray
<LI><a href="#[8c]">&gt;&gt;</a>&nbsp;&nbsp;&nbsp;leftShiftInt1DArray
<LI><a href="#[db]">&gt;&gt;</a>&nbsp;&nbsp;&nbsp;leftShift2DArray
<LI><a href="#[8b]">&gt;&gt;</a>&nbsp;&nbsp;&nbsp;leftShift1DArray
</UL>

<P><STRONG><a name="[1e3]"></a>__aeabi_memmove8</STRONG> (Thumb, 0 bytes, Stack size 8 bytes, memmovea.o(.text), UNUSED)

<P><STRONG><a name="[53]"></a>__aeabi_memset</STRONG> (Thumb, 14 bytes, Stack size 0 bytes, memseta.o(.text))
<BR><BR>[Called By]<UL><LI><a href="#[54]">&gt;&gt;</a>&nbsp;&nbsp;&nbsp;_memset$wrapper
<LI><a href="#[52]">&gt;&gt;</a>&nbsp;&nbsp;&nbsp;__aeabi_memclr
</UL>

<P><STRONG><a name="[1e4]"></a>__aeabi_memset4</STRONG> (Thumb, 0 bytes, Stack size 0 bytes, memseta.o(.text), UNUSED)

<P><STRONG><a name="[1e5]"></a>__aeabi_memset8</STRONG> (Thumb, 0 bytes, Stack size 0 bytes, memseta.o(.text), UNUSED)

<P><STRONG><a name="[52]"></a>__aeabi_memclr</STRONG> (Thumb, 4 bytes, Stack size 0 bytes, memseta.o(.text))
<BR><BR>[Calls]<UL><LI><a href="#[53]">&gt;&gt;</a>&nbsp;&nbsp;&nbsp;__aeabi_memset
</UL>
<BR>[Called By]<UL><LI><a href="#[80]">&gt;&gt;</a>&nbsp;&nbsp;&nbsp;RingBuff_Init
<LI><a href="#[96]">&gt;&gt;</a>&nbsp;&nbsp;&nbsp;ReadBTNameFromFlash
</UL>

<P><STRONG><a name="[6c]"></a>__aeabi_memclr4</STRONG> (Thumb, 0 bytes, Stack size 0 bytes, memseta.o(.text))
<BR><BR>[Called By]<UL><LI><a href="#[6b]">&gt;&gt;</a>&nbsp;&nbsp;&nbsp;ADCdata_deal
<LI><a href="#[a7]">&gt;&gt;</a>&nbsp;&nbsp;&nbsp;getMedValue_test
<LI><a href="#[15a]">&gt;&gt;</a>&nbsp;&nbsp;&nbsp;softdevice_enable_get_default_config
<LI><a href="#[70]">&gt;&gt;</a>&nbsp;&nbsp;&nbsp;ble_advertising_start
<LI><a href="#[110]">&gt;&gt;</a>&nbsp;&nbsp;&nbsp;ble_advertising_specific_data
<LI><a href="#[10f]">&gt;&gt;</a>&nbsp;&nbsp;&nbsp;ble_advertising_init
<LI><a href="#[6f]">&gt;&gt;</a>&nbsp;&nbsp;&nbsp;advertising_status_data
<LI><a href="#[75]">&gt;&gt;</a>&nbsp;&nbsp;&nbsp;services_init
<LI><a href="#[77]">&gt;&gt;</a>&nbsp;&nbsp;&nbsp;conn_params_init
<LI><a href="#[76]">&gt;&gt;</a>&nbsp;&nbsp;&nbsp;advertising_init
<LI><a href="#[153]">&gt;&gt;</a>&nbsp;&nbsp;&nbsp;tx_char_add
<LI><a href="#[152]">&gt;&gt;</a>&nbsp;&nbsp;&nbsp;rx_char_add
<LI><a href="#[14b]">&gt;&gt;</a>&nbsp;&nbsp;&nbsp;char_add
<LI><a href="#[fb]">&gt;&gt;</a>&nbsp;&nbsp;&nbsp;getMedValue
<LI><a href="#[ea]">&gt;&gt;</a>&nbsp;&nbsp;&nbsp;threePeakJudge(int, const float*)
<LI><a href="#[de]">&gt;&gt;</a>&nbsp;&nbsp;&nbsp;getMidValue2(float*, float)
<LI><a href="#[dc]">&gt;&gt;</a>&nbsp;&nbsp;&nbsp;getMidValue1(float*, float)
</UL>

<P><STRONG><a name="[1e6]"></a>__aeabi_memclr8</STRONG> (Thumb, 0 bytes, Stack size 0 bytes, memseta.o(.text), UNUSED)

<P><STRONG><a name="[54]"></a>_memset$wrapper</STRONG> (Thumb, 18 bytes, Stack size 8 bytes, memseta.o(.text), UNUSED)
<BR><BR>[Calls]<UL><LI><a href="#[53]">&gt;&gt;</a>&nbsp;&nbsp;&nbsp;__aeabi_memset
</UL>

<P><STRONG><a name="[c0]"></a>strstr</STRONG> (Thumb, 36 bytes, Stack size 12 bytes, strstr.o(.text))
<BR><BR>[Stack]<UL><LI>Max Depth = 12<LI>Call Chain = strstr
</UL>
<BR>[Called By]<UL><LI><a href="#[bf]">&gt;&gt;</a>&nbsp;&nbsp;&nbsp;UART_Receive_Analys
</UL>

<P><STRONG><a name="[158]"></a>strlen</STRONG> (Thumb, 14 bytes, Stack size 0 bytes, strlen.o(.text))
<BR><BR>[Called By]<UL><LI><a href="#[157]">&gt;&gt;</a>&nbsp;&nbsp;&nbsp;ble_srv_ascii_to_utf8
</UL>

<P><STRONG><a name="[55]"></a>__aeabi_dmul</STRONG> (Thumb, 228 bytes, Stack size 48 bytes, dmul.o(.text))
<BR><BR>[Stack]<UL><LI>Max Depth = 88<LI>Call Chain = __aeabi_dmul &rArr; _double_epilogue &rArr; _double_round
</UL>
<BR>[Calls]<UL><LI><a href="#[56]">&gt;&gt;</a>&nbsp;&nbsp;&nbsp;_double_epilogue
</UL>
<BR>[Called By]<UL><LI><a href="#[df]">&gt;&gt;</a>&nbsp;&nbsp;&nbsp;featureDeduce()
<LI><a href="#[cd]">&gt;&gt;</a>&nbsp;&nbsp;&nbsp;steadHeart()
<LI><a href="#[8f]">&gt;&gt;</a>&nbsp;&nbsp;&nbsp;algAhi(int*, float*, int)
<LI><a href="#[8d]">&gt;&gt;</a>&nbsp;&nbsp;&nbsp;filterSmallPeak2(int*, float*, int)
<LI><a href="#[8a]">&gt;&gt;</a>&nbsp;&nbsp;&nbsp;filterSmallPeak1(int*, float*, int)
</UL>

<P><STRONG><a name="[57]"></a>__aeabi_ddiv</STRONG> (Thumb, 222 bytes, Stack size 32 bytes, ddiv.o(.text))
<BR><BR>[Stack]<UL><LI>Max Depth = 40<LI>Call Chain = __aeabi_ddiv &rArr; _double_round
</UL>
<BR>[Calls]<UL><LI><a href="#[58]">&gt;&gt;</a>&nbsp;&nbsp;&nbsp;_double_round
</UL>
<BR>[Called By]<UL><LI><a href="#[7e]">&gt;&gt;</a>&nbsp;&nbsp;&nbsp;Check_ExtSensor_PeopleOnBed
<LI><a href="#[78]">&gt;&gt;</a>&nbsp;&nbsp;&nbsp;BatteryDataCalculate
</UL>

<P><STRONG><a name="[59]"></a>__aeabi_i2d</STRONG> (Thumb, 34 bytes, Stack size 16 bytes, dflti.o(.text))
<BR><BR>[Stack]<UL><LI>Max Depth = 56<LI>Call Chain = __aeabi_i2d &rArr; _double_epilogue &rArr; _double_round
</UL>
<BR>[Calls]<UL><LI><a href="#[56]">&gt;&gt;</a>&nbsp;&nbsp;&nbsp;_double_epilogue
</UL>
<BR>[Called By]<UL><LI><a href="#[7e]">&gt;&gt;</a>&nbsp;&nbsp;&nbsp;Check_ExtSensor_PeopleOnBed
<LI><a href="#[78]">&gt;&gt;</a>&nbsp;&nbsp;&nbsp;BatteryDataCalculate
<LI><a href="#[df]">&gt;&gt;</a>&nbsp;&nbsp;&nbsp;featureDeduce()
</UL>

<P><STRONG><a name="[5a]"></a>__aeabi_ui2d</STRONG> (Thumb, 26 bytes, Stack size 16 bytes, dfltui.o(.text))
<BR><BR>[Stack]<UL><LI>Max Depth = 56<LI>Call Chain = __aeabi_ui2d &rArr; _double_epilogue &rArr; _double_round
</UL>
<BR>[Calls]<UL><LI><a href="#[56]">&gt;&gt;</a>&nbsp;&nbsp;&nbsp;_double_epilogue
</UL>
<BR>[Called By]<UL><LI><a href="#[df]">&gt;&gt;</a>&nbsp;&nbsp;&nbsp;featureDeduce()
</UL>

<P><STRONG><a name="[d1]"></a>__aeabi_f2d</STRONG> (Thumb, 38 bytes, Stack size 0 bytes, f2d.o(.text))
<BR><BR>[Called By]<UL><LI><a href="#[cd]">&gt;&gt;</a>&nbsp;&nbsp;&nbsp;steadHeart()
<LI><a href="#[8f]">&gt;&gt;</a>&nbsp;&nbsp;&nbsp;algAhi(int*, float*, int)
<LI><a href="#[8d]">&gt;&gt;</a>&nbsp;&nbsp;&nbsp;filterSmallPeak2(int*, float*, int)
<LI><a href="#[8a]">&gt;&gt;</a>&nbsp;&nbsp;&nbsp;filterSmallPeak1(int*, float*, int)
</UL>

<P><STRONG><a name="[1e7]"></a>__aeabi_cdcmpeq</STRONG> (Thumb, 0 bytes, Stack size 0 bytes, cdcmple.o(.text), UNUSED)

<P><STRONG><a name="[d3]"></a>__aeabi_cdcmple</STRONG> (Thumb, 48 bytes, Stack size 0 bytes, cdcmple.o(.text))
<BR><BR>[Called By]<UL><LI><a href="#[df]">&gt;&gt;</a>&nbsp;&nbsp;&nbsp;featureDeduce()
<LI><a href="#[cd]">&gt;&gt;</a>&nbsp;&nbsp;&nbsp;steadHeart()
<LI><a href="#[8f]">&gt;&gt;</a>&nbsp;&nbsp;&nbsp;algAhi(int*, float*, int)
</UL>

<P><STRONG><a name="[d2]"></a>__aeabi_cdrcmple</STRONG> (Thumb, 48 bytes, Stack size 0 bytes, cdrcmple.o(.text))
<BR><BR>[Called By]<UL><LI><a href="#[df]">&gt;&gt;</a>&nbsp;&nbsp;&nbsp;featureDeduce()
<LI><a href="#[cd]">&gt;&gt;</a>&nbsp;&nbsp;&nbsp;steadHeart()
<LI><a href="#[8d]">&gt;&gt;</a>&nbsp;&nbsp;&nbsp;filterSmallPeak2(int*, float*, int)
<LI><a href="#[8a]">&gt;&gt;</a>&nbsp;&nbsp;&nbsp;filterSmallPeak1(int*, float*, int)
</UL>

<P><STRONG><a name="[5b]"></a>__aeabi_d2f</STRONG> (Thumb, 56 bytes, Stack size 8 bytes, d2f.o(.text))
<BR><BR>[Stack]<UL><LI>Max Depth = 8<LI>Call Chain = __aeabi_d2f
</UL>
<BR>[Calls]<UL><LI><a href="#[5c]">&gt;&gt;</a>&nbsp;&nbsp;&nbsp;_float_round
</UL>
<BR>[Called By]<UL><LI><a href="#[7e]">&gt;&gt;</a>&nbsp;&nbsp;&nbsp;Check_ExtSensor_PeopleOnBed
<LI><a href="#[78]">&gt;&gt;</a>&nbsp;&nbsp;&nbsp;BatteryDataCalculate
</UL>

<P><STRONG><a name="[1e8]"></a>__aeabi_uidiv</STRONG> (Thumb, 0 bytes, Stack size 12 bytes, uidiv.o(.text), UNUSED)

<P><STRONG><a name="[ff]"></a>__aeabi_uidivmod</STRONG> (Thumb, 44 bytes, Stack size 12 bytes, uidiv.o(.text), UNUSED)
<BR><BR>[Called By]<UL><LI><a href="#[fe]">&gt;&gt;</a>&nbsp;&nbsp;&nbsp;_printf_core
</UL>

<P><STRONG><a name="[1e9]"></a>__I$use$fp</STRONG> (Thumb, 0 bytes, Stack size 0 bytes, iusefp.o(.text), UNUSED)

<P><STRONG><a name="[5c]"></a>_float_round</STRONG> (Thumb, 18 bytes, Stack size 0 bytes, fepilogue.o(.text))
<BR><BR>[Called By]<UL><LI><a href="#[5b]">&gt;&gt;</a>&nbsp;&nbsp;&nbsp;__aeabi_d2f
</UL>

<P><STRONG><a name="[1ea]"></a>_float_epilogue</STRONG> (Thumb, 92 bytes, Stack size 4 bytes, fepilogue.o(.text), UNUSED)

<P><STRONG><a name="[58]"></a>_double_round</STRONG> (Thumb, 30 bytes, Stack size 8 bytes, depilogue.o(.text))
<BR><BR>[Stack]<UL><LI>Max Depth = 8<LI>Call Chain = _double_round
</UL>
<BR>[Called By]<UL><LI><a href="#[57]">&gt;&gt;</a>&nbsp;&nbsp;&nbsp;__aeabi_ddiv
<LI><a href="#[56]">&gt;&gt;</a>&nbsp;&nbsp;&nbsp;_double_epilogue
</UL>

<P><STRONG><a name="[56]"></a>_double_epilogue</STRONG> (Thumb, 156 bytes, Stack size 32 bytes, depilogue.o(.text))
<BR><BR>[Stack]<UL><LI>Max Depth = 40<LI>Call Chain = _double_epilogue &rArr; _double_round
</UL>
<BR>[Calls]<UL><LI><a href="#[5e]">&gt;&gt;</a>&nbsp;&nbsp;&nbsp;__aeabi_llsr
<LI><a href="#[5d]">&gt;&gt;</a>&nbsp;&nbsp;&nbsp;__aeabi_llsl
<LI><a href="#[58]">&gt;&gt;</a>&nbsp;&nbsp;&nbsp;_double_round
</UL>
<BR>[Called By]<UL><LI><a href="#[59]">&gt;&gt;</a>&nbsp;&nbsp;&nbsp;__aeabi_i2d
<LI><a href="#[55]">&gt;&gt;</a>&nbsp;&nbsp;&nbsp;__aeabi_dmul
<LI><a href="#[5a]">&gt;&gt;</a>&nbsp;&nbsp;&nbsp;__aeabi_ui2d
</UL>

<P><STRONG><a name="[4e]"></a>__scatterload</STRONG> (Thumb, 28 bytes, Stack size 0 bytes, init.o(.text))
<BR><BR>[Calls]<UL><LI><a href="#[5f]">&gt;&gt;</a>&nbsp;&nbsp;&nbsp;__main_after_scatterload
</UL>
<BR>[Called By]<UL><LI><a href="#[4d]">&gt;&gt;</a>&nbsp;&nbsp;&nbsp;_main_scatterload
</UL>

<P><STRONG><a name="[1eb]"></a>__scatterload_rt2</STRONG> (Thumb, 0 bytes, Stack size 0 bytes, init.o(.text), UNUSED)

<P><STRONG><a name="[5d]"></a>__aeabi_llsl</STRONG> (Thumb, 30 bytes, Stack size 0 bytes, llshl.o(.text))
<BR><BR>[Called By]<UL><LI><a href="#[56]">&gt;&gt;</a>&nbsp;&nbsp;&nbsp;_double_epilogue
</UL>

<P><STRONG><a name="[1ec]"></a>_ll_shift_l</STRONG> (Thumb, 0 bytes, Stack size 0 bytes, llshl.o(.text), UNUSED)

<P><STRONG><a name="[5e]"></a>__aeabi_llsr</STRONG> (Thumb, 32 bytes, Stack size 0 bytes, llushr.o(.text))
<BR><BR>[Called By]<UL><LI><a href="#[56]">&gt;&gt;</a>&nbsp;&nbsp;&nbsp;_double_epilogue
</UL>

<P><STRONG><a name="[1ed]"></a>_ll_ushift_r</STRONG> (Thumb, 0 bytes, Stack size 0 bytes, llushr.o(.text), UNUSED)

<P><STRONG><a name="[1ee]"></a>__decompress</STRONG> (Thumb, 0 bytes, Stack size unknown bytes, __dczerorl2.o(.text), UNUSED)

<P><STRONG><a name="[1ef]"></a>__decompress1</STRONG> (Thumb, 86 bytes, Stack size unknown bytes, __dczerorl2.o(.text), UNUSED)

<P><STRONG><a name="[60]"></a>ADC_GPIO_CONFIG</STRONG> (Thumb, 294 bytes, Stack size 56 bytes, app_gpio_in_out.o(i.ADC_GPIO_CONFIG))
<BR><BR>[Stack]<UL><LI>Max Depth = 104<LI>Call Chain = ADC_GPIO_CONFIG &rArr; nrf_drv_timer_init &rArr; nrf_drv_common_irq_enable
</UL>
<BR>[Calls]<UL><LI><a href="#[61]">&gt;&gt;</a>&nbsp;&nbsp;&nbsp;nrf_drv_timer_init
<LI><a href="#[63]">&gt;&gt;</a>&nbsp;&nbsp;&nbsp;nrf_drv_timer_extended_compare
<LI><a href="#[64]">&gt;&gt;</a>&nbsp;&nbsp;&nbsp;nrf_drv_timer_enable
<LI><a href="#[66]">&gt;&gt;</a>&nbsp;&nbsp;&nbsp;nrf_drv_saadc_init
<LI><a href="#[65]">&gt;&gt;</a>&nbsp;&nbsp;&nbsp;nrf_drv_saadc_channel_init
<LI><a href="#[67]">&gt;&gt;</a>&nbsp;&nbsp;&nbsp;nrf_drv_saadc_buffer_convert
<LI><a href="#[62]">&gt;&gt;</a>&nbsp;&nbsp;&nbsp;app_error_handler_bare
</UL>
<BR>[Called By]<UL><LI><a href="#[90]">&gt;&gt;</a>&nbsp;&nbsp;&nbsp;Power_ON
</UL>

<P><STRONG><a name="[68]"></a>ADC_Switch_CONFIG</STRONG> (Thumb, 28 bytes, Stack size 8 bytes, app_gpio_in_out.o(i.ADC_Switch_CONFIG))
<BR><BR>[Stack]<UL><LI>Max Depth = 44<LI>Call Chain = ADC_Switch_CONFIG &rArr; nrf_gpio_cfg_output_pullup &rArr; nrf_gpio_cfg
</UL>
<BR>[Calls]<UL><LI><a href="#[6a]">&gt;&gt;</a>&nbsp;&nbsp;&nbsp;nrf_gpio_pin_set
<LI><a href="#[69]">&gt;&gt;</a>&nbsp;&nbsp;&nbsp;nrf_gpio_cfg_output_pullup
</UL>
<BR>[Called By]<UL><LI><a href="#[90]">&gt;&gt;</a>&nbsp;&nbsp;&nbsp;Power_ON
</UL>

<P><STRONG><a name="[7a]"></a>Arg_init</STRONG> (Thumb, 12 bytes, Stack size 0 bytes, fun.o(i.Arg_init))
<BR><BR>[Called By]<UL><LI><a href="#[79]">&gt;&gt;</a>&nbsp;&nbsp;&nbsp;CalculateHrRrData
</UL>

<P><STRONG><a name="[6e]"></a>BLE_Send_data</STRONG> (Thumb, 32 bytes, Stack size 24 bytes, fun.o(i.BLE_Send_data))
<BR><BR>[Stack]<UL><LI>Max Depth = 360<LI>Call Chain = BLE_Send_data &rArr; advertising_status_data &rArr; ble_advertising_specific_data &rArr; ble_advdata_set &rArr; adv_data_encode &rArr; uuid_list_encode &rArr; uuid_list_sized_encode
</UL>
<BR>[Calls]<UL><LI><a href="#[70]">&gt;&gt;</a>&nbsp;&nbsp;&nbsp;ble_advertising_start
<LI><a href="#[6f]">&gt;&gt;</a>&nbsp;&nbsp;&nbsp;advertising_status_data
</UL>
<BR>[Called By]<UL><LI><a href="#[ac]">&gt;&gt;</a>&nbsp;&nbsp;&nbsp;SendRealTimeRRData
<LI><a href="#[a9]">&gt;&gt;</a>&nbsp;&nbsp;&nbsp;SendRealTimeHRData
<LI><a href="#[ab]">&gt;&gt;</a>&nbsp;&nbsp;&nbsp;SendNoRRData
<LI><a href="#[aa]">&gt;&gt;</a>&nbsp;&nbsp;&nbsp;SendNoHRData
<LI><a href="#[a5]">&gt;&gt;</a>&nbsp;&nbsp;&nbsp;SendBatteryData
</UL>

<P><STRONG><a name="[71]"></a>BLE_Start</STRONG> (Thumb, 44 bytes, Stack size 8 bytes, ble_nrf.o(i.BLE_Start))
<BR><BR>[Stack]<UL><LI>Max Depth = 376<LI>Call Chain = BLE_Start &rArr; advertising_init &rArr; ble_advertising_init &rArr; ble_advdata_set &rArr; adv_data_encode &rArr; uuid_list_encode &rArr; uuid_list_sized_encode
</UL>
<BR>[Calls]<UL><LI><a href="#[70]">&gt;&gt;</a>&nbsp;&nbsp;&nbsp;ble_advertising_start
<LI><a href="#[73]">&gt;&gt;</a>&nbsp;&nbsp;&nbsp;register_flash
<LI><a href="#[75]">&gt;&gt;</a>&nbsp;&nbsp;&nbsp;services_init
<LI><a href="#[74]">&gt;&gt;</a>&nbsp;&nbsp;&nbsp;gap_params_init
<LI><a href="#[77]">&gt;&gt;</a>&nbsp;&nbsp;&nbsp;conn_params_init
<LI><a href="#[72]">&gt;&gt;</a>&nbsp;&nbsp;&nbsp;ble_stack_init
<LI><a href="#[76]">&gt;&gt;</a>&nbsp;&nbsp;&nbsp;advertising_init
</UL>
<BR>[Called By]<UL><LI><a href="#[31]">&gt;&gt;</a>&nbsp;&nbsp;&nbsp;main
</UL>

<P><STRONG><a name="[78]"></a>BatteryDataCalculate</STRONG> (Thumb, 360 bytes, Stack size 32 bytes, fun.o(i.BatteryDataCalculate))
<BR><BR>[Stack]<UL><LI>Max Depth = 88<LI>Call Chain = BatteryDataCalculate &rArr; __aeabi_i2d &rArr; _double_epilogue &rArr; _double_round
</UL>
<BR>[Calls]<UL><LI><a href="#[59]">&gt;&gt;</a>&nbsp;&nbsp;&nbsp;__aeabi_i2d
<LI><a href="#[57]">&gt;&gt;</a>&nbsp;&nbsp;&nbsp;__aeabi_ddiv
<LI><a href="#[5b]">&gt;&gt;</a>&nbsp;&nbsp;&nbsp;__aeabi_d2f
</UL>
<BR>[Called By]<UL><LI><a href="#[31]">&gt;&gt;</a>&nbsp;&nbsp;&nbsp;main
</UL>

<P><STRONG><a name="[f7]"></a>CSAS</STRONG> (Thumb, 220 bytes, Stack size 16 bytes, arithmeticahi.o(i.CSAS))
<BR><BR>[Stack]<UL><LI>Max Depth = 16<LI>Call Chain = CSAS
</UL>
<BR>[Called By]<UL><LI><a href="#[f4]">&gt;&gt;</a>&nbsp;&nbsp;&nbsp;judgeOtherStatue()
</UL>

<P><STRONG><a name="[79]"></a>CalculateHrRrData</STRONG> (Thumb, 238 bytes, Stack size 32 bytes, fun.o(i.CalculateHrRrData))
<BR><BR>[Stack]<UL><LI>Max Depth = 280<LI>Call Chain = CalculateHrRrData &rArr; arithmeticHearts &rArr; judgeOtherStatue() &rArr; OSAHS &rArr; filterSmallPeak1(int*, float*, int) &rArr; getMidValue1(float*, float) &rArr; __aeabi_memcpy4
</UL>
<BR>[Calls]<UL><LI><a href="#[7d]">&gt;&gt;</a>&nbsp;&nbsp;&nbsp;arithmeticResps
<LI><a href="#[7c]">&gt;&gt;</a>&nbsp;&nbsp;&nbsp;arithmeticHearts
<LI><a href="#[7b]">&gt;&gt;</a>&nbsp;&nbsp;&nbsp;Read_RingBuff
<LI><a href="#[7a]">&gt;&gt;</a>&nbsp;&nbsp;&nbsp;Arg_init
</UL>
<BR>[Called By]<UL><LI><a href="#[31]">&gt;&gt;</a>&nbsp;&nbsp;&nbsp;main
</UL>

<P><STRONG><a name="[7e]"></a>Check_ExtSensor_PeopleOnBed</STRONG> (Thumb, 374 bytes, Stack size 32 bytes, fun.o(i.Check_ExtSensor_PeopleOnBed))
<BR><BR>[Stack]<UL><LI>Max Depth = 88<LI>Call Chain = Check_ExtSensor_PeopleOnBed &rArr; __aeabi_i2d &rArr; _double_epilogue &rArr; _double_round
</UL>
<BR>[Calls]<UL><LI><a href="#[59]">&gt;&gt;</a>&nbsp;&nbsp;&nbsp;__aeabi_i2d
<LI><a href="#[57]">&gt;&gt;</a>&nbsp;&nbsp;&nbsp;__aeabi_ddiv
<LI><a href="#[5b]">&gt;&gt;</a>&nbsp;&nbsp;&nbsp;__aeabi_d2f
<LI><a href="#[80]">&gt;&gt;</a>&nbsp;&nbsp;&nbsp;RingBuff_Init
<LI><a href="#[7f]">&gt;&gt;</a>&nbsp;&nbsp;&nbsp;__2printf
</UL>
<BR>[Called By]<UL><LI><a href="#[31]">&gt;&gt;</a>&nbsp;&nbsp;&nbsp;main
</UL>

<P><STRONG><a name="[81]"></a>ClearSIMUSARTBUF</STRONG> (Thumb, 26 bytes, Stack size 8 bytes, app_gpio_in_out.o(i.ClearSIMUSARTBUF))
<BR><BR>[Stack]<UL><LI>Max Depth = 16<LI>Call Chain = ClearSIMUSARTBUF &rArr; __aeabi_memcpy
</UL>
<BR>[Calls]<UL><LI><a href="#[82]">&gt;&gt;</a>&nbsp;&nbsp;&nbsp;__aeabi_memcpy
</UL>
<BR>[Called By]<UL><LI><a href="#[31]">&gt;&gt;</a>&nbsp;&nbsp;&nbsp;main
<LI><a href="#[bf]">&gt;&gt;</a>&nbsp;&nbsp;&nbsp;UART_Receive_Analys
</UL>

<P><STRONG><a name="[91]"></a>ExtClock_initialization</STRONG> (Thumb, 24 bytes, Stack size 0 bytes, main.o(i.ExtClock_initialization))
<BR><BR>[Called By]<UL><LI><a href="#[90]">&gt;&gt;</a>&nbsp;&nbsp;&nbsp;Power_ON
</UL>

<P><STRONG><a name="[12]"></a>GPIOTE_IRQHandler</STRONG> (Thumb, 420 bytes, Stack size 64 bytes, nrf_drv_gpiote.o(i.GPIOTE_IRQHandler))
<BR><BR>[Stack]<UL><LI>Max Depth = 80<LI>Call Chain = GPIOTE_IRQHandler &rArr; nrf_gpiote_event_clear
</UL>
<BR>[Calls]<UL><LI><a href="#[83]">&gt;&gt;</a>&nbsp;&nbsp;&nbsp;nrf_gpiote_event_is_set
<LI><a href="#[84]">&gt;&gt;</a>&nbsp;&nbsp;&nbsp;nrf_gpiote_event_clear
<LI><a href="#[87]">&gt;&gt;</a>&nbsp;&nbsp;&nbsp;nrf_gpio_cfg_sense_set
<LI><a href="#[86]">&gt;&gt;</a>&nbsp;&nbsp;&nbsp;channel_port_get
<LI><a href="#[85]">&gt;&gt;</a>&nbsp;&nbsp;&nbsp;channel_handler_get
</UL>
<BR>[Address Reference Count : 1]<UL><LI> arm_startup_nrf52.o(RESET)
</UL>
<P><STRONG><a name="[88]"></a>OSAHS</STRONG> (Thumb, 188 bytes, Stack size 16 bytes, arithmeticahi.o(i.OSAHS))
<BR><BR>[Stack]<UL><LI>Max Depth = 224<LI>Call Chain = OSAHS &rArr; filterSmallPeak1(int*, float*, int) &rArr; getMidValue1(float*, float) &rArr; __aeabi_memcpy4
</UL>
<BR>[Calls]<UL><LI><a href="#[8c]">&gt;&gt;</a>&nbsp;&nbsp;&nbsp;leftShiftInt1DArray
<LI><a href="#[8b]">&gt;&gt;</a>&nbsp;&nbsp;&nbsp;leftShift1DArray
<LI><a href="#[8f]">&gt;&gt;</a>&nbsp;&nbsp;&nbsp;algAhi(int*, float*, int)
<LI><a href="#[8d]">&gt;&gt;</a>&nbsp;&nbsp;&nbsp;filterSmallPeak2(int*, float*, int)
<LI><a href="#[8a]">&gt;&gt;</a>&nbsp;&nbsp;&nbsp;filterSmallPeak1(int*, float*, int)
<LI><a href="#[8e]">&gt;&gt;</a>&nbsp;&nbsp;&nbsp;addFilterValue(int*, float*, int)
<LI><a href="#[89]">&gt;&gt;</a>&nbsp;&nbsp;&nbsp;extFrea(float)
</UL>
<BR>[Called By]<UL><LI><a href="#[f4]">&gt;&gt;</a>&nbsp;&nbsp;&nbsp;judgeOtherStatue()
</UL>

<P><STRONG><a name="[90]"></a>Power_ON</STRONG> (Thumb, 40 bytes, Stack size 16 bytes, main.o(i.Power_ON))
<BR><BR>[Stack]<UL><LI>Max Depth = 188<LI>Call Chain = Power_ON &rArr; UART_CONFIG &rArr; app_uart_init &rArr; nrf_drv_uart_init &rArr; apply_config &rArr; nrf_gpio_cfg_input &rArr; nrf_gpio_cfg
</UL>
<BR>[Calls]<UL><LI><a href="#[93]">&gt;&gt;</a>&nbsp;&nbsp;&nbsp;SPI_FLASH_Init
<LI><a href="#[92]">&gt;&gt;</a>&nbsp;&nbsp;&nbsp;app_timer1_init
<LI><a href="#[91]">&gt;&gt;</a>&nbsp;&nbsp;&nbsp;ExtClock_initialization
<LI><a href="#[94]">&gt;&gt;</a>&nbsp;&nbsp;&nbsp;UART_CONFIG
<LI><a href="#[68]">&gt;&gt;</a>&nbsp;&nbsp;&nbsp;ADC_Switch_CONFIG
<LI><a href="#[60]">&gt;&gt;</a>&nbsp;&nbsp;&nbsp;ADC_GPIO_CONFIG
</UL>
<BR>[Called By]<UL><LI><a href="#[31]">&gt;&gt;</a>&nbsp;&nbsp;&nbsp;main
</UL>

<P><STRONG><a name="[1d]"></a>RTC1_IRQHandler</STRONG> (Thumb, 44 bytes, Stack size 8 bytes, app_timer.o(i.RTC1_IRQHandler))
<BR><BR>[Stack]<UL><LI>Max Depth = 72<LI>Call Chain = RTC1_IRQHandler &rArr; timer_timeouts_check &rArr; timeout_handler_exec &rArr; app_error_handler_bare
</UL>
<BR>[Calls]<UL><LI><a href="#[95]">&gt;&gt;</a>&nbsp;&nbsp;&nbsp;timer_timeouts_check
</UL>
<BR>[Address Reference Count : 1]<UL><LI> arm_startup_nrf52.o(RESET)
</UL>
<P><STRONG><a name="[96]"></a>ReadBTNameFromFlash</STRONG> (Thumb, 68 bytes, Stack size 16 bytes, app_gpio_in_out.o(i.ReadBTNameFromFlash))
<BR><BR>[Stack]<UL><LI>Max Depth = 56<LI>Call Chain = ReadBTNameFromFlash &rArr; SPI_FLASH_BufferRead &rArr; SPI_FLASH_SendByte &rArr; SPI_I2S_SendData
</UL>
<BR>[Calls]<UL><LI><a href="#[97]">&gt;&gt;</a>&nbsp;&nbsp;&nbsp;SPI_FLASH_BufferRead
<LI><a href="#[52]">&gt;&gt;</a>&nbsp;&nbsp;&nbsp;__aeabi_memclr
</UL>
<BR>[Called By]<UL><LI><a href="#[31]">&gt;&gt;</a>&nbsp;&nbsp;&nbsp;main
</UL>

<P><STRONG><a name="[7b]"></a>Read_RingBuff</STRONG> (Thumb, 118 bytes, Stack size 24 bytes, ring_buffer.o(i.Read_RingBuff))
<BR><BR>[Stack]<UL><LI>Max Depth = 32<LI>Call Chain = Read_RingBuff &rArr; __aeabi_memcpy
</UL>
<BR>[Calls]<UL><LI><a href="#[82]">&gt;&gt;</a>&nbsp;&nbsp;&nbsp;__aeabi_memcpy
</UL>
<BR>[Called By]<UL><LI><a href="#[79]">&gt;&gt;</a>&nbsp;&nbsp;&nbsp;CalculateHrRrData
</UL>

<P><STRONG><a name="[b9]"></a>RenewRealTime</STRONG> (Thumb, 236 bytes, Stack size 12 bytes, fun.o(i.RenewRealTime))
<BR><BR>[Stack]<UL><LI>Max Depth = 12<LI>Call Chain = RenewRealTime
</UL>
<BR>[Called By]<UL><LI><a href="#[3a]">&gt;&gt;</a>&nbsp;&nbsp;&nbsp;Timer1_event_handler
</UL>

<P><STRONG><a name="[80]"></a>RingBuff_Init</STRONG> (Thumb, 32 bytes, Stack size 16 bytes, ring_buffer.o(i.RingBuff_Init))
<BR><BR>[Stack]<UL><LI>Max Depth = 16<LI>Call Chain = RingBuff_Init
</UL>
<BR>[Calls]<UL><LI><a href="#[52]">&gt;&gt;</a>&nbsp;&nbsp;&nbsp;__aeabi_memclr
</UL>
<BR>[Called By]<UL><LI><a href="#[7e]">&gt;&gt;</a>&nbsp;&nbsp;&nbsp;Check_ExtSensor_PeopleOnBed
<LI><a href="#[31]">&gt;&gt;</a>&nbsp;&nbsp;&nbsp;main
</UL>

<P><STRONG><a name="[13]"></a>SAADC_IRQHandler</STRONG> (Thumb, 208 bytes, Stack size 32 bytes, nrf_drv_saadc.o(i.SAADC_IRQHandler))
<BR><BR>[Stack]<UL><LI>Max Depth = 32<LI>Call Chain = SAADC_IRQHandler
</UL>
<BR>[Calls]<UL><LI><a href="#[9a]">&gt;&gt;</a>&nbsp;&nbsp;&nbsp;nrf_saadc_task_trigger
<LI><a href="#[99]">&gt;&gt;</a>&nbsp;&nbsp;&nbsp;nrf_saadc_event_clear
<LI><a href="#[98]">&gt;&gt;</a>&nbsp;&nbsp;&nbsp;nrf_saadc_event_check
</UL>
<BR>[Address Reference Count : 1]<UL><LI> arm_startup_nrf52.o(RESET)
</UL>
<P><STRONG><a name="[97]"></a>SPI_FLASH_BufferRead</STRONG> (Thumb, 70 bytes, Stack size 16 bytes, flash.o(i.SPI_FLASH_BufferRead))
<BR><BR>[Stack]<UL><LI>Max Depth = 40<LI>Call Chain = SPI_FLASH_BufferRead &rArr; SPI_FLASH_SendByte &rArr; SPI_I2S_SendData
</UL>
<BR>[Calls]<UL><LI><a href="#[9d]">&gt;&gt;</a>&nbsp;&nbsp;&nbsp;SPI_I2S_ReceiveData
<LI><a href="#[9c]">&gt;&gt;</a>&nbsp;&nbsp;&nbsp;SPI_FLASH_SendByte
<LI><a href="#[9e]">&gt;&gt;</a>&nbsp;&nbsp;&nbsp;nrf_gpio_pin_set
<LI><a href="#[9b]">&gt;&gt;</a>&nbsp;&nbsp;&nbsp;nrf_gpio_pin_clear
</UL>
<BR>[Called By]<UL><LI><a href="#[96]">&gt;&gt;</a>&nbsp;&nbsp;&nbsp;ReadBTNameFromFlash
</UL>

<P><STRONG><a name="[93]"></a>SPI_FLASH_Init</STRONG> (Thumb, 52 bytes, Stack size 24 bytes, flash.o(i.SPI_FLASH_Init))
<BR><BR>[Stack]<UL><LI>Max Depth = 60<LI>Call Chain = SPI_FLASH_Init &rArr; nrf_gpio_cfg_output &rArr; nrf_gpio_cfg
</UL>
<BR>[Calls]<UL><LI><a href="#[9e]">&gt;&gt;</a>&nbsp;&nbsp;&nbsp;nrf_gpio_pin_set
<LI><a href="#[9f]">&gt;&gt;</a>&nbsp;&nbsp;&nbsp;nrf_gpio_cfg_output
<LI><a href="#[a0]">&gt;&gt;</a>&nbsp;&nbsp;&nbsp;nrf_gpio_cfg
</UL>
<BR>[Called By]<UL><LI><a href="#[90]">&gt;&gt;</a>&nbsp;&nbsp;&nbsp;Power_ON
</UL>

<P><STRONG><a name="[a1]"></a>SPI_FLASH_ReadID</STRONG> (Thumb, 64 bytes, Stack size 24 bytes, flash.o(i.SPI_FLASH_ReadID))
<BR><BR>[Stack]<UL><LI>Max Depth = 40<LI>Call Chain = SPI_FLASH_ReadID &rArr; SPI_I2S_SendData
</UL>
<BR>[Calls]<UL><LI><a href="#[a2]">&gt;&gt;</a>&nbsp;&nbsp;&nbsp;SPI_I2S_SendData
<LI><a href="#[9d]">&gt;&gt;</a>&nbsp;&nbsp;&nbsp;SPI_I2S_ReceiveData
<LI><a href="#[9e]">&gt;&gt;</a>&nbsp;&nbsp;&nbsp;nrf_gpio_pin_set
<LI><a href="#[9b]">&gt;&gt;</a>&nbsp;&nbsp;&nbsp;nrf_gpio_pin_clear
</UL>
<BR>[Called By]<UL><LI><a href="#[31]">&gt;&gt;</a>&nbsp;&nbsp;&nbsp;main
</UL>

<P><STRONG><a name="[9c]"></a>SPI_FLASH_SendByte</STRONG> (Thumb, 14 bytes, Stack size 8 bytes, flash.o(i.SPI_FLASH_SendByte))
<BR><BR>[Stack]<UL><LI>Max Depth = 24<LI>Call Chain = SPI_FLASH_SendByte &rArr; SPI_I2S_SendData
</UL>
<BR>[Calls]<UL><LI><a href="#[a2]">&gt;&gt;</a>&nbsp;&nbsp;&nbsp;SPI_I2S_SendData
</UL>
<BR>[Called By]<UL><LI><a href="#[97]">&gt;&gt;</a>&nbsp;&nbsp;&nbsp;SPI_FLASH_BufferRead
</UL>

<P><STRONG><a name="[9d]"></a>SPI_I2S_ReceiveData</STRONG> (Thumb, 62 bytes, Stack size 16 bytes, flash.o(i.SPI_I2S_ReceiveData))
<BR><BR>[Stack]<UL><LI>Max Depth = 16<LI>Call Chain = SPI_I2S_ReceiveData
</UL>
<BR>[Calls]<UL><LI><a href="#[4f]">&gt;&gt;</a>&nbsp;&nbsp;&nbsp;__asm___7_FLASH_c_8795f693__nrf_delay_us
<LI><a href="#[9e]">&gt;&gt;</a>&nbsp;&nbsp;&nbsp;nrf_gpio_pin_set
<LI><a href="#[9b]">&gt;&gt;</a>&nbsp;&nbsp;&nbsp;nrf_gpio_pin_clear
</UL>
<BR>[Called By]<UL><LI><a href="#[a1]">&gt;&gt;</a>&nbsp;&nbsp;&nbsp;SPI_FLASH_ReadID
<LI><a href="#[97]">&gt;&gt;</a>&nbsp;&nbsp;&nbsp;SPI_FLASH_BufferRead
</UL>

<P><STRONG><a name="[a2]"></a>SPI_I2S_SendData</STRONG> (Thumb, 60 bytes, Stack size 16 bytes, flash.o(i.SPI_I2S_SendData))
<BR><BR>[Stack]<UL><LI>Max Depth = 16<LI>Call Chain = SPI_I2S_SendData
</UL>
<BR>[Calls]<UL><LI><a href="#[4f]">&gt;&gt;</a>&nbsp;&nbsp;&nbsp;__asm___7_FLASH_c_8795f693__nrf_delay_us
<LI><a href="#[9e]">&gt;&gt;</a>&nbsp;&nbsp;&nbsp;nrf_gpio_pin_set
<LI><a href="#[9b]">&gt;&gt;</a>&nbsp;&nbsp;&nbsp;nrf_gpio_pin_clear
</UL>
<BR>[Called By]<UL><LI><a href="#[9c]">&gt;&gt;</a>&nbsp;&nbsp;&nbsp;SPI_FLASH_SendByte
<LI><a href="#[a1]">&gt;&gt;</a>&nbsp;&nbsp;&nbsp;SPI_FLASH_ReadID
</UL>

<P><STRONG><a name="[20]"></a>SWI0_EGU0_IRQHandler</STRONG> (Thumb, 8 bytes, Stack size 8 bytes, app_timer.o(i.SWI0_EGU0_IRQHandler))
<BR><BR>[Stack]<UL><LI>Max Depth = 80<LI>Call Chain = SWI0_EGU0_IRQHandler &rArr; timer_list_handler &rArr; list_insertions_handler &rArr; timer_list_insert
</UL>
<BR>[Calls]<UL><LI><a href="#[a3]">&gt;&gt;</a>&nbsp;&nbsp;&nbsp;timer_list_handler
</UL>
<BR>[Address Reference Count : 1]<UL><LI> arm_startup_nrf52.o(RESET)
</UL>
<P><STRONG><a name="[22]"></a>SWI2_EGU2_IRQHandler</STRONG> (Thumb, 42 bytes, Stack size 16 bytes, softdevice_handler.o(i.SWI2_EGU2_IRQHandler))
<BR><BR>[Stack]<UL><LI>Max Depth = 64<LI>Call Chain = SWI2_EGU2_IRQHandler &rArr; intern_softdevice_events_execute &rArr; app_error_handler_bare
</UL>
<BR>[Calls]<UL><LI><a href="#[62]">&gt;&gt;</a>&nbsp;&nbsp;&nbsp;app_error_handler_bare
<LI><a href="#[a4]">&gt;&gt;</a>&nbsp;&nbsp;&nbsp;intern_softdevice_events_execute
</UL>
<BR>[Address Reference Count : 1]<UL><LI> arm_startup_nrf52.o(RESET)
</UL>
<P><STRONG><a name="[a5]"></a>SendBatteryData</STRONG> (Thumb, 58 bytes, Stack size 16 bytes, fun.o(i.SendBatteryData))
<BR><BR>[Stack]<UL><LI>Max Depth = 376<LI>Call Chain = SendBatteryData &rArr; BLE_Send_data &rArr; advertising_status_data &rArr; ble_advertising_specific_data &rArr; ble_advdata_set &rArr; adv_data_encode &rArr; uuid_list_encode &rArr; uuid_list_sized_encode
</UL>
<BR>[Calls]<UL><LI><a href="#[6e]">&gt;&gt;</a>&nbsp;&nbsp;&nbsp;BLE_Send_data
</UL>
<BR>[Called By]<UL><LI><a href="#[31]">&gt;&gt;</a>&nbsp;&nbsp;&nbsp;main
</UL>

<P><STRONG><a name="[a6]"></a>SendHrDataToServer</STRONG> (Thumb, 280 bytes, Stack size 16 bytes, fun.o(i.SendHrDataToServer))
<BR><BR>[Stack]<UL><LI>Max Depth = 1432<LI>Call Chain = SendHrDataToServer &rArr; SendRealTimeHRData &rArr; BLE_Send_data &rArr; advertising_status_data &rArr; ble_advertising_specific_data &rArr; ble_advdata_set &rArr; adv_data_encode &rArr; uuid_list_encode &rArr; uuid_list_sized_encode
</UL>
<BR>[Calls]<UL><LI><a href="#[a8]">&gt;&gt;</a>&nbsp;&nbsp;&nbsp;getHeartRate
<LI><a href="#[a7]">&gt;&gt;</a>&nbsp;&nbsp;&nbsp;getMedValue_test
<LI><a href="#[a9]">&gt;&gt;</a>&nbsp;&nbsp;&nbsp;SendRealTimeHRData
<LI><a href="#[aa]">&gt;&gt;</a>&nbsp;&nbsp;&nbsp;SendNoHRData
</UL>
<BR>[Called By]<UL><LI><a href="#[31]">&gt;&gt;</a>&nbsp;&nbsp;&nbsp;main
</UL>

<P><STRONG><a name="[aa]"></a>SendNoHRData</STRONG> (Thumb, 114 bytes, Stack size 72 bytes, fun.o(i.SendNoHRData))
<BR><BR>[Stack]<UL><LI>Max Depth = 432<LI>Call Chain = SendNoHRData &rArr; BLE_Send_data &rArr; advertising_status_data &rArr; ble_advertising_specific_data &rArr; ble_advdata_set &rArr; adv_data_encode &rArr; uuid_list_encode &rArr; uuid_list_sized_encode
</UL>
<BR>[Calls]<UL><LI><a href="#[6e]">&gt;&gt;</a>&nbsp;&nbsp;&nbsp;BLE_Send_data
</UL>
<BR>[Called By]<UL><LI><a href="#[a6]">&gt;&gt;</a>&nbsp;&nbsp;&nbsp;SendHrDataToServer
</UL>

<P><STRONG><a name="[ab]"></a>SendNoRRData</STRONG> (Thumb, 184 bytes, Stack size 72 bytes, fun.o(i.SendNoRRData))
<BR><BR>[Stack]<UL><LI>Max Depth = 432<LI>Call Chain = SendNoRRData &rArr; BLE_Send_data &rArr; advertising_status_data &rArr; ble_advertising_specific_data &rArr; ble_advdata_set &rArr; adv_data_encode &rArr; uuid_list_encode &rArr; uuid_list_sized_encode
</UL>
<BR>[Calls]<UL><LI><a href="#[6e]">&gt;&gt;</a>&nbsp;&nbsp;&nbsp;BLE_Send_data
<LI><a href="#[7f]">&gt;&gt;</a>&nbsp;&nbsp;&nbsp;__2printf
</UL>
<BR>[Called By]<UL><LI><a href="#[ae]">&gt;&gt;</a>&nbsp;&nbsp;&nbsp;SendRrDataToServer
</UL>

<P><STRONG><a name="[a9]"></a>SendRealTimeHRData</STRONG> (Thumb, 192 bytes, Stack size 1056 bytes, fun.o(i.SendRealTimeHRData))
<BR><BR>[Stack]<UL><LI>Max Depth = 1416<LI>Call Chain = SendRealTimeHRData &rArr; BLE_Send_data &rArr; advertising_status_data &rArr; ble_advertising_specific_data &rArr; ble_advdata_set &rArr; adv_data_encode &rArr; uuid_list_encode &rArr; uuid_list_sized_encode
</UL>
<BR>[Calls]<UL><LI><a href="#[a8]">&gt;&gt;</a>&nbsp;&nbsp;&nbsp;getHeartRate
<LI><a href="#[a7]">&gt;&gt;</a>&nbsp;&nbsp;&nbsp;getMedValue_test
<LI><a href="#[6e]">&gt;&gt;</a>&nbsp;&nbsp;&nbsp;BLE_Send_data
<LI><a href="#[7f]">&gt;&gt;</a>&nbsp;&nbsp;&nbsp;__2printf
</UL>
<BR>[Called By]<UL><LI><a href="#[a6]">&gt;&gt;</a>&nbsp;&nbsp;&nbsp;SendHrDataToServer
</UL>

<P><STRONG><a name="[ac]"></a>SendRealTimeRRData</STRONG> (Thumb, 132 bytes, Stack size 288 bytes, fun.o(i.SendRealTimeRRData))
<BR><BR>[Stack]<UL><LI>Max Depth = 648<LI>Call Chain = SendRealTimeRRData &rArr; BLE_Send_data &rArr; advertising_status_data &rArr; ble_advertising_specific_data &rArr; ble_advdata_set &rArr; adv_data_encode &rArr; uuid_list_encode &rArr; uuid_list_sized_encode
</UL>
<BR>[Calls]<UL><LI><a href="#[ad]">&gt;&gt;</a>&nbsp;&nbsp;&nbsp;getRespRate
<LI><a href="#[6e]">&gt;&gt;</a>&nbsp;&nbsp;&nbsp;BLE_Send_data
</UL>
<BR>[Called By]<UL><LI><a href="#[ae]">&gt;&gt;</a>&nbsp;&nbsp;&nbsp;SendRrDataToServer
</UL>

<P><STRONG><a name="[ae]"></a>SendRrDataToServer</STRONG> (Thumb, 364 bytes, Stack size 16 bytes, fun.o(i.SendRrDataToServer))
<BR><BR>[Stack]<UL><LI>Max Depth = 664<LI>Call Chain = SendRrDataToServer &rArr; SendRealTimeRRData &rArr; BLE_Send_data &rArr; advertising_status_data &rArr; ble_advertising_specific_data &rArr; ble_advdata_set &rArr; adv_data_encode &rArr; uuid_list_encode &rArr; uuid_list_sized_encode
</UL>
<BR>[Calls]<UL><LI><a href="#[ad]">&gt;&gt;</a>&nbsp;&nbsp;&nbsp;getRespRate
<LI><a href="#[ac]">&gt;&gt;</a>&nbsp;&nbsp;&nbsp;SendRealTimeRRData
<LI><a href="#[ab]">&gt;&gt;</a>&nbsp;&nbsp;&nbsp;SendNoRRData
</UL>
<BR>[Called By]<UL><LI><a href="#[31]">&gt;&gt;</a>&nbsp;&nbsp;&nbsp;main
</UL>

<P><STRONG><a name="[b7]"></a>SystemCoreClockUpdate</STRONG> (Thumb, 8 bytes, Stack size 0 bytes, system_nrf52.o(i.SystemCoreClockUpdate))
<BR><BR>[Called By]<UL><LI><a href="#[32]">&gt;&gt;</a>&nbsp;&nbsp;&nbsp;SystemInit
</UL>

<P><STRONG><a name="[32]"></a>SystemInit</STRONG> (Thumb, 512 bytes, Stack size 8 bytes, system_nrf52.o(i.SystemInit))
<BR><BR>[Stack]<UL><LI>Max Depth = 8<LI>Call Chain = SystemInit
</UL>
<BR>[Calls]<UL><LI><a href="#[b7]">&gt;&gt;</a>&nbsp;&nbsp;&nbsp;SystemCoreClockUpdate
<LI><a href="#[b5]">&gt;&gt;</a>&nbsp;&nbsp;&nbsp;errata_66
<LI><a href="#[b4]">&gt;&gt;</a>&nbsp;&nbsp;&nbsp;errata_57
<LI><a href="#[b3]">&gt;&gt;</a>&nbsp;&nbsp;&nbsp;errata_37
<LI><a href="#[b2]">&gt;&gt;</a>&nbsp;&nbsp;&nbsp;errata_36
<LI><a href="#[b1]">&gt;&gt;</a>&nbsp;&nbsp;&nbsp;errata_32
<LI><a href="#[b0]">&gt;&gt;</a>&nbsp;&nbsp;&nbsp;errata_31
<LI><a href="#[af]">&gt;&gt;</a>&nbsp;&nbsp;&nbsp;errata_16
<LI><a href="#[b6]">&gt;&gt;</a>&nbsp;&nbsp;&nbsp;errata_108
</UL>
<BR>[Address Reference Count : 1]<UL><LI> arm_startup_nrf52.o(.text)
</UL>
<P><STRONG><a name="[15]"></a>TIMER1_IRQHandler</STRONG> (Thumb, 14 bytes, Stack size 8 bytes, nrf_drv_timer.o(i.TIMER1_IRQHandler))
<BR><BR>[Stack]<UL><LI>Max Depth = 40<LI>Call Chain = TIMER1_IRQHandler &rArr; irq_handler
</UL>
<BR>[Calls]<UL><LI><a href="#[b8]">&gt;&gt;</a>&nbsp;&nbsp;&nbsp;irq_handler
</UL>
<BR>[Address Reference Count : 1]<UL><LI> arm_startup_nrf52.o(RESET)
</UL>
<P><STRONG><a name="[16]"></a>TIMER2_IRQHandler</STRONG> (Thumb, 14 bytes, Stack size 8 bytes, nrf_drv_timer.o(i.TIMER2_IRQHandler))
<BR><BR>[Stack]<UL><LI>Max Depth = 40<LI>Call Chain = TIMER2_IRQHandler &rArr; irq_handler
</UL>
<BR>[Calls]<UL><LI><a href="#[b8]">&gt;&gt;</a>&nbsp;&nbsp;&nbsp;irq_handler
</UL>
<BR>[Address Reference Count : 1]<UL><LI> arm_startup_nrf52.o(RESET)
</UL>
<P><STRONG><a name="[3a]"></a>Timer1_event_handler</STRONG> (Thumb, 344 bytes, Stack size 16 bytes, app_it.o(i.Timer1_event_handler))
<BR><BR>[Stack]<UL><LI>Max Depth = 96<LI>Call Chain = Timer1_event_handler &rArr; ADCdata_deal &rArr; Write_RingBuff &rArr; __aeabi_memcpy
</UL>
<BR>[Calls]<UL><LI><a href="#[ba]">&gt;&gt;</a>&nbsp;&nbsp;&nbsp;nrf_drv_wdt_channel_feed
<LI><a href="#[6b]">&gt;&gt;</a>&nbsp;&nbsp;&nbsp;ADCdata_deal
<LI><a href="#[b9]">&gt;&gt;</a>&nbsp;&nbsp;&nbsp;RenewRealTime
</UL>
<BR>[Address Reference Count : 1]<UL><LI> main.o(i.app_timer1_init)
</UL>
<P><STRONG><a name="[34]"></a>Timer2_event_handler</STRONG> (Thumb, 32 bytes, Stack size 16 bytes, app_it.o(i.Timer2_event_handler))
<BR><BR>[Stack]<UL><LI>Max Depth = 32<LI>Call Chain = Timer2_event_handler &rArr; nrf_drv_saadc_buffer_convert
</UL>
<BR>[Calls]<UL><LI><a href="#[bb]">&gt;&gt;</a>&nbsp;&nbsp;&nbsp;nrf_drv_saadc_sample
<LI><a href="#[67]">&gt;&gt;</a>&nbsp;&nbsp;&nbsp;nrf_drv_saadc_buffer_convert
</UL>
<BR>[Address Reference Count : 1]<UL><LI> app_gpio_in_out.o(i.ADC_GPIO_CONFIG)
</UL>
<P><STRONG><a name="[e]"></a>UARTE0_UART0_IRQHandler</STRONG> (Thumb, 20 bytes, Stack size 8 bytes, nrf_drv_uart.o(i.UARTE0_UART0_IRQHandler))
<BR><BR>[Stack]<UL><LI>Max Depth = 72<LI>Call Chain = UARTE0_UART0_IRQHandler &rArr; uarte_irq_handler &rArr; rx_done_event
</UL>
<BR>[Calls]<UL><LI><a href="#[bc]">&gt;&gt;</a>&nbsp;&nbsp;&nbsp;uarte_irq_handler
<LI><a href="#[bd]">&gt;&gt;</a>&nbsp;&nbsp;&nbsp;uart_irq_handler
</UL>
<BR>[Address Reference Count : 1]<UL><LI> arm_startup_nrf52.o(RESET)
</UL>
<P><STRONG><a name="[94]"></a>UART_CONFIG</STRONG> (Thumb, 76 bytes, Stack size 48 bytes, app_gpio_in_out.o(i.UART_CONFIG))
<BR><BR>[Stack]<UL><LI>Max Depth = 172<LI>Call Chain = UART_CONFIG &rArr; app_uart_init &rArr; nrf_drv_uart_init &rArr; apply_config &rArr; nrf_gpio_cfg_input &rArr; nrf_gpio_cfg
</UL>
<BR>[Calls]<UL><LI><a href="#[be]">&gt;&gt;</a>&nbsp;&nbsp;&nbsp;app_uart_init
<LI><a href="#[62]">&gt;&gt;</a>&nbsp;&nbsp;&nbsp;app_error_handler_bare
</UL>
<BR>[Called By]<UL><LI><a href="#[90]">&gt;&gt;</a>&nbsp;&nbsp;&nbsp;Power_ON
</UL>

<P><STRONG><a name="[bf]"></a>UART_Receive_Analys</STRONG> (Thumb, 100 bytes, Stack size 16 bytes, main.o(i.UART_Receive_Analys))
<BR><BR>[Stack]<UL><LI>Max Depth = 40<LI>Call Chain = UART_Receive_Analys &rArr; __2printf
</UL>
<BR>[Calls]<UL><LI><a href="#[81]">&gt;&gt;</a>&nbsp;&nbsp;&nbsp;ClearSIMUSARTBUF
<LI><a href="#[7f]">&gt;&gt;</a>&nbsp;&nbsp;&nbsp;__2printf
<LI><a href="#[c0]">&gt;&gt;</a>&nbsp;&nbsp;&nbsp;strstr
</UL>
<BR>[Called By]<UL><LI><a href="#[31]">&gt;&gt;</a>&nbsp;&nbsp;&nbsp;main
</UL>

<P><STRONG><a name="[c1]"></a>WDT_Config</STRONG> (Thumb, 30 bytes, Stack size 16 bytes, main.o(i.WDT_Config))
<BR><BR>[Stack]<UL><LI>Max Depth = 56<LI>Call Chain = WDT_Config &rArr; nrf_drv_wdt_channel_alloc &rArr; app_util_critical_region_enter &rArr; sd_nvic_critical_region_enter
</UL>
<BR>[Calls]<UL><LI><a href="#[c2]">&gt;&gt;</a>&nbsp;&nbsp;&nbsp;nrf_drv_wdt_init
<LI><a href="#[c4]">&gt;&gt;</a>&nbsp;&nbsp;&nbsp;nrf_drv_wdt_enable
<LI><a href="#[c3]">&gt;&gt;</a>&nbsp;&nbsp;&nbsp;nrf_drv_wdt_channel_alloc
</UL>
<BR>[Called By]<UL><LI><a href="#[31]">&gt;&gt;</a>&nbsp;&nbsp;&nbsp;main
</UL>

<P><STRONG><a name="[1c]"></a>WDT_IRQHandler</STRONG> (Thumb, 42 bytes, Stack size 8 bytes, nrf_drv_wdt.o(i.WDT_IRQHandler))
<BR><BR>[Stack]<UL><LI>Max Depth = 8<LI>Call Chain = WDT_IRQHandler
</UL>
<BR>[Address Reference Count : 1]<UL><LI> arm_startup_nrf52.o(RESET)
</UL>
<P><STRONG><a name="[6d]"></a>Write_RingBuff</STRONG> (Thumb, 120 bytes, Stack size 24 bytes, ring_buffer.o(i.Write_RingBuff))
<BR><BR>[Stack]<UL><LI>Max Depth = 32<LI>Call Chain = Write_RingBuff &rArr; __aeabi_memcpy
</UL>
<BR>[Calls]<UL><LI><a href="#[82]">&gt;&gt;</a>&nbsp;&nbsp;&nbsp;__aeabi_memcpy
</UL>
<BR>[Called By]<UL><LI><a href="#[6b]">&gt;&gt;</a>&nbsp;&nbsp;&nbsp;ADCdata_deal
</UL>

<P><STRONG><a name="[139]"></a>addHearToBuf()</STRONG> (Thumb, 82 bytes, Stack size 20 bytes, filterpeak.o(i._Z12addHearToBufv))
<BR><BR>[Stack]<UL><LI>Max Depth = 20<LI>Call Chain = addHearToBuf()
</UL>
<BR>[Called By]<UL><LI><a href="#[7c]">&gt;&gt;</a>&nbsp;&nbsp;&nbsp;arithmeticHearts
</UL>

<P><STRONG><a name="[dc]"></a>getMidValue1(float*, float)</STRONG> (Thumb, 138 bytes, Stack size 144 bytes, arithmeticahi.o(i._Z12getMidValue1Pff))
<BR><BR>[Stack]<UL><LI>Max Depth = 152<LI>Call Chain = getMidValue1(float*, float) &rArr; __aeabi_memcpy4
</UL>
<BR>[Calls]<UL><LI><a href="#[6c]">&gt;&gt;</a>&nbsp;&nbsp;&nbsp;__aeabi_memclr4
<LI><a href="#[dd]">&gt;&gt;</a>&nbsp;&nbsp;&nbsp;__aeabi_memcpy4
</UL>
<BR>[Called By]<UL><LI><a href="#[8a]">&gt;&gt;</a>&nbsp;&nbsp;&nbsp;filterSmallPeak1(int*, float*, int)
</UL>

<P><STRONG><a name="[de]"></a>getMidValue2(float*, float)</STRONG> (Thumb, 138 bytes, Stack size 64 bytes, arithmeticahi.o(i._Z12getMidValue2Pff))
<BR><BR>[Stack]<UL><LI>Max Depth = 72<LI>Call Chain = getMidValue2(float*, float) &rArr; __aeabi_memcpy4
</UL>
<BR>[Calls]<UL><LI><a href="#[6c]">&gt;&gt;</a>&nbsp;&nbsp;&nbsp;__aeabi_memclr4
<LI><a href="#[dd]">&gt;&gt;</a>&nbsp;&nbsp;&nbsp;__aeabi_memcpy4
</UL>
<BR>[Called By]<UL><LI><a href="#[8d]">&gt;&gt;</a>&nbsp;&nbsp;&nbsp;filterSmallPeak2(int*, float*, int)
</UL>

<P><STRONG><a name="[18b]"></a>judgeSignalHr(float)</STRONG> (Thumb, 100 bytes, Stack size 16 bytes, arithmeticstatus.o(i._Z13judgeSignalHrf))
<BR><BR>[Stack]<UL><LI>Max Depth = 16<LI>Call Chain = judgeSignalHr(float)
</UL>
<BR>[Called By]<UL><LI><a href="#[f5]">&gt;&gt;</a>&nbsp;&nbsp;&nbsp;judgePeople
</UL>

<P><STRONG><a name="[8e]"></a>addFilterValue(int*, float*, int)</STRONG> (Thumb, 216 bytes, Stack size 40 bytes, arithmeticahi.o(i._Z14addFilterValuePiPfi))
<BR><BR>[Stack]<UL><LI>Max Depth = 48<LI>Call Chain = addFilterValue(int*, float*, int) &rArr; leftShiftInt1DArray &rArr; __aeabi_memmove4
</UL>
<BR>[Calls]<UL><LI><a href="#[8c]">&gt;&gt;</a>&nbsp;&nbsp;&nbsp;leftShiftInt1DArray
<LI><a href="#[8b]">&gt;&gt;</a>&nbsp;&nbsp;&nbsp;leftShift1DArray
</UL>
<BR>[Called By]<UL><LI><a href="#[88]">&gt;&gt;</a>&nbsp;&nbsp;&nbsp;OSAHS
</UL>

<P><STRONG><a name="[e9]"></a>arithmeticResp(float)</STRONG> (Thumb, 80 bytes, Stack size 8 bytes, arithmeticresp.o(i._Z14arithmeticRespf))
<BR><BR>[Stack]<UL><LI>Max Depth = 184<LI>Call Chain = arithmeticResp(float) &rArr; steadHeart() &rArr; __aeabi_dmul &rArr; _double_epilogue &rArr; _double_round
</UL>
<BR>[Calls]<UL><LI><a href="#[cd]">&gt;&gt;</a>&nbsp;&nbsp;&nbsp;steadHeart()
<LI><a href="#[c5]">&gt;&gt;</a>&nbsp;&nbsp;&nbsp;addFeature(float)
</UL>
<BR>[Called By]<UL><LI><a href="#[7d]">&gt;&gt;</a>&nbsp;&nbsp;&nbsp;arithmeticResps
</UL>

<P><STRONG><a name="[eb]"></a>arithmeticHeart(float)</STRONG> (Thumb, 32 bytes, Stack size 8 bytes, arithmeticheart.o(i._Z15arithmeticHeartf))
<BR><BR>[Stack]<UL><LI>Max Depth = 168<LI>Call Chain = arithmeticHeart(float) &rArr; featureDeduce() &rArr; __aeabi_dmul &rArr; _double_epilogue &rArr; _double_round
</UL>
<BR>[Calls]<UL><LI><a href="#[ec]">&gt;&gt;</a>&nbsp;&nbsp;&nbsp;extFrea(float)
<LI><a href="#[df]">&gt;&gt;</a>&nbsp;&nbsp;&nbsp;featureDeduce()
<LI><a href="#[c7]">&gt;&gt;</a>&nbsp;&nbsp;&nbsp;keyFeature()
</UL>
<BR>[Called By]<UL><LI><a href="#[7c]">&gt;&gt;</a>&nbsp;&nbsp;&nbsp;arithmeticHearts
</UL>

<P><STRONG><a name="[1d4]"></a>judgeSignalFull(float, float)</STRONG> (Thumb, 120 bytes, Stack size 12 bytes, arithmeticstatus.o(i._Z15judgeSignalFullff))
<BR><BR>[Stack]<UL><LI>Max Depth = 12<LI>Call Chain = judgeSignalFull(float, float)
</UL>
<BR>[Called By]<UL><LI><a href="#[f6]">&gt;&gt;</a>&nbsp;&nbsp;&nbsp;turnOverTimes
</UL>

<P><STRONG><a name="[18c]"></a>judgeSignalResp(float)</STRONG> (Thumb, 100 bytes, Stack size 16 bytes, arithmeticstatus.o(i._Z15judgeSignalRespf))
<BR><BR>[Stack]<UL><LI>Max Depth = 16<LI>Call Chain = judgeSignalResp(float)
</UL>
<BR>[Called By]<UL><LI><a href="#[f5]">&gt;&gt;</a>&nbsp;&nbsp;&nbsp;judgePeople
</UL>

<P><STRONG><a name="[8a]"></a>filterSmallPeak1(int*, float*, int)</STRONG> (Thumb, 360 bytes, Stack size 56 bytes, arithmeticahi.o(i._Z16filterSmallPeak1PiPfi))
<BR><BR>[Stack]<UL><LI>Max Depth = 208<LI>Call Chain = filterSmallPeak1(int*, float*, int) &rArr; getMidValue1(float*, float) &rArr; __aeabi_memcpy4
</UL>
<BR>[Calls]<UL><LI><a href="#[db]">&gt;&gt;</a>&nbsp;&nbsp;&nbsp;leftShift2DArray
<LI><a href="#[8b]">&gt;&gt;</a>&nbsp;&nbsp;&nbsp;leftShift1DArray
<LI><a href="#[d1]">&gt;&gt;</a>&nbsp;&nbsp;&nbsp;__aeabi_f2d
<LI><a href="#[55]">&gt;&gt;</a>&nbsp;&nbsp;&nbsp;__aeabi_dmul
<LI><a href="#[d2]">&gt;&gt;</a>&nbsp;&nbsp;&nbsp;__aeabi_cdrcmple
<LI><a href="#[dc]">&gt;&gt;</a>&nbsp;&nbsp;&nbsp;getMidValue1(float*, float)
<LI><a href="#[ee]">&gt;&gt;</a>&nbsp;&nbsp;&nbsp;getFrea1(int, float)
</UL>
<BR>[Called By]<UL><LI><a href="#[88]">&gt;&gt;</a>&nbsp;&nbsp;&nbsp;OSAHS
</UL>

<P><STRONG><a name="[8d]"></a>filterSmallPeak2(int*, float*, int)</STRONG> (Thumb, 378 bytes, Stack size 64 bytes, arithmeticahi.o(i._Z16filterSmallPeak2PiPfi))
<BR><BR>[Stack]<UL><LI>Max Depth = 152<LI>Call Chain = filterSmallPeak2(int*, float*, int) &rArr; __aeabi_dmul &rArr; _double_epilogue &rArr; _double_round
</UL>
<BR>[Calls]<UL><LI><a href="#[8c]">&gt;&gt;</a>&nbsp;&nbsp;&nbsp;leftShiftInt1DArray
<LI><a href="#[8b]">&gt;&gt;</a>&nbsp;&nbsp;&nbsp;leftShift1DArray
<LI><a href="#[d1]">&gt;&gt;</a>&nbsp;&nbsp;&nbsp;__aeabi_f2d
<LI><a href="#[55]">&gt;&gt;</a>&nbsp;&nbsp;&nbsp;__aeabi_dmul
<LI><a href="#[d2]">&gt;&gt;</a>&nbsp;&nbsp;&nbsp;__aeabi_cdrcmple
<LI><a href="#[de]">&gt;&gt;</a>&nbsp;&nbsp;&nbsp;getMidValue2(float*, float)
<LI><a href="#[ef]">&gt;&gt;</a>&nbsp;&nbsp;&nbsp;getFrea2(int, float)
</UL>
<BR>[Called By]<UL><LI><a href="#[88]">&gt;&gt;</a>&nbsp;&nbsp;&nbsp;OSAHS
</UL>

<P><STRONG><a name="[f4]"></a>judgeOtherStatue()</STRONG> (Thumb, 104 bytes, Stack size 8 bytes, filterpeak.o(i._Z16judgeOtherStatuev))
<BR><BR>[Stack]<UL><LI>Max Depth = 232<LI>Call Chain = judgeOtherStatue() &rArr; OSAHS &rArr; filterSmallPeak1(int*, float*, int) &rArr; getMidValue1(float*, float) &rArr; __aeabi_memcpy4
</UL>
<BR>[Calls]<UL><LI><a href="#[f6]">&gt;&gt;</a>&nbsp;&nbsp;&nbsp;turnOverTimes
<LI><a href="#[f5]">&gt;&gt;</a>&nbsp;&nbsp;&nbsp;judgePeople
<LI><a href="#[88]">&gt;&gt;</a>&nbsp;&nbsp;&nbsp;OSAHS
<LI><a href="#[f7]">&gt;&gt;</a>&nbsp;&nbsp;&nbsp;CSAS
</UL>
<BR>[Called By]<UL><LI><a href="#[7c]">&gt;&gt;</a>&nbsp;&nbsp;&nbsp;arithmeticHearts
</UL>

<P><STRONG><a name="[e2]"></a>getSteadyStandard_3(unsigned short*, char, const short*, char, const float*)</STRONG> (Thumb, 72 bytes, Stack size 24 bytes, arithmeticheartsteady_3.o(i._Z19getSteadyStandard_3PtcPKscPKf))
<BR><BR>[Stack]<UL><LI>Max Depth = 68<LI>Call Chain = getSteadyStandard_3(unsigned short*, char, const short*, char, const float*) &rArr; getSteadyAverage(unsigned short*) &rArr; getSteadyRadioPara
</UL>
<BR>[Calls]<UL><LI><a href="#[f0]">&gt;&gt;</a>&nbsp;&nbsp;&nbsp;getSteadyAverage(unsigned short*)
<LI><a href="#[ea]">&gt;&gt;</a>&nbsp;&nbsp;&nbsp;threePeakJudge(int, const float*)
<LI><a href="#[d7]">&gt;&gt;</a>&nbsp;&nbsp;&nbsp;addFivePeaks(unsigned short)
</UL>
<BR>[Called By]<UL><LI><a href="#[df]">&gt;&gt;</a>&nbsp;&nbsp;&nbsp;featureDeduce()
</UL>

<P><STRONG><a name="[e0]"></a>getSteadyStandard_5(unsigned short*, char, const short*, char, const float*)</STRONG> (Thumb, 70 bytes, Stack size 24 bytes, arithmeticheartsteady_5.o(i._Z19getSteadyStandard_5PtcPKscPKf))
<BR><BR>[Stack]<UL><LI>Max Depth = 68<LI>Call Chain = getSteadyStandard_5(unsigned short*, char, const short*, char, const float*) &rArr; getSteadyAverage(unsigned short*) &rArr; getSteadyRadioPara
</UL>
<BR>[Calls]<UL><LI><a href="#[f2]">&gt;&gt;</a>&nbsp;&nbsp;&nbsp;getSteadyAverage(unsigned short*)
<LI><a href="#[e8]">&gt;&gt;</a>&nbsp;&nbsp;&nbsp;fivePeakJudge(int, const float*)
<LI><a href="#[d9]">&gt;&gt;</a>&nbsp;&nbsp;&nbsp;addFivePeaks(unsigned short)
</UL>
<BR>[Called By]<UL><LI><a href="#[df]">&gt;&gt;</a>&nbsp;&nbsp;&nbsp;featureDeduce()
</UL>

<P><STRONG><a name="[e1]"></a>getSteadyStandard_35(unsigned short*, char, const short*, char, const float*)</STRONG> (Thumb, 118 bytes, Stack size 16 bytes, arithmeticheartsteady_35.o(i._Z20getSteadyStandard_35PtcPKscPKf))
<BR><BR>[Stack]<UL><LI>Max Depth = 80<LI>Call Chain = getSteadyStandard_35(unsigned short*, char, const short*, char, const float*) &rArr; fiveOrThree(int, const float*) &rArr; leftShiftShort2DArray &rArr; __aeabi_memmove
</UL>
<BR>[Calls]<UL><LI><a href="#[f3]">&gt;&gt;</a>&nbsp;&nbsp;&nbsp;getSteadyAverage(unsigned short*)
<LI><a href="#[da]">&gt;&gt;</a>&nbsp;&nbsp;&nbsp;addFivePeaks(unsigned short)
<LI><a href="#[d5]">&gt;&gt;</a>&nbsp;&nbsp;&nbsp;fiveOrThree(int, const float*)
</UL>
<BR>[Called By]<UL><LI><a href="#[df]">&gt;&gt;</a>&nbsp;&nbsp;&nbsp;featureDeduce()
</UL>

<P><STRONG><a name="[8f]"></a>algAhi(int*, float*, int)</STRONG> (Thumb, 222 bytes, Stack size 40 bytes, arithmeticahi.o(i._Z6algAhiPiPfi))
<BR><BR>[Stack]<UL><LI>Max Depth = 128<LI>Call Chain = algAhi(int*, float*, int) &rArr; __aeabi_dmul &rArr; _double_epilogue &rArr; _double_round
</UL>
<BR>[Calls]<UL><LI><a href="#[d1]">&gt;&gt;</a>&nbsp;&nbsp;&nbsp;__aeabi_f2d
<LI><a href="#[55]">&gt;&gt;</a>&nbsp;&nbsp;&nbsp;__aeabi_dmul
<LI><a href="#[d3]">&gt;&gt;</a>&nbsp;&nbsp;&nbsp;__aeabi_cdcmple
</UL>
<BR>[Called By]<UL><LI><a href="#[88]">&gt;&gt;</a>&nbsp;&nbsp;&nbsp;OSAHS
</UL>

<P><STRONG><a name="[fa]"></a>addResp()</STRONG> (Thumb, 74 bytes, Stack size 24 bytes, filterpeak.o(i._Z7addRespv))
<BR><BR>[Stack]<UL><LI>Max Depth = 72<LI>Call Chain = addResp() &rArr; getMedValue &rArr; __aeabi_memcpy4
</UL>
<BR>[Calls]<UL><LI><a href="#[fb]">&gt;&gt;</a>&nbsp;&nbsp;&nbsp;getMedValue
</UL>
<BR>[Called By]<UL><LI><a href="#[7d]">&gt;&gt;</a>&nbsp;&nbsp;&nbsp;arithmeticResps
</UL>

<P><STRONG><a name="[13a]"></a>getActSig(float)</STRONG> (Thumb, 26 bytes, Stack size 0 bytes, filterpeak.o(i._Z9getActSigf))
<BR><BR>[Called By]<UL><LI><a href="#[7d]">&gt;&gt;</a>&nbsp;&nbsp;&nbsp;arithmeticResps
</UL>

<P><STRONG><a name="[fd]"></a>__0printf$3</STRONG> (Thumb, 22 bytes, Stack size 24 bytes, printf3.o(i.__0printf$3), UNUSED)
<BR><BR>[Calls]<UL><LI><a href="#[fe]">&gt;&gt;</a>&nbsp;&nbsp;&nbsp;_printf_core
</UL>

<P><STRONG><a name="[1f0]"></a>__1printf$3</STRONG> (Thumb, 0 bytes, Stack size 24 bytes, printf3.o(i.__0printf$3), UNUSED)

<P><STRONG><a name="[7f]"></a>__2printf</STRONG> (Thumb, 0 bytes, Stack size 24 bytes, printf3.o(i.__0printf$3))
<BR><BR>[Stack]<UL><LI>Max Depth = 24<LI>Call Chain = __2printf
</UL>
<BR>[Called By]<UL><LI><a href="#[a9]">&gt;&gt;</a>&nbsp;&nbsp;&nbsp;SendRealTimeHRData
<LI><a href="#[ab]">&gt;&gt;</a>&nbsp;&nbsp;&nbsp;SendNoRRData
<LI><a href="#[7e]">&gt;&gt;</a>&nbsp;&nbsp;&nbsp;Check_ExtSensor_PeopleOnBed
<LI><a href="#[31]">&gt;&gt;</a>&nbsp;&nbsp;&nbsp;main
<LI><a href="#[bf]">&gt;&gt;</a>&nbsp;&nbsp;&nbsp;UART_Receive_Analys
</UL>

<P><STRONG><a name="[1f1]"></a>__scatterload_copy</STRONG> (Thumb, 14 bytes, Stack size unknown bytes, handlers.o(i.__scatterload_copy), UNUSED)

<P><STRONG><a name="[1f2]"></a>__scatterload_null</STRONG> (Thumb, 2 bytes, Stack size unknown bytes, handlers.o(i.__scatterload_null), UNUSED)

<P><STRONG><a name="[1f3]"></a>__scatterload_zeroinit</STRONG> (Thumb, 14 bytes, Stack size unknown bytes, handlers.o(i.__scatterload_zeroinit), UNUSED)

<P><STRONG><a name="[100]"></a>adv_data_encode</STRONG> (Thumb, 454 bytes, Stack size 32 bytes, ble_advdata.o(i.adv_data_encode))
<BR><BR>[Stack]<UL><LI>Max Depth = 128<LI>Call Chain = adv_data_encode &rArr; uuid_list_encode &rArr; uuid_list_sized_encode
</UL>
<BR>[Calls]<UL><LI><a href="#[108]">&gt;&gt;</a>&nbsp;&nbsp;&nbsp;uuid_list_encode
<LI><a href="#[107]">&gt;&gt;</a>&nbsp;&nbsp;&nbsp;tx_power_level_encode
<LI><a href="#[102]">&gt;&gt;</a>&nbsp;&nbsp;&nbsp;tk_value_encode
<LI><a href="#[10b]">&gt;&gt;</a>&nbsp;&nbsp;&nbsp;service_data_encode
<LI><a href="#[101]">&gt;&gt;</a>&nbsp;&nbsp;&nbsp;sec_mgr_oob_flags_encode
<LI><a href="#[10c]">&gt;&gt;</a>&nbsp;&nbsp;&nbsp;name_encode
<LI><a href="#[10a]">&gt;&gt;</a>&nbsp;&nbsp;&nbsp;manuf_specific_data_encode
<LI><a href="#[103]">&gt;&gt;</a>&nbsp;&nbsp;&nbsp;le_role_encode
<LI><a href="#[106]">&gt;&gt;</a>&nbsp;&nbsp;&nbsp;flags_encode
<LI><a href="#[109]">&gt;&gt;</a>&nbsp;&nbsp;&nbsp;conn_int_encode
<LI><a href="#[104]">&gt;&gt;</a>&nbsp;&nbsp;&nbsp;ble_device_addr_encode
<LI><a href="#[105]">&gt;&gt;</a>&nbsp;&nbsp;&nbsp;appearance_encode
</UL>
<BR>[Called By]<UL><LI><a href="#[13c]">&gt;&gt;</a>&nbsp;&nbsp;&nbsp;ble_advdata_set
</UL>

<P><STRONG><a name="[6f]"></a>advertising_status_data</STRONG> (Thumb, 80 bytes, Stack size 88 bytes, ble_nrf.o(i.advertising_status_data))
<BR><BR>[Stack]<UL><LI>Max Depth = 336<LI>Call Chain = advertising_status_data &rArr; ble_advertising_specific_data &rArr; ble_advdata_set &rArr; adv_data_encode &rArr; uuid_list_encode &rArr; uuid_list_sized_encode
</UL>
<BR>[Calls]<UL><LI><a href="#[110]">&gt;&gt;</a>&nbsp;&nbsp;&nbsp;ble_advertising_specific_data
<LI><a href="#[62]">&gt;&gt;</a>&nbsp;&nbsp;&nbsp;app_error_handler_bare
<LI><a href="#[6c]">&gt;&gt;</a>&nbsp;&nbsp;&nbsp;__aeabi_memclr4
</UL>
<BR>[Called By]<UL><LI><a href="#[6e]">&gt;&gt;</a>&nbsp;&nbsp;&nbsp;BLE_Send_data
</UL>

<P><STRONG><a name="[111]"></a>app_error_fault_handler</STRONG> (Thumb, 60 bytes, Stack size 0 bytes, app_error_weak.o(i.app_error_fault_handler))
<BR><BR>[Called By]<UL><LI><a href="#[62]">&gt;&gt;</a>&nbsp;&nbsp;&nbsp;app_error_handler_bare
<LI><a href="#[42]">&gt;&gt;</a>&nbsp;&nbsp;&nbsp;softdevice_fault_handler
</UL>

<P><STRONG><a name="[62]"></a>app_error_handler_bare</STRONG> (Thumb, 28 bytes, Stack size 24 bytes, app_error.o(i.app_error_handler_bare))
<BR><BR>[Stack]<UL><LI>Max Depth = 24<LI>Call Chain = app_error_handler_bare
</UL>
<BR>[Calls]<UL><LI><a href="#[111]">&gt;&gt;</a>&nbsp;&nbsp;&nbsp;app_error_fault_handler
</UL>
<BR>[Called By]<UL><LI><a href="#[6f]">&gt;&gt;</a>&nbsp;&nbsp;&nbsp;advertising_status_data
<LI><a href="#[39]">&gt;&gt;</a>&nbsp;&nbsp;&nbsp;on_adv_evt
<LI><a href="#[74]">&gt;&gt;</a>&nbsp;&nbsp;&nbsp;gap_params_init
<LI><a href="#[72]">&gt;&gt;</a>&nbsp;&nbsp;&nbsp;ble_stack_init
<LI><a href="#[76]">&gt;&gt;</a>&nbsp;&nbsp;&nbsp;advertising_init
<LI><a href="#[92]">&gt;&gt;</a>&nbsp;&nbsp;&nbsp;app_timer1_init
<LI><a href="#[94]">&gt;&gt;</a>&nbsp;&nbsp;&nbsp;UART_CONFIG
<LI><a href="#[60]">&gt;&gt;</a>&nbsp;&nbsp;&nbsp;ADC_GPIO_CONFIG
<LI><a href="#[14c]">&gt;&gt;</a>&nbsp;&nbsp;&nbsp;sys_id_encode
<LI><a href="#[14d]">&gt;&gt;</a>&nbsp;&nbsp;&nbsp;pnp_id_encode
<LI><a href="#[14b]">&gt;&gt;</a>&nbsp;&nbsp;&nbsp;char_add
<LI><a href="#[a4]">&gt;&gt;</a>&nbsp;&nbsp;&nbsp;intern_softdevice_events_execute
<LI><a href="#[22]">&gt;&gt;</a>&nbsp;&nbsp;&nbsp;SWI2_EGU2_IRQHandler
<LI><a href="#[1cd]">&gt;&gt;</a>&nbsp;&nbsp;&nbsp;timeout_handler_exec
</UL>

<P><STRONG><a name="[112]"></a>app_fifo_get</STRONG> (Thumb, 30 bytes, Stack size 16 bytes, app_fifo.o(i.app_fifo_get))
[...]
</UL>

<P><STRONG><a name="[b6]"></a>errata_108</STRONG> (Thumb, 78 bytes, Stack size 0 bytes, system_nrf52.o(i.errata_108))
<BR><BR>[Called By]<UL><LI><a href="#[32]">&gt;&gt;</a>&nbsp;&nbsp;&nbsp;SystemInit
</UL>

<P><STRONG><a name="[af]"></a>errata_16</STRONG> (Thumb, 42 bytes, Stack size 0 bytes, system_nrf52.o(i.errata_16))
<BR><BR>[Called By]<UL><LI><a href="#[32]">&gt;&gt;</a>&nbsp;&nbsp;&nbsp;SystemInit
</UL>

<P><STRONG><a name="[b0]"></a>errata_31</STRONG> (Thumb, 78 bytes, Stack size 0 bytes, system_nrf52.o(i.errata_31))
<BR><BR>[Called By]<UL><LI><a href="#[32]">&gt;&gt;</a>&nbsp;&nbsp;&nbsp;SystemInit
</UL>

<P><STRONG><a name="[b1]"></a>errata_32</STRONG> (Thumb, 42 bytes, Stack size 0 bytes, system_nrf52.o(i.errata_32))
<BR><BR>[Called By]<UL><LI><a href="#[32]">&gt;&gt;</a>&nbsp;&nbsp;&nbsp;SystemInit
</UL>

<P><STRONG><a name="[b2]"></a>errata_36</STRONG> (Thumb, 78 bytes, Stack size 0 bytes, system_nrf52.o(i.errata_36))
<BR><BR>[Called By]<UL><LI><a href="#[32]">&gt;&gt;</a>&nbsp;&nbsp;&nbsp;SystemInit
</UL>

<P><STRONG><a name="[b3]"></a>errata_37</STRONG> (Thumb, 42 bytes, Stack size 0 bytes, system_nrf52.o(i.errata_37))
<BR><BR>[Called By]<UL><LI><a href="#[32]">&gt;&gt;</a>&nbsp;&nbsp;&nbsp;SystemInit
</UL>

<P><STRONG><a name="[b4]"></a>errata_57</STRONG> (Thumb, 42 bytes, Stack size 0 bytes, system_nrf52.o(i.errata_57))
<BR><BR>[Called By]<UL><LI><a href="#[32]">&gt;&gt;</a>&nbsp;&nbsp;&nbsp;SystemInit
</UL>

<P><STRONG><a name="[b5]"></a>errata_66</STRONG> (Thumb, 42 bytes, Stack size 0 bytes, system_nrf52.o(i.errata_66))
<BR><BR>[Called By]<UL><LI><a href="#[32]">&gt;&gt;</a>&nbsp;&nbsp;&nbsp;SystemInit
</UL>

<P><STRONG><a name="[c5]"></a>addFeature(float)</STRONG> (Thumb, 102 bytes, Stack size 0 bytes, arithmeticresp.o(i._Z10addFeaturef))
<BR><BR>[Stack]<UL><LI>Max Depth = 16<LI>Call Chain = addFeature(float) &rArr; peakFeatureLeftShift() &rArr; leftShiftInt1DArray &rArr; __aeabi_memmove4
</UL>
<BR>[Calls]<UL><LI><a href="#[c6]">&gt;&gt;</a>&nbsp;&nbsp;&nbsp;peakFeatureLeftShift()
</UL>
<BR>[Called By]<UL><LI><a href="#[e9]">&gt;&gt;</a>&nbsp;&nbsp;&nbsp;arithmeticResp(float)
</UL>

<P><STRONG><a name="[cd]"></a>steadHeart()</STRONG> (Thumb, 1150 bytes, Stack size 88 bytes, arithmeticresp.o(i._Z10steadHeartv))
<BR><BR>[Stack]<UL><LI>Max Depth = 176<LI>Call Chain = steadHeart() &rArr; __aeabi_dmul &rArr; _double_epilogue &rArr; _double_round
</UL>
<BR>[Calls]<UL><LI><a href="#[8c]">&gt;&gt;</a>&nbsp;&nbsp;&nbsp;leftShiftInt1DArray
<LI><a href="#[8b]">&gt;&gt;</a>&nbsp;&nbsp;&nbsp;leftShift1DArray
<LI><a href="#[d1]">&gt;&gt;</a>&nbsp;&nbsp;&nbsp;__aeabi_f2d
<LI><a href="#[55]">&gt;&gt;</a>&nbsp;&nbsp;&nbsp;__aeabi_dmul
<LI><a href="#[d2]">&gt;&gt;</a>&nbsp;&nbsp;&nbsp;__aeabi_cdrcmple
<LI><a href="#[d3]">&gt;&gt;</a>&nbsp;&nbsp;&nbsp;__aeabi_cdcmple
<LI><a href="#[cf]">&gt;&gt;</a>&nbsp;&nbsp;&nbsp;addRespRR(int, char)
<LI><a href="#[d0]">&gt;&gt;</a>&nbsp;&nbsp;&nbsp;init()
<LI><a href="#[ce]">&gt;&gt;</a>&nbsp;&nbsp;&nbsp;getAvgRanges()
<LI><a href="#[d4]">&gt;&gt;</a>&nbsp;&nbsp;&nbsp;addPeakRange(float, float, int)
</UL>
<BR>[Called By]<UL><LI><a href="#[e9]">&gt;&gt;</a>&nbsp;&nbsp;&nbsp;arithmeticResp(float)
</UL>

<P><STRONG><a name="[d4]"></a>addPeakRange(float, float, int)</STRONG> (Thumb, 80 bytes, Stack size 24 bytes, arithmeticresp.o(i._Z12addPeakRangeffi))
<BR><BR>[Stack]<UL><LI>Max Depth = 64<LI>Call Chain = addPeakRange(float, float, int) &rArr; leftShift2DArray &rArr; __aeabi_memmove4
</UL>
<BR>[Calls]<UL><LI><a href="#[db]">&gt;&gt;</a>&nbsp;&nbsp;&nbsp;leftShift2DArray
</UL>
<BR>[Called By]<UL><LI><a href="#[cd]">&gt;&gt;</a>&nbsp;&nbsp;&nbsp;steadHeart()
</UL>

<P><STRONG><a name="[ce]"></a>getAvgRanges()</STRONG> (Thumb, 52 bytes, Stack size 0 bytes, arithmeticresp.o(i._Z12getAvgRangesv))
<BR><BR>[Called By]<UL><LI><a href="#[cd]">&gt;&gt;</a>&nbsp;&nbsp;&nbsp;steadHeart()
</UL>

<P><STRONG><a name="[ed]"></a>setStandardResp()</STRONG> (Thumb, 136 bytes, Stack size 32 bytes, arithmeticresp.o(i._Z15setStandardRespv))
<BR><BR>[Stack]<UL><LI>Max Depth = 32<LI>Call Chain = setStandardResp()
</UL>
<BR>[Calls]<UL><LI><a href="#[ad]">&gt;&gt;</a>&nbsp;&nbsp;&nbsp;getRespRate
</UL>
<BR>[Called By]<UL><LI><a href="#[fc]">&gt;&gt;</a>&nbsp;&nbsp;&nbsp;addSteady(int)
</UL>

<P><STRONG><a name="[c6]"></a>peakFeatureLeftShift()</STRONG> (Thumb, 28 bytes, Stack size 8 bytes, arithmeticresp.o(i._Z20peakFeatureLeftShiftv))
<BR><BR>[Stack]<UL><LI>Max Depth = 16<LI>Call Chain = peakFeatureLeftShift() &rArr; leftShiftInt1DArray &rArr; __aeabi_memmove4
</UL>
<BR>[Calls]<UL><LI><a href="#[8c]">&gt;&gt;</a>&nbsp;&nbsp;&nbsp;leftShiftInt1DArray
</UL>
<BR>[Called By]<UL><LI><a href="#[c5]">&gt;&gt;</a>&nbsp;&nbsp;&nbsp;addFeature(float)
</UL>

<P><STRONG><a name="[d0]"></a>init()</STRONG> (Thumb, 36 bytes, Stack size 0 bytes, arithmeticresp.o(i._Z4initv))
<BR><BR>[Called By]<UL><LI><a href="#[cd]">&gt;&gt;</a>&nbsp;&nbsp;&nbsp;steadHeart()
</UL>

<P><STRONG><a name="[cf]"></a>addRespRR(int, char)</STRONG> (Thumb, 188 bytes, Stack size 16 bytes, arithmeticresp.o(i._Z9addRespRRic))
<BR><BR>[Stack]<UL><LI>Max Depth = 64<LI>Call Chain = addRespRR(int, char) &rArr; addSteady(int) &rArr; setStandardResp()
</UL>
<BR>[Calls]<UL><LI><a href="#[ad]">&gt;&gt;</a>&nbsp;&nbsp;&nbsp;getRespRate
<LI><a href="#[fc]">&gt;&gt;</a>&nbsp;&nbsp;&nbsp;addSteady(int)
</UL>
<BR>[Called By]<UL><LI><a href="#[cd]">&gt;&gt;</a>&nbsp;&nbsp;&nbsp;steadHeart()
</UL>

<P><STRONG><a name="[fc]"></a>addSteady(int)</STRONG> (Thumb, 48 bytes, Stack size 16 bytes, arithmeticresp.o(i._Z9addSteadyi))
<BR><BR>[Stack]<UL><LI>Max Depth = 48<LI>Call Chain = addSteady(int) &rArr; setStandardResp()
</UL>
<BR>[Calls]<UL><LI><a href="#[8c]">&gt;&gt;</a>&nbsp;&nbsp;&nbsp;leftShiftInt1DArray
<LI><a href="#[ed]">&gt;&gt;</a>&nbsp;&nbsp;&nbsp;setStandardResp()
</UL>
<BR>[Called By]<UL><LI><a href="#[cf]">&gt;&gt;</a>&nbsp;&nbsp;&nbsp;addRespRR(int, char)
</UL>

<P><STRONG><a name="[c7]"></a>keyFeature()</STRONG> (Thumb, 266 bytes, Stack size 40 bytes, arithmeticheart.o(i._Z10keyFeaturev))
<BR><BR>[Stack]<UL><LI>Max Depth = 56<LI>Call Chain = keyFeature() &rArr; peakTempLeftShift() &rArr; leftShiftShort1DArray &rArr; __aeabi_memmove
</UL>
<BR>[Calls]<UL><LI><a href="#[c8]">&gt;&gt;</a>&nbsp;&nbsp;&nbsp;peakTempLeftShift()
<LI><a href="#[c9]">&gt;&gt;</a>&nbsp;&nbsp;&nbsp;leftShiftShort1DArray
<LI><a href="#[8b]">&gt;&gt;</a>&nbsp;&nbsp;&nbsp;leftShift1DArray
</UL>
<BR>[Called By]<UL><LI><a href="#[eb]">&gt;&gt;</a>&nbsp;&nbsp;&nbsp;arithmeticHeart(float)
</UL>

<P><STRONG><a name="[ca]"></a>spaceJudge(int, short)</STRONG> (Thumb, 68 bytes, Stack size 16 bytes, arithmeticheart.o(i._Z10spaceJudgeis))
<BR><BR>[Stack]<UL><LI>Max Depth = 20<LI>Call Chain = spaceJudge(int, short) &rArr; getRadioPara
</UL>
<BR>[Calls]<UL><LI><a href="#[cc]">&gt;&gt;</a>&nbsp;&nbsp;&nbsp;getRadioPara
<LI><a href="#[cb]">&gt;&gt;</a>&nbsp;&nbsp;&nbsp;getHeartRR
</UL>
<BR>[Called By]<UL><LI><a href="#[df]">&gt;&gt;</a>&nbsp;&nbsp;&nbsp;featureDeduce()
</UL>

<P><STRONG><a name="[df]"></a>featureDeduce()</STRONG> (Thumb, 900 bytes, Stack size 72 bytes, arithmeticheart.o(i._Z13featureDeducev))
<BR><BR>[Stack]<UL><LI>Max Depth = 160<LI>Call Chain = featureDeduce() &rArr; __aeabi_dmul &rArr; _double_epilogue &rArr; _double_round
</UL>
<BR>[Calls]<UL><LI><a href="#[a8]">&gt;&gt;</a>&nbsp;&nbsp;&nbsp;getHeartRate
<LI><a href="#[59]">&gt;&gt;</a>&nbsp;&nbsp;&nbsp;__aeabi_i2d
<LI><a href="#[e7]">&gt;&gt;</a>&nbsp;&nbsp;&nbsp;getRRAvg()
<LI><a href="#[e5]">&gt;&gt;</a>&nbsp;&nbsp;&nbsp;addHeart(int, int, int, unsigned short)
<LI><a href="#[e4]">&gt;&gt;</a>&nbsp;&nbsp;&nbsp;setRR(const unsigned short*, const unsigned short*, const unsigned short*)
<LI><a href="#[e3]">&gt;&gt;</a>&nbsp;&nbsp;&nbsp;setPv(const unsigned short*, const unsigned short*, const unsigned short*)
<LI><a href="#[e6]">&gt;&gt;</a>&nbsp;&nbsp;&nbsp;addRR(float)
<LI><a href="#[ca]">&gt;&gt;</a>&nbsp;&nbsp;&nbsp;spaceJudge(int, short)
<LI><a href="#[cb]">&gt;&gt;</a>&nbsp;&nbsp;&nbsp;getHeartRR
<LI><a href="#[55]">&gt;&gt;</a>&nbsp;&nbsp;&nbsp;__aeabi_dmul
<LI><a href="#[d2]">&gt;&gt;</a>&nbsp;&nbsp;&nbsp;__aeabi_cdrcmple
<LI><a href="#[d3]">&gt;&gt;</a>&nbsp;&nbsp;&nbsp;__aeabi_cdcmple
<LI><a href="#[5a]">&gt;&gt;</a>&nbsp;&nbsp;&nbsp;__aeabi_ui2d
<LI><a href="#[e1]">&gt;&gt;</a>&nbsp;&nbsp;&nbsp;getSteadyStandard_35(unsigned short*, char, const short*, char, const float*)
<LI><a href="#[e0]">&gt;&gt;</a>&nbsp;&nbsp;&nbsp;getSteadyStandard_5(unsigned short*, char, const short*, char, const float*)
<LI><a href="#[e2]">&gt;&gt;</a>&nbsp;&nbsp;&nbsp;getSteadyStandard_3(unsigned short*, char, const short*, char, const float*)
</UL>
<BR>[Called By]<UL><LI><a href="#[eb]">&gt;&gt;</a>&nbsp;&nbsp;&nbsp;arithmeticHeart(float)
</UL>

<P><STRONG><a name="[c8]"></a>peakTempLeftShift()</STRONG> (Thumb, 40 bytes, Stack size 8 bytes, arithmeticheart.o(i._Z17peakTempLeftShiftv))
<BR><BR>[Stack]<UL><LI>Max Depth = 16<LI>Call Chain = peakTempLeftShift() &rArr; leftShiftShort1DArray &rArr; __aeabi_memmove
</UL>
<BR>[Calls]<UL><LI><a href="#[c9]">&gt;&gt;</a>&nbsp;&nbsp;&nbsp;leftShiftShort1DArray
<LI><a href="#[8b]">&gt;&gt;</a>&nbsp;&nbsp;&nbsp;leftShift1DArray
</UL>
<BR>[Called By]<UL><LI><a href="#[c7]">&gt;&gt;</a>&nbsp;&nbsp;&nbsp;keyFeature()
</UL>

<P><STRONG><a name="[f8]"></a>heartRatesLeftShift()</STRONG> (Thumb, 30 bytes, Stack size 8 bytes, arithmeticheart.o(i._Z19heartRatesLeftShiftv))
<BR><BR>[Stack]<UL><LI>Max Depth = 48<LI>Call Chain = heartRatesLeftShift() &rArr; leftShiftInt2DArray &rArr; __aeabi_memmove4
</UL>
<BR>[Calls]<UL><LI><a href="#[f9]">&gt;&gt;</a>&nbsp;&nbsp;&nbsp;leftShiftInt2DArray
</UL>
<BR>[Called By]<UL><LI><a href="#[e5]">&gt;&gt;</a>&nbsp;&nbsp;&nbsp;addHeart(int, int, int, unsigned short)
</UL>

<P><STRONG><a name="[e6]"></a>addRR(float)</STRONG> (Thumb, 56 bytes, Stack size 0 bytes, arithmeticheart.o(i._Z5addRRf))
<BR><BR>[Called By]<UL><LI><a href="#[df]">&gt;&gt;</a>&nbsp;&nbsp;&nbsp;featureDeduce()
</UL>

<P><STRONG><a name="[e3]"></a>setPv(const unsigned short*, const unsigned short*, const unsigned short*)</STRONG> (Thumb, 120 bytes, Stack size 20 bytes, arithmeticheart.o(i._Z5setPvPKtS0_S0_))
<BR><BR>[Stack]<UL><LI>Max Depth = 20<LI>Call Chain = setPv(const unsigned short*, const unsigned short*, const unsigned short*)
</UL>
<BR>[Called By]<UL><LI><a href="#[df]">&gt;&gt;</a>&nbsp;&nbsp;&nbsp;featureDeduce()
</UL>

<P><STRONG><a name="[e4]"></a>setRR(const unsigned short*, const unsigned short*, const unsigned short*)</STRONG> (Thumb, 48 bytes, Stack size 8 bytes, arithmeticheart.o(i._Z5setRRPKtS0_S0_))
<BR><BR>[Stack]<UL><LI>Max Depth = 8<LI>Call Chain = setRR(const unsigned short*, const unsigned short*, const unsigned short*)
</UL>
<BR>[Called By]<UL><LI><a href="#[df]">&gt;&gt;</a>&nbsp;&nbsp;&nbsp;featureDeduce()
</UL>

<P><STRONG><a name="[ec]"></a>extFrea(float)</STRONG> (Thumb, 298 bytes, Stack size 24 bytes, arithmeticheart.o(i._Z7extFreaf))
<BR><BR>[Stack]<UL><LI>Max Depth = 64<LI>Call Chain = extFrea(float) &rArr; leftShift2DArray &rArr; __aeabi_memmove4
</UL>
<BR>[Calls]<UL><LI><a href="#[c9]">&gt;&gt;</a>&nbsp;&nbsp;&nbsp;leftShiftShort1DArray
<LI><a href="#[db]">&gt;&gt;</a>&nbsp;&nbsp;&nbsp;leftShift2DArray
<LI><a href="#[8b]">&gt;&gt;</a>&nbsp;&nbsp;&nbsp;leftShift1DArray
</UL>
<BR>[Called By]<UL><LI><a href="#[eb]">&gt;&gt;</a>&nbsp;&nbsp;&nbsp;arithmeticHeart(float)
</UL>

<P><STRONG><a name="[e5]"></a>addHeart(int, int, int, unsigned short)</STRONG> (Thumb, 54 bytes, Stack size 24 bytes, arithmeticheart.o(i._Z8addHeartiiit))
<BR><BR>[Stack]<UL><LI>Max Depth = 72<LI>Call Chain = addHeart(int, int, int, unsigned short) &rArr; heartRatesLeftShift() &rArr; leftShiftInt2DArray &rArr; __aeabi_memmove4
</UL>
<BR>[Calls]<UL><LI><a href="#[f8]">&gt;&gt;</a>&nbsp;&nbsp;&nbsp;heartRatesLeftShift()
</UL>
<BR>[Called By]<UL><LI><a href="#[df]">&gt;&gt;</a>&nbsp;&nbsp;&nbsp;featureDeduce()
</UL>

<P><STRONG><a name="[e7]"></a>getRRAvg()</STRONG> (Thumb, 74 bytes, Stack size 8 bytes, arithmeticheart.o(i._Z8getRRAvgv))
<BR><BR>[Stack]<UL><LI>Max Depth = 8<LI>Call Chain = getRRAvg()
</UL>
<BR>[Called By]<UL><LI><a href="#[df]">&gt;&gt;</a>&nbsp;&nbsp;&nbsp;featureDeduce()
</UL>

<P><STRONG><a name="[89]"></a>extFrea(float)</STRONG> (Thumb, 206 bytes, Stack size 16 bytes, arithmeticahi.o(i._Z7extFreaf))
<BR><BR>[Stack]<UL><LI>Max Depth = 24<LI>Call Chain = extFrea(float) &rArr; leftShiftInt1DArray &rArr; __aeabi_memmove4
</UL>
<BR>[Calls]<UL><LI><a href="#[8c]">&gt;&gt;</a>&nbsp;&nbsp;&nbsp;leftShiftInt1DArray
<LI><a href="#[8b]">&gt;&gt;</a>&nbsp;&nbsp;&nbsp;leftShift1DArray
</UL>
<BR>[Called By]<UL><LI><a href="#[88]">&gt;&gt;</a>&nbsp;&nbsp;&nbsp;OSAHS
</UL>

<P><STRONG><a name="[ee]"></a>getFrea1(int, float)</STRONG> (Thumb, 258 bytes, Stack size 16 bytes, arithmeticahi.o(i._Z8getFrea1if))
<BR><BR>[Stack]<UL><LI>Max Depth = 56<LI>Call Chain = getFrea1(int, float) &rArr; leftShift2DArray &rArr; __aeabi_memmove4
</UL>
<BR>[Calls]<UL><LI><a href="#[8c]">&gt;&gt;</a>&nbsp;&nbsp;&nbsp;leftShiftInt1DArray
<LI><a href="#[db]">&gt;&gt;</a>&nbsp;&nbsp;&nbsp;leftShift2DArray
<LI><a href="#[8b]">&gt;&gt;</a>&nbsp;&nbsp;&nbsp;leftShift1DArray
</UL>
<BR>[Called By]<UL><LI><a href="#[8a]">&gt;&gt;</a>&nbsp;&nbsp;&nbsp;filterSmallPeak1(int*, float*, int)
</UL>

<P><STRONG><a name="[ef]"></a>getFrea2(int, float)</STRONG> (Thumb, 246 bytes, Stack size 16 bytes, arithmeticahi.o(i._Z8getFrea2if))
<BR><BR>[Stack]<UL><LI>Max Depth = 56<LI>Call Chain = getFrea2(int, float) &rArr; leftShift2DArray &rArr; __aeabi_memmove4
</UL>
<BR>[Calls]<UL><LI><a href="#[8c]">&gt;&gt;</a>&nbsp;&nbsp;&nbsp;leftShiftInt1DArray
<LI><a href="#[db]">&gt;&gt;</a>&nbsp;&nbsp;&nbsp;leftShift2DArray
<LI><a href="#[8b]">&gt;&gt;</a>&nbsp;&nbsp;&nbsp;leftShift1DArray
</UL>
<BR>[Called By]<UL><LI><a href="#[8d]">&gt;&gt;</a>&nbsp;&nbsp;&nbsp;filterSmallPeak2(int*, float*, int)
</UL>

<P><STRONG><a name="[d7]"></a>addFivePeaks(unsigned short)</STRONG> (Thumb, 42 bytes, Stack size 16 bytes, arithmeticheartsteady_3.o(i._Z12addFivePeakst))
<BR><BR>[Stack]<UL><LI>Max Depth = 24<LI>Call Chain = addFivePeaks(unsigned short) &rArr; leftShiftUnsigedShort1DArray &rArr; __aeabi_memmove
</UL>
<BR>[Calls]<UL><LI><a href="#[d8]">&gt;&gt;</a>&nbsp;&nbsp;&nbsp;leftShiftUnsigedShort1DArray
</UL>
<BR>[Called By]<UL><LI><a href="#[e2]">&gt;&gt;</a>&nbsp;&nbsp;&nbsp;getSteadyStandard_3(unsigned short*, char, const short*, char, const float*)
</UL>

<P><STRONG><a name="[ea]"></a>threePeakJudge(int, const float*)</STRONG> (Thumb, 134 bytes, Stack size 16 bytes, arithmeticheartsteady_3.o(i._Z14threePeakJudgeiPKf))
<BR><BR>[Stack]<UL><LI>Max Depth = 24<LI>Call Chain = threePeakJudge(int, const float*) &rArr; leftShift1DArray &rArr; __aeabi_memmove4
</UL>
<BR>[Calls]<UL><LI><a href="#[8b]">&gt;&gt;</a>&nbsp;&nbsp;&nbsp;leftShift1DArray
<LI><a href="#[6c]">&gt;&gt;</a>&nbsp;&nbsp;&nbsp;__aeabi_memclr4
</UL>
<BR>[Called By]<UL><LI><a href="#[e2]">&gt;&gt;</a>&nbsp;&nbsp;&nbsp;getSteadyStandard_3(unsigned short*, char, const short*, char, const float*)
</UL>

<P><STRONG><a name="[f0]"></a>getSteadyAverage(unsigned short*)</STRONG> (Thumb, 260 bytes, Stack size 40 bytes, arithmeticheartsteady_3.o(i._Z16getSteadyAveragePt))
<BR><BR>[Stack]<UL><LI>Max Depth = 44<LI>Call Chain = getSteadyAverage(unsigned short*) &rArr; getSteadyRadioPara
</UL>
<BR>[Calls]<UL><LI><a href="#[f1]">&gt;&gt;</a>&nbsp;&nbsp;&nbsp;getSteadyRadioPara
<LI><a href="#[cb]">&gt;&gt;</a>&nbsp;&nbsp;&nbsp;getHeartRR
</UL>
<BR>[Called By]<UL><LI><a href="#[e2]">&gt;&gt;</a>&nbsp;&nbsp;&nbsp;getSteadyStandard_3(unsigned short*, char, const short*, char, const float*)
</UL>

<P><STRONG><a name="[d9]"></a>addFivePeaks(unsigned short)</STRONG> (Thumb, 42 bytes, Stack size 16 bytes, arithmeticheartsteady_5.o(i._Z12addFivePeakst))
<BR><BR>[Stack]<UL><LI>Max Depth = 24<LI>Call Chain = addFivePeaks(unsigned short) &rArr; leftShiftUnsigedShort1DArray &rArr; __aeabi_memmove
</UL>
<BR>[Calls]<UL><LI><a href="#[d8]">&gt;&gt;</a>&nbsp;&nbsp;&nbsp;leftShiftUnsigedShort1DArray
</UL>
<BR>[Called By]<UL><LI><a href="#[e0]">&gt;&gt;</a>&nbsp;&nbsp;&nbsp;getSteadyStandard_5(unsigned short*, char, const short*, char, const float*)
</UL>

<P><STRONG><a name="[e8]"></a>fivePeakJudge(int, const float*)</STRONG> (Thumb, 142 bytes, Stack size 16 bytes, arithmeticheartsteady_5.o(i._Z13fivePeakJudgeiPKf))
<BR><BR>[Stack]<UL><LI>Max Depth = 24<LI>Call Chain = fivePeakJudge(int, const float*) &rArr; leftShift1DArray &rArr; __aeabi_memmove4
</UL>
<BR>[Calls]<UL><LI><a href="#[8b]">&gt;&gt;</a>&nbsp;&nbsp;&nbsp;leftShift1DArray
</UL>
<BR>[Called By]<UL><LI><a href="#[e0]">&gt;&gt;</a>&nbsp;&nbsp;&nbsp;getSteadyStandard_5(unsigned short*, char, const short*, char, const float*)
</UL>

<P><STRONG><a name="[f2]"></a>getSteadyAverage(unsigned short*)</STRONG> (Thumb, 374 bytes, Stack size 40 bytes, arithmeticheartsteady_5.o(i._Z16getSteadyAveragePt))
<BR><BR>[Stack]<UL><LI>Max Depth = 44<LI>Call Chain = getSteadyAverage(unsigned short*) &rArr; getSteadyRadioPara
</UL>
<BR>[Calls]<UL><LI><a href="#[a8]">&gt;&gt;</a>&nbsp;&nbsp;&nbsp;getHeartRate
<LI><a href="#[f1]">&gt;&gt;</a>&nbsp;&nbsp;&nbsp;getSteadyRadioPara
<LI><a href="#[cb]">&gt;&gt;</a>&nbsp;&nbsp;&nbsp;getHeartRR
</UL>
<BR>[Called By]<UL><LI><a href="#[e0]">&gt;&gt;</a>&nbsp;&nbsp;&nbsp;getSteadyStandard_5(unsigned short*, char, const short*, char, const float*)
</UL>

<P><STRONG><a name="[d5]"></a>fiveOrThree(int, const float*)</STRONG> (Thumb, 268 bytes, Stack size 24 bytes, arithmeticheartsteady_35.o(i._Z11fiveOrThreeiPKf))
<BR><BR>[Stack]<UL><LI>Max Depth = 64<LI>Call Chain = fiveOrThree(int, const float*) &rArr; leftShiftShort2DArray &rArr; __aeabi_memmove
</UL>
<BR>[Calls]<UL><LI><a href="#[d6]">&gt;&gt;</a>&nbsp;&nbsp;&nbsp;leftShiftShort2DArray
<LI><a href="#[8b]">&gt;&gt;</a>&nbsp;&nbsp;&nbsp;leftShift1DArray
</UL>
<BR>[Called By]<UL><LI><a href="#[e1]">&gt;&gt;</a>&nbsp;&nbsp;&nbsp;getSteadyStandard_35(unsigned short*, char, const short*, char, const float*)
</UL>

<P><STRONG><a name="[da]"></a>addFivePeaks(unsigned short)</STRONG> (Thumb, 42 bytes, Stack size 16 bytes, arithmeticheartsteady_35.o(i._Z12addFivePeakst))
<BR><BR>[Stack]<UL><LI>Max Depth = 24<LI>Call Chain = addFivePeaks(unsigned short) &rArr; leftShiftUnsigedShort1DArray &rArr; __aeabi_memmove
</UL>
<BR>[Calls]<UL><LI><a href="#[d8]">&gt;&gt;</a>&nbsp;&nbsp;&nbsp;leftShiftUnsigedShort1DArray
</UL>
<BR>[Called By]<UL><LI><a href="#[e1]">&gt;&gt;</a>&nbsp;&nbsp;&nbsp;getSteadyStandard_35(unsigned short*, char, const short*, char, const float*)
</UL>

<P><STRONG><a name="[f3]"></a>getSteadyAverage(unsigned short*)</STRONG> (Thumb, 300 bytes, Stack size 40 bytes, arithmeticheartsteady_35.o(i._Z16getSteadyAveragePt))
<BR><BR>[Stack]<UL><LI>Max Depth = 44<LI>Call Chain = getSteadyAverage(unsigned short*) &rArr; getSteadyRadioPara
</UL>
<BR>[Calls]<UL><LI><a href="#[f1]">&gt;&gt;</a>&nbsp;&nbsp;&nbsp;getSteadyRadioPara
<LI><a href="#[cb]">&gt;&gt;</a>&nbsp;&nbsp;&nbsp;getHeartRR
</UL>
<BR>[Called By]<UL><LI><a href="#[e1]">&gt;&gt;</a>&nbsp;&nbsp;&nbsp;getSteadyStandard_35(unsigned short*, char, const short*, char, const float*)
</UL>

<P><STRONG><a name="[fe]"></a>_printf_core</STRONG> (Thumb, 436 bytes, Stack size 96 bytes, printf3.o(i._printf_core), UNUSED)
<BR><BR>[Calls]<UL><LI><a href="#[ff]">&gt;&gt;</a>&nbsp;&nbsp;&nbsp;__aeabi_uidivmod
</UL>
<BR>[Called By]<UL><LI><a href="#[fd]">&gt;&gt;</a>&nbsp;&nbsp;&nbsp;__0printf$3
</UL>
<P>
<H3>
Undefined Global Symbols
</H3><HR></body></html>
