Component: ARM Compiler 5.06 update 2 (build 183) Tool: armlink [4d35b7]

==============================================================================

Section Cross References

    app_gpio_in_out.o(i.ADC_GPIO_CONFIG) refers to app_gpio_in_out.o(i.nrf_gpio_cfg_output_pullup) for nrf_gpio_cfg_output_pullup
    app_gpio_in_out.o(i.ADC_GPIO_CONFIG) refers to nrf_drv_timer.o(i.nrf_drv_timer_init) for nrf_drv_timer_init
    app_gpio_in_out.o(i.ADC_GPIO_CONFIG) refers to app_error.o(i.app_error_handler_bare) for app_error_handler_bare
    app_gpio_in_out.o(i.ADC_GPIO_CONFIG) refers to nrf_drv_timer.o(i.nrf_drv_timer_extended_compare) for nrf_drv_timer_extended_compare
    app_gpio_in_out.o(i.ADC_GPIO_CONFIG) refers to nrf_drv_timer.o(i.nrf_drv_timer_enable) for nrf_drv_timer_enable
    app_gpio_in_out.o(i.ADC_GPIO_CONFIG) refers to nrf_drv_saadc.o(i.nrf_drv_saadc_channel_init) for nrf_drv_saadc_channel_init
    app_gpio_in_out.o(i.ADC_GPIO_CONFIG) refers to nrf_drv_saadc.o(i.nrf_drv_saadc_init) for nrf_drv_saadc_init
    app_gpio_in_out.o(i.ADC_GPIO_CONFIG) refers to nrf_drv_saadc.o(i.nrf_drv_saadc_buffer_convert) for nrf_drv_saadc_buffer_convert
    app_gpio_in_out.o(i.ADC_GPIO_CONFIG) refers to app_it.o(i.Timer2_event_handler) for Timer2_event_handler
    app_gpio_in_out.o(i.ADC_GPIO_CONFIG) refers to app_gpio_in_out.o(.constdata) for .constdata
    app_gpio_in_out.o(i.ADC_GPIO_CONFIG) refers to app_gpio_in_out.o(i.saadc_callback) for saadc_callback
    app_gpio_in_out.o(i.ADC_GPIO_CONFIG) refers to app_gpio_in_out.o(.data) for .data
    app_gpio_in_out.o(i.COMOrderRetuen) refers to app_uart_fifo.o(i.app_uart_put) for app_uart_put
    app_gpio_in_out.o(i.ClearBLEBUF) refers to memcpya.o(.text) for __aeabi_memcpy
    app_gpio_in_out.o(i.ClearBLEBUF) refers to parameter.o(.bss) for APP_Order_Receive_Data
    app_gpio_in_out.o(i.ClearBLEBUF) refers to parameter.o(.data) for APP_Oredr_Receive_len
    app_gpio_in_out.o(i.ClearBLEBUF) refers to parameter.o(.data) for APP_Receive_Right
    app_gpio_in_out.o(i.ClearNBUSARTBUF) refers to memcpya.o(.text) for __aeabi_memcpy
    app_gpio_in_out.o(i.ClearNBUSARTBUF) refers to parameter.o(.bss) for NBUART_RX_BUFFER
    app_gpio_in_out.o(i.ClearNBUSARTBUF) refers to parameter.o(.data) for NBUART_RX_LEN
    app_gpio_in_out.o(i.ClearNBUSARTBUF) refers to parameter.o(.data) for NBUART_Receive_Right
    app_gpio_in_out.o(i.LED_GPIO_CONFIG) refers to app_gpio_in_out.o(i.nrf_gpio_cfg_output_pullup) for nrf_gpio_cfg_output_pullup
    app_gpio_in_out.o(i.LED_Status) refers to parameter.o(.data) for Flag_BT_Linkstatus
    app_gpio_in_out.o(i.LED_Status) refers to parameter.o(.data) for TimerSim
    app_gpio_in_out.o(i.ReadIPToFlash) refers to flash.o(i.SPI_FLASH_BufferRead) for SPI_FLASH_BufferRead
    app_gpio_in_out.o(i.ReadIPToFlash) refers to parameter.o(.bss) for IP2
    app_gpio_in_out.o(i.ReadMACFromFlash) refers to flash.o(i.SPI_FLASH_BufferRead) for SPI_FLASH_BufferRead
    app_gpio_in_out.o(i.ReadMACFromFlash) refers to parameter.o(.data) for Flag_Check_Status
    app_gpio_in_out.o(i.ReadMACFromFlash) refers to parameter.o(.data) for MAC_LEN
    app_gpio_in_out.o(i.ReadMACFromFlash) refers to parameter.o(.bss) for MAC_ID
    app_gpio_in_out.o(i.SaveIPToFlash) refers to flash.o(i.SPI_FLASH_SectorErase) for SPI_FLASH_SectorErase
    app_gpio_in_out.o(i.SaveIPToFlash) refers to strlen.o(.text) for strlen
    app_gpio_in_out.o(i.SaveIPToFlash) refers to flash.o(i.SPI_FLASH_BufferWrite) for SPI_FLASH_BufferWrite
    app_gpio_in_out.o(i.SaveIPToFlash) refers to parameter.o(.bss) for IP2
    app_gpio_in_out.o(i.SaveMACToFlash) refers to flash.o(i.SPI_FLASH_SectorErase) for SPI_FLASH_SectorErase
    app_gpio_in_out.o(i.SaveMACToFlash) refers to flash.o(i.SPI_FLASH_BufferWrite) for SPI_FLASH_BufferWrite
    app_gpio_in_out.o(i.SaveMACToFlash) refers to parameter.o(.data) for MAC_LEN
    app_gpio_in_out.o(i.SaveMACToFlash) refers to parameter.o(.bss) for MAC_ID
    app_gpio_in_out.o(i.SendDeviceMacToUart) refers to app_uart_fifo.o(i.app_uart_put) for app_uart_put
    app_gpio_in_out.o(i.SendDeviceVerInfoToUart) refers to strlen.o(.text) for strlen
    app_gpio_in_out.o(i.SendDeviceVerInfoToUart) refers to app_uart_fifo.o(i.app_uart_put) for app_uart_put
    app_gpio_in_out.o(i.saadc_callback) refers to nrf_drv_saadc.o(i.nrf_drv_saadc_buffer_convert) for nrf_drv_saadc_buffer_convert
    app_gpio_in_out.o(i.saadc_callback) refers to app_error.o(i.app_error_handler_bare) for app_error_handler_bare
    app_gpio_in_out.o(i.saadc_callback) refers to nrf_drv_saadc.o(i.nrf_drv_saadc_sample) for nrf_drv_saadc_sample
    app_gpio_in_out.o(i.saadc_callback) refers to app_gpio_in_out.o(.data) for .data
    main.o(i.APP_Receive_Order_Analysis) refers to strstr.o(.text) for strstr
    main.o(i.APP_Receive_Order_Analysis) refers to app_gpio_in_out.o(i.ClearBLEBUF) for ClearBLEBUF
[...]
    Power_ON                                 0x00020d11   Thumb Code    66  main.o(i.Power_ON)
    RTC1_IRQHandler                          0x00020d55   Thumb Code    32  app_timer.o(i.RTC1_IRQHandler)
    ReadBTNameFromFlash                      0x00020d79   Thumb Code   100  ble_nrf.o(i.ReadBTNameFromFlash)
    ReadIPToFlash                            0x00020df1   Thumb Code    64  app_gpio_in_out.o(i.ReadIPToFlash)
    ReadMACFromFlash                         0x00020e35   Thumb Code   114  app_gpio_in_out.o(i.ReadMACFromFlash)
    RealTimeZoneConvert                      0x00020eb5   Thumb Code   112  fun.o(i.RealTimeZoneConvert)
    RenewRealTime                            0x00020f29   Thumb Code   138  fun.o(i.RenewRealTime)
    SAADC_IRQHandler                         0x00020fb9   Thumb Code   172  nrf_drv_saadc.o(i.SAADC_IRQHandler)
    SPI_FLASH_BufferRead                     0x00021075   Thumb Code    68  flash.o(i.SPI_FLASH_BufferRead)
    SPI_FLASH_BufferWrite                    0x000210b9   Thumb Code   188  flash.o(i.SPI_FLASH_BufferWrite)
    SPI_FLASH_Init                           0x00021175   Thumb Code    46  flash.o(i.SPI_FLASH_Init)
    SPI_FLASH_PageWrite                      0x000211a3   Thumb Code    82  flash.o(i.SPI_FLASH_PageWrite)
    SPI_FLASH_SectorErase                    0x000211f5   Thumb Code    60  flash.o(i.SPI_FLASH_SectorErase)
    SPI_FLASH_WaitForWriteEnd                0x00021231   Thumb Code    34  flash.o(i.SPI_FLASH_WaitForWriteEnd)
    SPI_FLASH_WriteEnable                    0x00021253   Thumb Code    24  flash.o(i.SPI_FLASH_WriteEnable)
    SPI_I2S_ReceiveData                      0x0002126d   Thumb Code    56  flash.o(i.SPI_I2S_ReceiveData)
    SPI_I2S_SendData                         0x000212a9   Thumb Code    58  flash.o(i.SPI_I2S_SendData)
    SWI0_EGU0_IRQHandler                     0x000212e3   Thumb Code     4  app_timer.o(i.SWI0_EGU0_IRQHandler)
    SWI2_EGU2_IRQHandler                     0x000212e9   Thumb Code    32  softdevice_handler.o(i.SWI2_EGU2_IRQHandler)
    SaveBTNameToFlash                        0x0002130d   Thumb Code    84  ble_nrf.o(i.SaveBTNameToFlash)
    SaveIPToFlash                            0x0002136d   Thumb Code    68  app_gpio_in_out.o(i.SaveIPToFlash)
    SaveMACToFlash                           0x000213b5   Thumb Code    64  app_gpio_in_out.o(i.SaveMACToFlash)
    SendDeviceMacToUart                      0x000213fd   Thumb Code    72  app_gpio_in_out.o(i.SendDeviceMacToUart)
    SetAutoConnect                           0x00021445   Thumb Code   114  nb_bc95.o(i.SetAutoConnect)
    SleepDataCalculate                       0x00021519   Thumb Code   114  fun.o(i.SleepDataCalculate)
    StringToHex                              0x000215bd   Thumb Code   210  nb_bc95.o(i.StringToHex)
    SystemInit                               0x00021691   Thumb Code   598  system_nrf52.o(i.SystemInit)
    TIMER0_IRQHandler                        0x00021921   Thumb Code    10  nrf_drv_timer.o(i.TIMER0_IRQHandler)
    TIMER1_IRQHandler                        0x00021935   Thumb Code    10  nrf_drv_timer.o(i.TIMER1_IRQHandler)
    TIMER2_IRQHandler                        0x00021949   Thumb Code    10  nrf_drv_timer.o(i.TIMER2_IRQHandler)
    Timer1_event_handler                     0x0002195d   Thumb Code   120  app_it.o(i.Timer1_event_handler)
    Timer2_event_handler                     0x000219f9   Thumb Code    30  app_it.o(i.Timer2_event_handler)
    UARTE0_UART0_IRQHandler                  0x00021a1d   Thumb Code    14  nrf_drv_uart.o(i.UARTE0_UART0_IRQHandler)
    UART_CONFIG                              0x00021a31   Thumb Code   102  main.o(i.UART_CONFIG)
    UART_Receive_Order_Analys                0x00021ab5   Thumb Code    40  main.o(i.UART_Receive_Order_Analys)
    __0sprintf$8                             0x00021ae5   Thumb Code    34  printf8.o(i.__0sprintf$8)
    __1sprintf$8                             0x00021ae5   Thumb Code     0  printf8.o(i.__0sprintf$8)
    __2sprintf                               0x00021ae5   Thumb Code     0  printf8.o(i.__0sprintf$8)
    __aeabi_errno_addr                       0x00021b5d   Thumb Code     4  errno.o(i.__aeabi_errno_addr)
    __rt_errno_addr                          0x00021b5d   Thumb Code     0  errno.o(i.__aeabi_errno_addr)
    __scatterload_copy                       0x00021b65   Thumb Code    14  handlers.o(i.__scatterload_copy)
    __scatterload_null                       0x00021b73   Thumb Code     2  handlers.o(i.__scatterload_null)
    __scatterload_zeroinit                   0x00021b75   Thumb Code    14  handlers.o(i.__scatterload_zeroinit)
    adv_data_encode                          0x00021ff1   Thumb Code   514  ble_advdata.o(i.adv_data_encode)
    app_error_fault_handler                  0x00022229   Thumb Code    26  app_error_weak.o(i.app_error_fault_handler)
    app_error_handler_bare                   0x0002224d   Thumb Code    22  app_error.o(i.app_error_handler_bare)
    app_fifo_get                             0x00022263   Thumb Code    22  app_fifo.o(i.app_fifo_get)
    app_fifo_init                            0x00022279   Thumb Code    32  app_fifo.o(i.app_fifo_init)
    app_fifo_put                             0x00022299   Thumb Code    26  app_fifo.o(i.app_fifo_put)
    app_timer1_init                          0x00022339   Thumb Code    54  main.o(i.app_timer1_init)
    app_timer_start                          0x0002237d   Thumb Code   118  app_timer.o(i.app_timer_start)
    app_timer_stop                           0x000223fd   Thumb Code    76  app_timer.o(i.app_timer_stop)
    app_uart_get                             0x0002244d   Thumb Code    44  app_uart_fifo.o(i.app_uart_get)
    app_uart_init                            0x00022481   Thumb Code   146  app_uart_fifo.o(i.app_uart_init)
    app_uart_put                             0x00022525   Thumb Code    44  app_uart_fifo.o(i.app_uart_put)
    ble_advdata_set                          0x000225d1   Thumb Code   104  ble_advdata.o(i.ble_advdata_set)
    ble_advertising_init                     0x00022639   Thumb Code   274  ble_advertising.o(i.ble_advertising_init)
    ble_advertising_on_ble_evt               0x00022755   Thumb Code   122  ble_advertising.o(i.ble_advertising_on_ble_evt)
    ble_advertising_start                    0x000227e5   Thumb Code   470  ble_advertising.o(i.ble_advertising_start)
    ble_conn_params_init                     0x000229c5   Thumb Code    60  ble_conn_params.o(i.ble_conn_params_init)
    ble_conn_params_on_ble_evt               0x00022a09   Thumb Code   120  ble_conn_params.o(i.ble_conn_params_on_ble_evt)
    ble_dis_init                             0x00022aed   Thumb Code   296  ble_dis.o(i.ble_dis_init)
    ble_nus_init                             0x00022c45   Thumb Code    94  ble_nus.o(i.ble_nus_init)
    ble_nus_on_ble_evt                       0x00022ca9   Thumb Code    82  ble_nus.o(i.ble_nus_on_ble_evt)
    ble_nus_string_send                      0x00022cfb   Thumb Code    78  ble_nus.o(i.ble_nus_string_send)
    ble_srv_ascii_to_utf8                    0x00022d49   Thumb Code    18  ble_srv_common.o(i.ble_srv_ascii_to_utf8)
    bsp_btn_ble_on_ble_evt                   0x00022d5d   Thumb Code   106  bsp_btn_ble.o(i.bsp_btn_ble_on_ble_evt)
    bsp_event_to_button_action_assign        0x00022dcd   Thumb Code     4  bsp.o(i.bsp_event_to_button_action_assign)
    bsp_indication_set                       0x00022dd1   Thumb Code     4  bsp.o(i.bsp_indication_set)
    filter                                   0x000232f9   Thumb Code   146  fun.o(i.filter)
    free                                     0x00023445   Thumb Code    76  malloc.o(i.free)
    fs_queued_op_count_get                   0x00023495   Thumb Code    16  fstorage.o(i.fs_queued_op_count_get)
    getAverage                               0x000234a9   Thumb Code    30  fun.o(i.getAverage)
    getMax                                   0x000234c9   Thumb Code    38  fun.o(i.getMax)
    getMin                                   0x000234f1   Thumb Code    38  fun.o(i.getMin)
    getUpOrDown                              0x00023517   Thumb Code    50  fun.o(i.getUpOrDown)
    intern_softdevice_events_execute         0x000235c1   Thumb Code   102  softdevice_handler.o(i.intern_softdevice_events_execute)
    main                                     0x000238b5   Thumb Code   248  main.o(i.main)
    malloc                                   0x00023a1d   Thumb Code    92  malloc.o(i.malloc)
    nrf_delay_ms                             0x00023b89   Thumb Code    26  nrf_delay.o(i.nrf_delay_ms)
    nrf_drv_clock_on_soc_event               0x00023ba5   Thumb Code    30  nrf_drv_clock.o(i.nrf_drv_clock_on_soc_event)
    nrf_drv_common_irq_enable                0x00023bc9   Thumb Code    60  nrf_drv_common.o(i.nrf_drv_common_irq_enable)
    nrf_drv_saadc_buffer_convert             0x00023c05   Thumb Code   130  nrf_drv_saadc.o(i.nrf_drv_saadc_buffer_convert)
    nrf_drv_saadc_channel_init               0x00023c99   Thumb Code    68  nrf_drv_saadc.o(i.nrf_drv_saadc_channel_init)
    nrf_drv_saadc_init                       0x00023ce1   Thumb Code    94  nrf_drv_saadc.o(i.nrf_drv_saadc_init)
    nrf_drv_saadc_sample                     0x00023d55   Thumb Code    22  nrf_drv_saadc.o(i.nrf_drv_saadc_sample)
    nrf_drv_timer_compare                    0x00023d75   Thumb Code    34  nrf_drv_timer.o(i.nrf_drv_timer_compare)
    nrf_drv_timer_enable                     0x00023d99   Thumb Code    24  nrf_drv_timer.o(i.nrf_drv_timer_enable)
    nrf_drv_timer_extended_compare           0x00023db5   Thumb Code    42  nrf_drv_timer.o(i.nrf_drv_timer_extended_compare)
    nrf_drv_timer_init                       0x00023de1   Thumb Code   150  nrf_drv_timer.o(i.nrf_drv_timer_init)
    nrf_drv_uart_init                        0x00023e81   Thumb Code   126  nrf_drv_uart.o(i.nrf_drv_uart_init)
    nrf_drv_uart_rx                          0x00023f15   Thumb Code   132  nrf_drv_uart.o(i.nrf_drv_uart_rx)
    nrf_drv_uart_rx_enable                   0x00023fa1   Thumb Code    26  nrf_drv_uart.o(i.nrf_drv_uart_rx_enable)
    nrf_drv_uart_tx                          0x000240ed   Thumb Code   134  nrf_drv_uart.o(i.nrf_drv_uart_tx)
    nrf_drv_uart_tx_in_progress              0x000241fd   Thumb Code    12  nrf_drv_uart.o(i.nrf_drv_uart_tx_in_progress)
    nrf_saadc_channel_init                   0x00024309   Thumb Code    90  nrf_saadc.o(i.nrf_saadc_channel_init)
    pstorage_access_status_get               0x00024479   Thumb Code    28  pstorage.o(i.pstorage_access_status_get)
    pstorage_block_identifier_get            0x0002449d   Thumb Code    66  pstorage.o(i.pstorage_block_identifier_get)
    pstorage_init                            0x00024511   Thumb Code    68  pstorage.o(i.pstorage_init)
    pstorage_load                            0x0002455d   Thumb Code   148  pstorage.o(i.pstorage_load)
    pstorage_register                        0x000245f9   Thumb Code   172  pstorage.o(i.pstorage_register)
    pstorage_store                           0x000246ad   Thumb Code   118  pstorage.o(i.pstorage_store)
    pstorage_sys_event_handler               0x0002472d   Thumb Code    66  pstorage.o(i.pstorage_sys_event_handler)
    putHrWaveData                            0x00024775   Thumb Code    12  fun.o(i.putHrWaveData)
    putRrWaveData                            0x00024789   Thumb Code    12  fun.o(i.putRrWaveData)
    putWaveDataToBuf                         0x0002479d   Thumb Code    52  fun.o(i.putWaveDataToBuf)
    register_flash                           0x000247d9   Thumb Code    32  ble_nrf.o(i.register_flash)
    saadc_callback                           0x00024981   Thumb Code    32  app_gpio_in_out.o(i.saadc_callback)
    sd_check_ram_start                       0x000249a5   Thumb Code    10  softdevice_handler.o(i.sd_check_ram_start)
    softdevice_ble_evt_handler_set           0x00024b05   Thumb Code    14  softdevice_handler.o(i.softdevice_ble_evt_handler_set)
    softdevice_enable                        0x00024b19   Thumb Code    14  softdevice_handler.o(i.softdevice_enable)
    softdevice_enable_get_default_config     0x00024b2d   Thumb Code    38  softdevice_handler.o(i.softdevice_enable_get_default_config)
    softdevice_fault_handler                 0x00024b53   Thumb Code     4  softdevice_handler.o(i.softdevice_fault_handler)
    softdevice_handler_init                  0x00024b59   Thumb Code    42  softdevice_handler.o(i.softdevice_handler_init)
    softdevice_sys_evt_handler_set           0x00024b8d   Thumb Code    14  softdevice_handler.o(i.softdevice_sys_evt_handler_set)
    uart_event_handle                        0x0002500d   Thumb Code    46  app_it.o(i.uart_event_handle)
    TIMER_CH2                                0x00025404   Data           8  app_gpio_in_out.o(.constdata)
    TIMER_CH1                                0x00025414   Data           8  main.o(.constdata)
    Resp_highB                               0x000254d0   Data         200  berpara.o(.constdata)
    Resp_highA                               0x00025598   Data         200  berpara.o(.constdata)
    Resp_lowB                                0x00025660   Data         200  berpara.o(.constdata)
    Resp_lowA                                0x00025728   Data         200  berpara.o(.constdata)
    Ecg_highB                                0x000257f0   Data         200  berpara.o(.constdata)
    Ecg_highA                                0x000258b8   Data         200  berpara.o(.constdata)
    Ecg_lowB                                 0x00025980   Data         200  berpara.o(.constdata)
    Ecg_lowA                                 0x00025a48   Data         200  berpara.o(.constdata)
    __ctype_table                            0x00025b10   Data         129  ctype_o.o(.constdata)
    Region$$Table$$Base                      0x00025bd4   Number         0  anon$$obj.o(Region$$Table)
    Region$$Table$$Limit                     0x00025bf4   Number         0  anon$$obj.o(Region$$Table)
    Image$$RW_IRAM1$$Base                    0x20002080   Number         0  anon$$obj.o ABSOLUTE
    adc_vdata                                0x20002080   Data           4  app_gpio_in_out.o(.data)
    SoftVer                                  0x20002088   Data           4  main.o(.data)
    BTname_block_handle                      0x200020a4   Data           8  ble_nrf.o(.data)
    UART_Data_Receive_Time                   0x200020ac   Data           2  parameter.o(.data)
    UART_Receive_Right                       0x200020ae   Data           1  parameter.o(.data)
    NBUART_Receive_Right                     0x200020af   Data           1  parameter.o(.data)
    UART_RX_LEN                              0x200020b0   Data           2  parameter.o(.data)
    NBUART_RX_LEN                            0x200020b2   Data           2  parameter.o(.data)
    Flag_COMDebug                            0x200020b4   Data           1  parameter.o(.data)
    Flag_BT_Linkstatus                       0x200020b5   Data           1  parameter.o(.data)
    APP_Oredr_Receive_len                    0x200020b6   Data           1  parameter.o(.data)
    APP_Receive_Right                        0x200020b7   Data           1  parameter.o(.data)
    delaytime                                0x200020b8   Data           1  parameter.o(.data)
    delaytime1                               0x200020b9   Data           1  parameter.o(.data)
    ECG_COMPARE_COUNT                        0x200020ba   Data           1  parameter.o(.data)
    CHGECG_COMPARE_COUNT                     0x200020bb   Data           1  parameter.o(.data)
    Flag_ADC_ADJ                             0x200020bc   Data           1  parameter.o(.data)
    ADC_COUNT                                0x200020be   Data           2  parameter.o(.data)
    CHGADC_COUNT                             0x200020c0   Data           2  parameter.o(.data)
    ADC_AdjTime                              0x200020c2   Data           2  parameter.o(.data)
    ADC_AmpMultiple                          0x200020c4   Data           4  parameter.o(.data)
    LastADC_AmpMultiple                      0x200020c8   Data           4  parameter.o(.data)
    NB_ReceiveServerDatalen                  0x200020cc   Data           1  parameter.o(.data)
    Flag_ReceivedServerOrder                 0x200020cd   Data           1  parameter.o(.data)
    GetSleepDataTimeCount                    0x200020ce   Data           1  parameter.o(.data)
    CSQNual                                  0x200020cf   Data           1  parameter.o(.data)
    Socket                                   0x200020d0   Data           1  parameter.o(.data)
    SIMCard_IMSI_Len                         0x200020d1   Data           1  parameter.o(.data)
    Command_SendCount                        0x200020d2   Data           1  parameter.o(.data)
    LinkStep                                 0x200020d3   Data           1  parameter.o(.data)
    LinkVerfyDataSendOver                    0x200020d4   Data           1  parameter.o(.data)
    MAC_LEN                                  0x200020d5   Data           1  parameter.o(.data)
    Flag_init                                0x200020d6   Data           1  parameter.o(.data)
    Flag_LED_Status                          0x200020d7   Data           1  parameter.o(.data)
    Flag_Check_Status                        0x200020d8   Data           1  parameter.o(.data)
    Flag_PowerOn                             0x200020d9   Data           1  parameter.o(.data)
    BlueTooth_Name_Len                       0x200020da   Data           1  parameter.o(.data)
    TimerSim                                 0x200020dc   Data           8  parameter.o(.data)
    RealTime                                 0x200020e4   Data           6  parameter.o(.data)
    ECG_MAX                                  0x200020ea   Data           6  parameter.o(.data)
    SEND_ECG_MAX                             0x200020f0   Data           6  parameter.o(.data)
    ECG_MIN                                  0x200020f6   Data           6  parameter.o(.data)
    CHGECG_MAX                               0x200020fc   Data           6  parameter.o(.data)
    CHGECG_MIN                               0x20002102   Data           6  parameter.o(.data)
    Position_TAC                             0x20002108   Data           2  parameter.o(.data)
    Position_CI                              0x2000210a   Data           4  parameter.o(.data)
    Token                                    0x2000210e   Data           5  parameter.o(.data)
    SystemCoreClock                          0x200021f8   Data           4  system_nrf52.o(.data)
    RRH                                      0x200022b8   Data           1  berpara.o(.data)
    RRL                                      0x200022b9   Data           1  berpara.o(.data)
    HRH                                      0x200022ba   Data           1  berpara.o(.data)
    HRL                                      0x200022bb   Data           1  berpara.o(.data)
    g1sFlag                                  0x200022bc   Data           1  berpara.o(.data)
    gWakeupFlag                              0x200022bd   Data           1  berpara.o(.data)
    HRcouter1                                0x200022be   Data           2  berpara.o(.data)
    gHR_Flag                                 0x200022c0   Data           1  berpara.o(.data)
    HRcouter2                                0x200022c4   Data           4  berpara.o(.data)
    gThreePeak                               0x200022c8   Data           3  berpara.o(.data)
    gThreeTrough                             0x200022cb   Data           3  berpara.o(.data)
    gfft_L                                   0x200022d0   Data           8  berpara.o(.data)
    gfft_H                                   0x200022d8   Data           8  berpara.o(.data)
    mt                                       0x200022e0   Data           1  berpara.o(.data)
    gBeiGu_HR                                0x200022e1   Data           1  berpara.o(.data)
    datas                                    0x200022e2   Data           5  berpara.o(.data)
    ttp                                      0x200022e7   Data           1  berpara.o(.data)
    gPowerSample                             0x200022e8   Data           1  berpara.o(.data)
    gPowerBreath                             0x200022e9   Data           1  berpara.o(.data)
    gPowerHeart                              0x200022ea   Data           1  berpara.o(.data)
    gPowerTurn                               0x200022eb   Data           1  berpara.o(.data)
    gPowNum1                                 0x200022ec   Data           1  berpara.o(.data)
    gPowNum2                                 0x200022ed   Data           1  berpara.o(.data)
    gPowNum3                                 0x200022ee   Data           1  berpara.o(.data)
    gdatas                                   0x200022f0   Data           2  berpara.o(.data)
    SampleData                               0x200022f2   Data           2  berpara.o(.data)
    SampleBase                               0x200022f4   Data           2  berpara.o(.data)
    SampleEcg                                0x200022f8   Data           4  berpara.o(.data)
    SampleBreath                             0x200022fc   Data           4  berpara.o(.data)
    RespData                                 0x20002300   Data           4  berpara.o(.data)
    EcgData                                  0x20002304   Data           4  berpara.o(.data)
    Ecg_Data                                 0x20002308   Data           4  berpara.o(.data)
    gTimes                                   0x2000230c   Data           4  berpara.o(.data)
    TurnTimes                                0x20002310   Data           1  berpara.o(.data)
    gTurnFlag                                0x20002311   Data           1  berpara.o(.data)
    gTimeTurnFlag                            0x20002312   Data           1  berpara.o(.data)
    gTimeWinFlag                             0x20002313   Data           1  berpara.o(.data)
    gTimeAFlag                               0x20002314   Data           1  berpara.o(.data)
    gT1sCount                                0x20002315   Data           1  berpara.o(.data)
    gTurnLastFlag                            0x20002316   Data           1  berpara.o(.data)
    gTurntimeThMax                           0x20002318   Data           2  berpara.o(.data)
    gTurntimeThMin                           0x2000231a   Data           2  berpara.o(.data)
    gNoFirst                                 0x2000231c   Data           2  berpara.o(.data)
    gPeopleHR                                0x2000231e   Data           1  berpara.o(.data)
    gPeopleRR                                0x2000231f   Data           1  berpara.o(.data)
    gPeopleFlag                              0x20002320   Data           1  berpara.o(.data)
    gNoNumber                                0x20002324   Data           4  berpara.o(.data)
    gTurnRespFlag                            0x20002328   Data           1  berpara.o(.data)
    gRRFlag                                  0x20002329   Data           1  berpara.o(.data)
    gTSF                                     0x2000232a   Data           2  berpara.o(.data)
    gRespStopFlag                            0x2000232c   Data           1  berpara.o(.data)
    gPulseRateRR                             0x2000232d   Data           1  berpara.o(.data)
    gRespRR                                  0x2000232e   Data           1  berpara.o(.data)
    gCountRR                                 0x20002330   Data           2  berpara.o(.data)
    gWaveHeadRR                              0x20002332   Data           1  berpara.o(.data)
    gFengCountRR                             0x20002333   Data           1  berpara.o(.data)
    gSlopFlagRR                              0x20002334   Data           1  berpara.o(.data)
    gabsRR0                                  0x20002335   Data           1  berpara.o(.data)
    gFengFlagRR                              0x20002336   Data           1  berpara.o(.data)
    gSamplePrValCountRR                      0x20002338   Data           2  berpara.o(.data)
    gSampleMinRR                             0x2000233a   Data           2  berpara.o(.data)
    gSampleMaxRR                             0x2000233c   Data           2  berpara.o(.data)
    gPulseRateHR                             0x2000233e   Data           1  berpara.o(.data)
    gRespHR                                  0x2000233f   Data           1  berpara.o(.data)
    gCountHR                                 0x20002340   Data           4  berpara.o(.data)
    gWaveHeadHR                              0x20002344   Data           1  berpara.o(.data)
    gPeakBufHR                               0x20002346   Data           8  berpara.o(.data)
    gPeakSampleHR                            0x2000234e   Data           8  berpara.o(.data)
    Sa                                       0x20002356   Data           3  berpara.o(.data)
    gFengCountHR                             0x2000235c   Data           4  berpara.o(.data)
    gSlopFlagHR                              0x20002360   Data           1  berpara.o(.data)
    gabsHR0                                  0x20002361   Data           1  berpara.o(.data)
    gFengFlagHR                              0x20002362   Data           1  berpara.o(.data)
    gSamplePrValCountHR                      0x20002364   Data           2  berpara.o(.data)
    gSampleMinHR                             0x20002366   Data           2  berpara.o(.data)
    gSampleMaxHR                             0x20002368   Data           2  berpara.o(.data)
    gPeakMinHR                               0x2000236a   Data           2  berpara.o(.data)
    gPeakMaxHR                               0x2000236c   Data           2  berpara.o(.data)
    gValueTH                                 0x2000236e   Data           1  berpara.o(.data)
    Resp_time                                0x2000236f   Data           1  berpara.o(.data)
    Ecg_time                                 0x20002370   Data           1  berpara.o(.data)
    gRST_Flag1                               0x20002371   Data           1  berpara.o(.data)
    gRST_Flag2                               0x20002372   Data           1  berpara.o(.data)
    iis                                      0x20002373   Data           1  berpara.o(.data)
    iit                                      0x20002374   Data           1  berpara.o(.data)
    iiff                                     0x20002375   Data           1  berpara.o(.data)
    iift                                     0x20002376   Data           1  berpara.o(.data)
    iitf                                     0x20002377   Data           1  berpara.o(.data)
    iitt                                     0x20002378   Data           1  berpara.o(.data)
    gTHAverage                               0x20002379   Data           1  berpara.o(.data)
    gDiffTH                                  0x2000237a   Data           1  berpara.o(.data)
    gResultData                              0x2000237b   Data           3  berpara.o(.data)
    icount                                   0x2000237e   Data           1  berpara.o(.data)
    gEcgHR                                   0x2000237f   Data           1  berpara.o(.data)
    gResultTH                                0x20002380   Data           1  berpara.o(.data)
    ipoint1                                  0x20002381   Data           1  berpara.o(.data)
    ipoint2                                  0x20002382   Data           1  berpara.o(.data)
    gTH_AS                                   0x20002384   Data           2  berpara.o(.data)
    gindex                                   0x20002386   Data           1  berpara.o(.data)
    I_AS                                     0x20002387   Data           1  berpara.o(.data)
    __microlib_freelist                      0x20002388   Data           4  mvars.o(.data)
    __microlib_freelist_initialised          0x2000238c   Data           4  mvars.o(.data)
    UART_RX_BUFFER                           0x200025f8   Data         500  parameter.o(.bss)
    NBUART_RX_BUFFER                         0x200027ec   Data         500  parameter.o(.bss)
    BlueTooth_Name                           0x200029e0   Data          20  parameter.o(.bss)
    APP_Order_Receive_Data                   0x200029f4   Data          60  parameter.o(.bss)
    NB_ReceiveServerData                     0x20002a30   Data          64  parameter.o(.bss)
    SIMCard_IMSI                             0x20002a70   Data          20  parameter.o(.bss)
    IP2                                      0x20002a84   Data          30  parameter.o(.bss)
    MAC_ID                                   0x20002aa2   Data          20  parameter.o(.bss)
    nrf_nvic_state                           0x200031ac   Data          12  softdevice_handler.o(.bss)
    gHRData                                  0x2000466c   Data        2000  berpara.o(.bss)
    gDiff_Data                               0x20004e3c   Data        1992  berpara.o(.bss)
    gFengData                                0x20005604   Data        1992  berpara.o(.bss)
    gFengPoint                               0x20005dcc   Data        1992  berpara.o(.bss)
    gGuData                                  0x20006594   Data        1992  berpara.o(.bss)
    gGuPoint                                 0x20006d5c   Data        1992  berpara.o(.bss)
    gPeakPeak                                0x20007524   Data         498  berpara.o(.bss)
    gPeakTrough                              0x20007716   Data         498  berpara.o(.bss)
    gTroughPeak                              0x20007908   Data         498  berpara.o(.bss)
    gTroughTrough                            0x20007afa   Data         498  berpara.o(.bss)
    PeakPoint                                0x20007cec   Data          16  berpara.o(.bss)
    PeakValue                                0x20007cfc   Data          16  berpara.o(.bss)
    TroughPoint                              0x20007d0c   Data          16  berpara.o(.bss)
    TroughValue                              0x20007d1c   Data          16  berpara.o(.bss)
    gSData                                   0x20007d2c   Data         400  berpara.o(.bss)
    gBData                                   0x20007ebc   Data         800  berpara.o(.bss)
    gHData                                   0x200081dc   Data         400  berpara.o(.bss)
    gPeopleDataRR                            0x2000836c   Data         500  berpara.o(.bss)
    gPeopleDataHR                            0x20008560   Data         500  berpara.o(.bss)
    gWakeupDataHR                            0x20008754   Data         100  berpara.o(.bss)
    gWaveBufRR                               0x200087b8   Data         140  berpara.o(.bss)
    gWaveSlopeBufRR                          0x20008844   Data         140  berpara.o(.bss)
    gPeakBufRR                               0x200088d0   Data          10  berpara.o(.bss)
    gPeakSampleRR                            0x200088da   Data          10  berpara.o(.bss)
    gSampleTimeRR                            0x200088e4   Data          10  berpara.o(.bss)
    Bhigh_Resp                               0x200088f0   Data          40  berpara.o(.bss)
    Ahigh_Resp                               0x20008918   Data          40  berpara.o(.bss)
    Bhigh_Ecg                                0x20008940   Data          40  berpara.o(.bss)
    Ahigh_Ecg                                0x20008968   Data          40  berpara.o(.bss)
    Blow_Resp                                0x20008990   Data          40  berpara.o(.bss)
    Alow_Resp                                0x200089b8   Data          40  berpara.o(.bss)
    Blow_Ecg                                 0x200089e0   Data          40  berpara.o(.bss)
    Alow_Ecg                                 0x20008a08   Data          40  berpara.o(.bss)
    gWaveBufHR                               0x20008a30   Data         140  berpara.o(.bss)
    gWaveSlopeBufHR                          0x20008abc   Data         140  berpara.o(.bss)
    gTimeHR                                  0x20008b48   Data          10  berpara.o(.bss)
    __heap_base                              0x20008b58   Data           0  arm_startup_nrf52.o(HEAP)
    __heap_limit                             0x2000ab58   Data           0  arm_startup_nrf52.o(HEAP)
    __initial_sp                             0x2000cb58   Data           0  arm_startup_nrf52.o(STACK)



==============================================================================

Memory Map of the image

  Image Entry point : 0x0001c401

  Load Region LR_IROM1 (Base: 0x0001c000, Size: 0x00009f08, Max: 0x00064000, ABSOLUTE, COMPRESSED[0x00009c6c])

    Execution Region ER_IROM1 (Base: 0x0001c000, Size: 0x00009bf4, Max: 0x00064000, ABSOLUTE)

    Base Addr    Size         Type   Attr      Idx    E Section Name        Object

    0x0001c000   0x00000400   Data   RO         4028    RESET               arm_startup_nrf52.o
    0x0001c400   0x00000000   Code   RO         4285  * .ARM.Collect$$$$00000000  mc_w.l(entry.o)
    0x0001c400   0x00000004   Code   RO         4603    .ARM.Collect$$$$00000001  mc_w.l(entry2.o)
    0x0001c404   0x00000004   Code   RO         4606    .ARM.Collect$$$$00000004  mc_w.l(entry5.o)
    0x0001c408   0x00000000   Code   RO         4608    .ARM.Collect$$$$00000008  mc_w.l(entry7b.o)
    0x0001c408   0x00000000   Code   RO         4610    .ARM.Collect$$$$0000000A  mc_w.l(entry8b.o)
    0x0001c408   0x00000008   Code   RO         4611    .ARM.Collect$$$$0000000B  mc_w.l(entry9a.o)
    0x0001c410   0x00000000   Code   RO         4613    .ARM.Collect$$$$0000000D  mc_w.l(entry10a.o)
    0x0001c410   0x00000000   Code   RO         4615    .ARM.Collect$$$$0000000F  mc_w.l(entry11a.o)
    0x0001c410   0x00000004   Code   RO         4604    .ARM.Collect$$$$00002712  mc_w.l(entry2.o)
    0x0001c414   0x00000076   Code   RO          646    .emb_text           flash.o
    0x0001c48a   0x00000002   PAD
    0x0001c48c   0x00000076   Code   RO         1415    .emb_text           nrf_delay.o
    0x0001c502   0x00000002   PAD
    0x0001c504   0x00000076   Code   RO         3226    .emb_text           app_timer.o
    0x0001c57a   0x00000002   PAD
    0x0001c57c   0x00000024   Code   RO         4029    .text               arm_startup_nrf52.o
    0x0001c5a0   0x00002738   Code   RO         4069    .text               sleep.lib(ber_program.o)
    0x0001ecd8   0x00000024   Code   RO         4288    .text               mc_w.l(memcpya.o)
    0x0001ecfc   0x00000024   Code   RO         4290    .text               mc_w.l(memseta.o)
    0x0001ed20   0x00000024   Code   RO         4292    .text               mc_w.l(strstr.o)
    0x0001ed44   0x0000000e   Code   RO         4294    .text               mc_w.l(strlen.o)
    0x0001ed52   0x0000001a   Code   RO         4589    .text               mc_w.l(atoi.o)
    0x0001ed6c   0x0000014e   Code   RO         4591    .text               mf_w.l(dadd.o)
    0x0001eeba   0x000000e4   Code   RO         4593    .text               mf_w.l(dmul.o)
    0x0001ef9e   0x00000022   Code   RO         4595    .text               mf_w.l(dflti.o)
    0x0001efc0   0x0000001a   Code   RO         4597    .text               mf_w.l(dfltui.o)
    0x0001efda   0x0000003e   Code   RO         4599    .text               mf_w.l(dfixi.o)
    0x0001f018   0x00000032   Code   RO         4601    .text               mf_w.l(dfixui.o)
    0x0001f04a   0x00000062   Code   RO         4619    .text               mc_w.l(uldiv.o)
    0x0001f0ac   0x0000001e   Code   RO         4621    .text               mc_w.l(llshl.o)
    0x0001f0ca   0x00000020   Code   RO         4623    .text               mc_w.l(llushr.o)
    0x0001f0ea   0x00000024   Code   RO         4625    .text               mc_w.l(llsshr.o)
    0x0001f10e   0x00000070   Code   RO         4636    .text               mc_w.l(strtol.o)
    0x0001f17e   0x00000000   Code   RO         4638    .text               mc_w.l(iusefp.o)
    0x0001f17e   0x000000ba   Code   RO         4639    .text               mf_w.l(depilogue.o)
    0x0001f238   0x00000024   Code   RO         4647    .text               mc_w.l(init.o)
    0x0001f25c   0x00000008   Code   RO         4649    .text               mc_w.l(ctype_o.o)
    0x0001f264   0x0000009e   Code   RO         4677    .text               mc_w.l(_strtoul.o)
    0x0001f302   0x0000001c   Code   RO         4679    .text               mc_w.l(_chval.o)
    0x0001f31e   0x00000056   Code   RO         4689    .text               mc_w.l(__dczerorl2.o)
    0x0001f374   0x00000098   Code   RO            5    i.ADC_GPIO_CONFIG   app_gpio_in_out.o
    0x0001f40c   0x00000054   Code   RO          394    i.APP_Receive_Order_Analysis  main.o
    0x0001f460   0x00000138   Code   RO          395    i.APP_Receive_Order_Dispose  main.o
    0x0001f598   0x00000060   Code   RO          804    i.APP_Send_Order    ble_nrf.o
    0x0001f5f8   0x000000a8   Code   RO          933    i.AutoConnectConfig  nb_bc95.o
    0x0001f6a0   0x00000108   Code   RO          934    i.BC95_CloseSocket  nb_bc95.o
    0x0001f7a8   0x00000150   Code   RO          935    i.BC95_CreateSocket  nb_bc95.o
    0x0001f8f8   0x00000020   Code   RO          936    i.BC95_GPIO_CONFIG  nb_bc95.o
    0x0001f918   0x00000044   Code   RO          937    i.BC95_Init         nb_bc95.o
    0x0001f95c   0x000000e8   Code   RO          938    i.BC95_InquireCGATT  nb_bc95.o
    0x0001fa44   0x00000108   Code   RO          939    i.BC95_InquireCSQ   nb_bc95.o
    0x0001fb4c   0x000000f0   Code   RO          940    i.BC95_InquireIMSI  nb_bc95.o
    0x0001fc3c   0x0000012c   Code   RO          941    i.BC95_InquireNetworkTime  nb_bc95.o
    0x0001fd68   0x000001f4   Code   RO          942    i.BC95_Inquire_CEREG  nb_bc95.o
    0x0001ff5c   0x00000078   Code   RO          943    i.BC95_ReadUDPData  nb_bc95.o
    0x0001ffd4   0x00000022   Code   RO          945    i.BC95_SEND_STRING  nb_bc95.o
    0x0001fff6   0x00000002   PAD
    0x0001fff8   0x000000b8   Code   RO          946    i.BC95_SendDataByUDP  nb_bc95.o
    0x000200b0   0x000000fc   Code   RO          947    i.BC95_Set_CEREGReturnFormat  nb_bc95.o
    0x000201ac   0x0000005c   Code   RO          805    i.BLE_SendBufData   ble_nrf.o
    0x00020208   0x0000006c   Code   RO          806    i.BLE_SendString    ble_nrf.o
    0x00020274   0x00000198   Code   RO          807    i.BLE_Start         ble_nrf.o
    0x0002040c   0x0000011c   Code   RO         1223    i.CheckAmpADCData   fun.o
    0x00020528   0x00000024   Code   RO            7    i.ClearBLEBUF       app_gpio_in_out.o
    0x0002054c   0x00000028   Code   RO            8    i.ClearNBUSARTBUF   app_gpio_in_out.o
    0x00020574   0x000001f4   Code   RO         1224    i.DealADCSampleData  fun.o
    0x00020768   0x0000006c   Code   RO         1225    i.DealSmallADCSampleData  fun.o
    0x000207d4   0x0000001a   Code   RO          396    i.ExtClock_initialization  main.o
    0x000207ee   0x00000002   PAD
    0x000207f0   0x00000060   Code   RO          948    i.ExtractServerSenddata  nb_bc95.o
    0x00020850   0x00000130   Code   RO         1672    i.GPIOTE_IRQHandler  nrf_drv_gpiote.o
    0x00020980   0x00000094   Code   RO         1226    i.GetBackServerIP   fun.o
    0x00020a14   0x00000058   Code   RO          949    i.HexToBCDstring    nb_bc95.o
    0x00020a6c   0x00000018   Code   RO            9    i.LED_GPIO_CONFIG   app_gpio_in_out.o
    0x00020a84   0x0000002c   Code   RO           10    i.LED_Status        app_gpio_in_out.o
    0x00020ab0   0x00000018   Code   RO         1227    i.LinkServerVerifyStep  fun.o
    0x00020ac8   0x000000bc   Code   RO          397    i.NBUART_Receive_Order_Analys  main.o
    0x00020b84   0x00000150   Code   RO          398    i.NBUART_Receive_Order_Dispose  main.o
    0x00020cd4   0x0000003c   Code   RO         1363    i.NBuart_event_handle  app_it.o
    0x00020d10   0x00000042   Code   RO          399    i.Power_ON          main.o
    0x00020d52   0x00000002   PAD
    0x00020d54   0x00000024   Code   RO         3227    i.RTC1_IRQHandler   app_timer.o
    0x00020d78   0x00000078   Code   RO          808    i.ReadBTNameFromFlash  ble_nrf.o
    0x00020df0   0x00000044   Code   RO           11    i.ReadIPToFlash     app_gpio_in_out.o
    0x00020e34   0x00000080   Code   RO           12    i.ReadMACFromFlash  app_gpio_in_out.o
    0x00020eb4   0x00000074   Code   RO         1228    i.RealTimeZoneConvert  fun.o
    0x00020f28   0x00000090   Code   RO         1229    i.RenewRealTime     fun.o
    0x00020fb8   0x000000bc   Code   RO         2226    i.SAADC_IRQHandler  nrf_drv_saadc.o
    0x00021074   0x00000044   Code   RO          647    i.SPI_FLASH_BufferRead  flash.o
    0x000210b8   0x000000bc   Code   RO          648    i.SPI_FLASH_BufferWrite  flash.o
    0x00021174   0x0000002e   Code   RO          650    i.SPI_FLASH_Init    flash.o
    0x000211a2   0x00000052   Code   RO          651    i.SPI_FLASH_PageWrite  flash.o
    0x000211f4   0x0000003c   Code   RO          655    i.SPI_FLASH_SectorErase  flash.o
    0x00021230   0x00000022   Code   RO          659    i.SPI_FLASH_WaitForWriteEnd  flash.o
    0x00021252   0x00000018   Code   RO          660    i.SPI_FLASH_WriteEnable  flash.o
    0x0002126a   0x00000002   PAD
    0x0002126c   0x0000003c   Code   RO          663    i.SPI_I2S_ReceiveData  flash.o
    0x000212a8   0x0000003a   Code   RO          664    i.SPI_I2S_SendData  flash.o
    0x000212e2   0x00000004   Code   RO         3228    i.SWI0_EGU0_IRQHandler  app_timer.o
    0x000212e6   0x00000002   PAD
    0x000212e8   0x00000024   Code   RO         3390    i.SWI2_EGU2_IRQHandler  softdevice_handler.o
    0x0002130c   0x00000060   Code   RO          809    i.SaveBTNameToFlash  ble_nrf.o
    0x0002136c   0x00000048   Code   RO           13    i.SaveIPToFlash     app_gpio_in_out.o
    0x000213b4   0x00000048   Code   RO           14    i.SaveMACToFlash    app_gpio_in_out.o
    0x000213fc   0x00000048   Code   RO           15    i.SendDeviceMacToUart  app_gpio_in_out.o
    0x00021444   0x000000d4   Code   RO          950    i.SetAutoConnect    nb_bc95.o
    0x00021518   0x000000a4   Code   RO         1231    i.SleepDataCalculate  fun.o
    0x000215bc   0x000000d2   Code   RO          951    i.StringToHex       nb_bc95.o
    0x0002168e   0x00000002   PAD
    0x00021690   0x00000290   Code   RO         4037    i.SystemInit        system_nrf52.o
    0x00021920   0x00000014   Code   RO         1871    i.TIMER0_IRQHandler  nrf_drv_timer.o
    0x00021934   0x00000014   Code   RO         1872    i.TIMER1_IRQHandler  nrf_drv_timer.o
    0x00021948   0x00000014   Code   RO         1873    i.TIMER2_IRQHandler  nrf_drv_timer.o
    0x0002195c   0x0000009c   Code   RO         1364    i.Timer1_event_handler  app_it.o
    0x000219f8   0x00000024   Code   RO         1365    i.Timer2_event_handler  app_it.o
    0x00021a1c   0x00000014   Code   RO         1435    i.UARTE0_UART0_IRQHandler  nrf_drv_uart.o
    0x00021a30   0x00000084   Code   RO          400    i.UART_CONFIG       main.o
    0x00021ab4   0x00000030   Code   RO          401    i.UART_Receive_Order_Analys  main.o
    0x00021ae4   0x00000028   Code   RO         4509    i.__0sprintf$8      mc_w.l(printf8.o)
    0x00021b0c   0x0000001a   Code   RO         3229    i.__NVIC_ClearPendingIRQ  app_timer.o
    0x00021b26   0x0000001a   Code   RO         3230    i.__NVIC_EnableIRQ  app_timer.o
    0x00021b40   0x0000001a   Code   RO         3231    i.__NVIC_SetPendingIRQ  app_timer.o
    0x00021b5a   0x00000002   PAD
    0x00021b5c   0x00000008   Code   RO         4629    i.__aeabi_errno_addr  mc_w.l(errno.o)
    0x00021b64   0x0000000e   Code   RO         4683    i.__scatterload_copy  mc_w.l(handlers.o)
    0x00021b72   0x00000002   Code   RO         4684    i.__scatterload_null  mc_w.l(handlers.o)
    0x00021b74   0x0000000e   Code   RO         4685    i.__scatterload_zeroinit  mc_w.l(handlers.o)
    0x00021b82   0x00000002   PAD
    0x00021b84   0x00000410   Code   RO         4514    i._printf_core      mc_w.l(printf8.o)
    0x00021f94   0x00000024   Code   RO         4515    i._printf_post_padding  mc_w.l(printf8.o)
    0x00021fb8   0x0000002e   Code   RO         4516    i._printf_pre_padding  mc_w.l(printf8.o)
    0x00021fe6   0x0000000a   Code   RO         4518    i._sputc            mc_w.l(printf8.o)
    0x00021ff0   0x00000202   Code   RO         3691    i.adv_data_encode   ble_advdata.o
    0x000221f2   0x00000036   Code   RO          522    i.advertising_buttons_configure  bsp_btn_ble.o
    0x00022228   0x00000024   Code   RO         2792    i.app_error_fault_handler  app_error_weak.o
    0x0002224c   0x00000016   Code   RO         2703    i.app_error_handler_bare  app_error.o
    0x00022262   0x00000016   Code   RO         2998    i.app_fifo_get      app_fifo.o
    0x00022278   0x00000020   Code   RO         2999    i.app_fifo_init     app_fifo.o
    0x00022298   0x0000001a   Code   RO         3001    i.app_fifo_put      app_fifo.o
    0x000222b2   0x00000002   PAD
    0x000222b4   0x0000002c   Code   RO         2361    i.app_notify        pstorage.o
    0x000222e0   0x00000024   Code   RO         2362    i.app_notify_error_state_transit  pstorage.o
    0x00022304   0x00000034   Code   RO          810    i.app_receivedata_handler  ble_nrf.o
    0x00022338   0x00000044   Code   RO          403    i.app_timer1_init   main.o
    0x0002237c   0x00000080   Code   RO         3237    i.app_timer_start   app_timer.o
    0x000223fc   0x00000050   Code   RO         3238    i.app_timer_stop    app_timer.o
    0x0002244c   0x00000034   Code   RO         2162    i.app_uart_get      app_uart_fifo.o
    0x00022480   0x000000a4   Code   RO         2163    i.app_uart_init     app_uart_fifo.o
    0x00022524   0x00000034   Code   RO         2164    i.app_uart_put      app_uart_fifo.o
    0x00022558   0x00000078   Code   RO         1436    i.apply_config      nrf_drv_uart.o
    0x000225d0   0x00000068   Code   RO         3692    i.ble_advdata_set   ble_advdata.o
    0x00022638   0x0000011c   Code   RO         3506    i.ble_advertising_init  ble_advertising.o
    0x00022754   0x00000080   Code   RO         3507    i.ble_advertising_on_ble_evt  ble_advertising.o
    0x000227d4   0x00000010   Code   RO         3510    i.ble_advertising_peer_address_clear  ble_advertising.o
    0x000227e4   0x000001e0   Code   RO         3512    i.ble_advertising_start  ble_advertising.o
    0x000229c4   0x00000044   Code   RO         3773    i.ble_conn_params_init  ble_conn_params.o
    0x00022a08   0x00000084   Code   RO         3774    i.ble_conn_params_on_ble_evt  ble_conn_params.o
    0x00022a8c   0x0000005e   Code   RO         3693    i.ble_device_addr_encode  ble_advdata.o
    0x00022aea   0x00000002   PAD
    0x00022aec   0x0000012c   Code   RO         3590    i.ble_dis_init      ble_dis.o
    0x00022c18   0x0000002c   Code   RO          811    i.ble_evt_dispatch  ble_nrf.o
    0x00022c44   0x00000064   Code   RO         3638    i.ble_nus_init      ble_nus.o
    0x00022ca8   0x00000052   Code   RO         3639    i.ble_nus_on_ble_evt  ble_nus.o
    0x00022cfa   0x0000004e   Code   RO         3640    i.ble_nus_string_send  ble_nus.o
    0x00022d48   0x00000012   Code   RO         3835    i.ble_srv_ascii_to_utf8  ble_srv_common.o
    0x00022d5a   0x00000002   PAD
    0x00022d5c   0x00000070   Code   RO          524    i.bsp_btn_ble_on_ble_evt  bsp_btn_ble.o
    0x00022dcc   0x00000004   Code   RO          578    i.bsp_event_to_button_action_assign  bsp.o
    0x00022dd0   0x00000004   Code   RO          579    i.bsp_indication_set  bsp.o
    0x00022dd4   0x00000010   Code   RO         1675    i.channel_port_get  nrf_drv_gpiote.o
    0x00022de4   0x000000a0   Code   RO         3591    i.char_add          ble_dis.o
    0x00022e84   0x000000fc   Code   RO         2363    i.clear_operation_execute  pstorage.o
    0x00022f80   0x00000020   Code   RO         2364    i.clear_post_processing_run  pstorage.o
    0x00022fa0   0x00000034   Code   RO         2365    i.cmd_process       pstorage.o
    0x00022fd4   0x00000020   Code   RO         2366    i.cmd_queue_element_init  pstorage.o
    0x00022ff4   0x00000054   Code   RO         2367    i.cmd_queue_enqueue  pstorage.o
    0x00023048   0x00000040   Code   RO         2368    i.command_end_procedure_run  pstorage.o
    0x00023088   0x000000ac   Code   RO         3240    i.compare_reg_update  app_timer.o
    0x00023134   0x00000088   Code   RO         3694    i.conn_int_encode   ble_advdata.o
    0x000231bc   0x00000002   Code   RO          813    i.conn_params_error_handler  ble_nrf.o
    0x000231be   0x00000002   PAD
    0x000231c0   0x0000005c   Code   RO         3776    i.conn_params_negotiation  ble_conn_params.o
    0x0002321c   0x00000054   Code   RO         2369    i.data_page_erase_state_run  pstorage.o
    0x00023270   0x00000020   Code   RO         2370    i.data_to_swap_write_state_run  pstorage.o
    0x00023290   0x00000040   Code   RO         3241    i.elapsed_ticks_acquire  app_timer.o
    0x000232d0   0x00000014   Code   RO         3004    i.fifo_get          app_fifo.o
    0x000232e4   0x00000012   Code   RO         3005    i.fifo_put          app_fifo.o
    0x000232f6   0x00000002   PAD
    0x000232f8   0x00000092   Code   RO         1233    i.filter            fun.o
    0x0002338a   0x00000002   PAD
    0x0002338c   0x0000001c   Code   RO         2371    i.flash_api_err_code_process  pstorage.o
    0x000233a8   0x0000008c   Code   RO         2372    i.flash_operation_success_run  pstorage.o
    0x00023434   0x00000006   Code   RO         2373    i.flash_page_erase  pstorage.o
    0x0002343a   0x00000002   Code   RO          814    i.flash_pstorage_cb_handler  ble_nrf.o
    0x0002343c   0x00000006   Code   RO         2374    i.flash_write       pstorage.o
    0x00023442   0x00000002   PAD
    0x00023444   0x00000050   Code   RO         4561    i.free              mc_w.l(malloc.o)
    0x00023494   0x00000014   Code   RO         2826    i.fs_queued_op_count_get  fstorage.o
    0x000234a8   0x0000001e   Code   RO         1235    i.getAverage        fun.o
    0x000234c6   0x00000002   PAD
    0x000234c8   0x00000026   Code   RO         1236    i.getMax            fun.o
    0x000234ee   0x00000002   PAD
    0x000234f0   0x00000026   Code   RO         1237    i.getMin            fun.o
    0x00023516   0x00000032   Code   RO         1238    i.getUpOrDown       fun.o
    0x00023548   0x00000078   Code   RO         2375    i.head_restore_state_run  pstorage.o
    0x000235c0   0x0000006c   Code   RO         3391    i.intern_softdevice_events_execute  softdevice_handler.o
    0x0002362c   0x0000003e   Code   RO         1874    i.irq_handler       nrf_drv_timer.o
    0x0002366a   0x00000002   PAD
    0x0002366c   0x0000001c   Code   RO         3777    i.is_conn_params_ok  ble_conn_params.o
    0x00023688   0x00000044   Code   RO         2376    i.is_page_erase_required  pstorage.o
    0x000236cc   0x0000000c   Code   RO         2377    i.is_word_aligned   pstorage.o
    0x000236d8   0x00000054   Code   RO         3695    i.le_role_encode    ble_advdata.o
    0x0002372c   0x000000bc   Code   RO         3242    i.list_deletions_handler  app_timer.o
    0x000237e8   0x000000cc   Code   RO         3243    i.list_insertions_handler  app_timer.o
    0x000238b4   0x00000154   Code   RO          404    i.main              main.o
    0x00023a08   0x00000014   Code   RO         2378    i.main_state_err_busy_process  pstorage.o
    0x00023a1c   0x0000006c   Code   RO         4562    i.malloc            mc_w.l(malloc.o)
    0x00023a88   0x00000064   Code   RO         3696    i.manuf_specific_data_encode  ble_advdata.o
    0x00023aec   0x0000009c   Code   RO         3697    i.name_encode       ble_advdata.o
    0x00023b88   0x0000001a   Code   RO         1411    i.nrf_delay_ms      nrf_delay.o
    0x00023ba2   0x00000002   PAD
    0x00023ba4   0x00000024   Code   RO         2617    i.nrf_drv_clock_on_soc_event  nrf_drv_clock.o
    0x00023bc8   0x0000003c   Code   RO         1641    i.nrf_drv_common_irq_enable  nrf_drv_common.o
    0x00023c04   0x00000094   Code   RO         2228    i.nrf_drv_saadc_buffer_convert  nrf_drv_saadc.o
    0x00023c98   0x00000048   Code   RO         2229    i.nrf_drv_saadc_channel_init  nrf_drv_saadc.o
    0x00023ce0   0x00000074   Code   RO         2231    i.nrf_drv_saadc_init  nrf_drv_saadc.o
    0x00023d54   0x00000020   Code   RO         2234    i.nrf_drv_saadc_sample  nrf_drv_saadc.o
    0x00023d74   0x00000022   Code   RO         1877    i.nrf_drv_timer_compare  nrf_drv_timer.o
    0x00023d96   0x00000002   PAD
    0x00023d98   0x0000001c   Code   RO         1881    i.nrf_drv_timer_enable  nrf_drv_timer.o
    0x00023db4   0x0000002a   Code   RO         1882    i.nrf_drv_timer_extended_compare  nrf_drv_timer.o
    0x00023dde   0x00000002   PAD
    0x00023de0   0x000000a0   Code   RO         1884    i.nrf_drv_timer_init  nrf_drv_timer.o
    0x00023e80   0x00000094   Code   RO         1438    i.nrf_drv_uart_init  nrf_drv_uart.o
    0x00023f14   0x0000008c   Code   RO         1439    i.nrf_drv_uart_rx   nrf_drv_uart.o
    0x00023fa0   0x00000020   Code   RO         1442    i.nrf_drv_uart_rx_enable  nrf_drv_uart.o
    0x00023fc0   0x0000009c   Code   RO         1443    i.nrf_drv_uart_rx_for_uart  nrf_drv_uart.o
    0x0002405c   0x00000090   Code   RO         1444    i.nrf_drv_uart_rx_for_uarte  nrf_drv_uart.o
    0x000240ec   0x00000090   Code   RO         1445    i.nrf_drv_uart_tx   nrf_drv_uart.o
    0x0002417c   0x00000080   Code   RO         1447    i.nrf_drv_uart_tx_for_uart  nrf_drv_uart.o
    0x000241fc   0x00000010   Code   RO         1448    i.nrf_drv_uart_tx_in_progress  nrf_drv_uart.o
    0x0002420c   0x00000022   Code   RO          665    i.nrf_gpio_cfg      flash.o
    0x0002422e   0x00000022   Code   RO         1450    i.nrf_gpio_cfg      nrf_drv_uart.o
    0x00024250   0x00000012   Code   RO         1452    i.nrf_gpio_cfg_input  nrf_drv_uart.o
    0x00024262   0x00000014   Code   RO          666    i.nrf_gpio_cfg_output  flash.o
    0x00024276   0x00000014   Code   RO         1453    i.nrf_gpio_cfg_output  nrf_drv_uart.o
    0x0002428a   0x0000000e   Code   RO           17    i.nrf_gpio_cfg_output_pullup  app_gpio_in_out.o
    0x00024298   0x0000000e   Code   RO          952    i.nrf_gpio_cfg_output_pullup  nb_bc95.o
    0x000242a6   0x0000001c   Code   RO         1697    i.nrf_gpio_cfg_sense_set  nrf_drv_gpiote.o
    0x000242c2   0x00000002   PAD
    0x000242c4   0x00000010   Code   RO          667    i.nrf_gpio_pin_clear  flash.o
    0x000242d4   0x00000010   Code   RO          668    i.nrf_gpio_pin_set  flash.o
    0x000242e4   0x00000014   Code   RO         1698    i.nrf_gpiote_event_clear  nrf_drv_gpiote.o
    0x000242f8   0x00000010   Code   RO         1699    i.nrf_gpiote_event_is_set  nrf_drv_gpiote.o
    0x00024308   0x00000060   Code   RO         2334    i.nrf_saadc_channel_init  nrf_saadc.o
    0x00024368   0x00000014   Code   RO         2237    i.nrf_saadc_channel_input_set  nrf_drv_saadc.o
    0x0002437c   0x00000010   Code   RO         2238    i.nrf_saadc_event_check  nrf_drv_saadc.o
    0x0002438c   0x0000000a   Code   RO         1454    i.nrf_uart_event_check  nrf_drv_uart.o
    0x00024396   0x0000000c   Code   RO         1455    i.nrf_uart_int_enable_check  nrf_drv_uart.o
    0x000243a2   0x0000000a   Code   RO         1456    i.nrf_uarte_event_check  nrf_drv_uart.o
    0x000243ac   0x00000014   Code   RO          815    i.on_adv_evt        ble_nrf.o
    0x000243c0   0x0000005c   Code   RO          816    i.on_ble_evt        ble_nrf.o
    0x0002441c   0x00000014   Code   RO          817    i.on_conn_params_evt  ble_nrf.o
    0x00024430   0x00000014   Code   RO         3514    i.peer_address_exists  ble_advertising.o
    0x00024444   0x00000034   Code   RO         3592    i.pnp_id_encode     ble_dis.o
    0x00024478   0x00000024   Code   RO         2379    i.pstorage_access_status_get  pstorage.o
    0x0002449c   0x0000004c   Code   RO         2380    i.pstorage_block_identifier_get  pstorage.o
    0x000244e8   0x0000001e   Code   RO         2382    i.pstorage_flash_page_end  pstorage.o
    0x00024506   0x0000000a   Code   RO         2383    i.pstorage_flash_page_size  pstorage.o
    0x00024510   0x0000004c   Code   RO         2384    i.pstorage_init     pstorage.o
    0x0002455c   0x0000009c   Code   RO         2385    i.pstorage_load     pstorage.o
    0x000245f8   0x000000b4   Code   RO         2386    i.pstorage_register  pstorage.o
    0x000246ac   0x00000080   Code   RO         2387    i.pstorage_store    pstorage.o
    0x0002472c   0x00000048   Code   RO         2388    i.pstorage_sys_event_handler  pstorage.o
    0x00024774   0x00000014   Code   RO         1239    i.putHrWaveData     fun.o
    0x00024788   0x00000014   Code   RO         1240    i.putRrWaveData     fun.o
    0x0002479c   0x0000003c   Code   RO         1241    i.putWaveDataToBuf  fun.o
    0x000247d8   0x00000028   Code   RO          818    i.register_flash    ble_nrf.o
    0x00024800   0x0000003c   Code   RO         3244    i.rtc1_stop         app_timer.o
    0x0002483c   0x00000030   Code   RO         1458    i.rx_byte           nrf_drv_uart.o
    0x0002486c   0x000000dc   Code   RO         3641    i.rx_char_add       ble_nus.o
    0x00024948   0x00000020   Code   RO         1459    i.rx_done_event     nrf_drv_uart.o
    0x00024968   0x00000018   Code   RO         1460    i.rx_enable         nrf_drv_uart.o
    0x00024980   0x00000024   Code   RO           18    i.saadc_callback    app_gpio_in_out.o
    0x000249a4   0x00000010   Code   RO         3392    i.sd_check_ram_start  softdevice_handler.o
    0x000249b4   0x0000008c   Code   RO         3393    i.sd_nvic_EnableIRQ  softdevice_handler.o
    0x00024a40   0x00000088   Code   RO         3698    i.service_data_encode  ble_advdata.o
    0x00024ac8   0x0000003c   Code   RO         2390    i.sm_state_change   pstorage.o
    0x00024b04   0x00000014   Code   RO         3394    i.softdevice_ble_evt_handler_set  softdevice_handler.o
    0x00024b18   0x00000014   Code   RO         3395    i.softdevice_enable  softdevice_handler.o
    0x00024b2c   0x00000026   Code   RO         3396    i.softdevice_enable_get_default_config  softdevice_handler.o
    0x00024b52   0x00000004   Code   RO         3397    i.softdevice_fault_handler  softdevice_handler.o
    0x00024b56   0x00000002   PAD
    0x00024b58   0x00000034   Code   RO         3398    i.softdevice_handler_init  softdevice_handler.o
    0x00024b8c   0x00000014   Code   RO         3401    i.softdevice_sys_evt_handler_set  softdevice_handler.o
    0x00024ba0   0x00000068   Code   RO         2391    i.state_data_erase_swap_entry_run  pstorage.o
    0x00024c08   0x0000000c   Code   RO         2392    i.state_erase_data_page_entry_run  pstorage.o
    0x00024c14   0x0000002c   Code   RO         2393    i.state_restore_head_entry_run  pstorage.o
    0x00024c40   0x00000050   Code   RO         2394    i.state_restore_tail_entry_run  pstorage.o
    0x00024c90   0x0000001e   Code   RO         2395    i.state_swap_erase_entry_run  pstorage.o
    0x00024cae   0x00000002   PAD
    0x00024cb0   0x00000030   Code   RO         2396    i.state_write_data_swap_entry_run  pstorage.o
    0x00024ce0   0x0000005c   Code   RO         2397    i.store_cmd_flash_write_execute  pstorage.o
    0x00024d3c   0x00000018   Code   RO         2398    i.swap_erase_state_run  pstorage.o
    0x00024d54   0x00000014   Code   RO         2399    i.swap_sub_state_err_busy_process  pstorage.o
    0x00024d68   0x00000014   Code   RO         2400    i.swap_sub_state_state_change  pstorage.o
    0x00024d7c   0x00000004   Code   RO          819    i.sys_evt_dispatch  ble_nrf.o
    0x00024d80   0x00000042   Code   RO         3593    i.sys_id_encode     ble_dis.o
    0x00024dc2   0x00000002   PAD
    0x00024dc4   0x00000014   Code   RO         2401    i.tail_restore_state_run  pstorage.o
    0x00024dd8   0x0000008c   Code   RO         3245    i.timer_list_handler  app_timer.o
    0x00024e64   0x0000003c   Code   RO         3246    i.timer_list_insert  app_timer.o
    0x00024ea0   0x00000084   Code   RO         3247    i.timer_timeouts_check  app_timer.o
    0x00024f24   0x00000024   Code   RO         1461    i.tx_byte           nrf_drv_uart.o
    0x00024f48   0x000000a0   Code   RO         3642    i.tx_char_add       ble_nus.o
    0x00024fe8   0x00000024   Code   RO         1462    i.tx_done_event     nrf_drv_uart.o
    0x0002500c   0x0000003c   Code   RO         1366    i.uart_event_handle  app_it.o
    0x00025048   0x00000090   Code   RO         2165    i.uart_event_handler  app_uart_fifo.o
    0x000250d8   0x00000108   Code   RO         1463    i.uart_irq_handler  nrf_drv_uart.o
    0x000251e0   0x000000d8   Code   RO         1464    i.uarte_irq_handler  nrf_drv_uart.o
    0x000252b8   0x0000000a   Code   RO         3699    i.uint16_encode     ble_advdata.o
    0x000252c2   0x0000003e   Code   RO         3248    i.user_id_get       app_timer.o
    0x00025300   0x00000028   Code   RO         3249    i.user_op_alloc     app_timer.o
    0x00025328   0x00000030   Code   RO         3700    i.uuid_list_encode  ble_advdata.o
    0x00025358   0x0000009e   Code   RO         3701    i.uuid_list_sized_encode  ble_advdata.o
    0x000253f6   0x0000000e   Code   RO         3515    i.whitelist_has_entries  ble_advertising.o
    0x00025404   0x00000010   Data   RO           19    .constdata          app_gpio_in_out.o
    0x00025414   0x00000020   Data   RO          406    .constdata          main.o
    0x00025434   0x00000004   Data   RO          821    .constdata          ble_nrf.o
    0x00025438   0x00000020   Data   RO         1466    .constdata          nrf_drv_uart.o
    0x00025458   0x00000018   Data   RO         1889    .constdata          nrf_drv_timer.o
    0x00025470   0x00000020   Data   RO         2167    .constdata          app_uart_fifo.o
    0x00025490   0x00000003   Data   RO         2241    .constdata          nrf_drv_saadc.o
    0x00025493   0x00000001   PAD
    0x00025494   0x00000028   Data   RO         2403    .constdata          pstorage.o
    0x000254bc   0x00000010   Data   RO         3643    .constdata          ble_nus.o
    0x000254cc   0x00000004   Data   RO         3780    .constdata          ble_conn_params.o
    0x000254d0   0x000000c8   Data   RO         4147    .constdata          sleep.lib(berpara.o)
    0x00025598   0x000000c8   Data   RO         4148    .constdata          sleep.lib(berpara.o)
    0x00025660   0x000000c8   Data   RO         4149    .constdata          sleep.lib(berpara.o)
    0x00025728   0x000000c8   Data   RO         4150    .constdata          sleep.lib(berpara.o)
    0x000257f0   0x000000c8   Data   RO         4151    .constdata          sleep.lib(berpara.o)
    0x000258b8   0x000000c8   Data   RO         4152    .constdata          sleep.lib(berpara.o)
    0x00025980   0x000000c8   Data   RO         4153    .constdata          sleep.lib(berpara.o)
    0x00025a48   0x000000c8   Data   RO         4154    .constdata          sleep.lib(berpara.o)
    0x00025b10   0x00000081   Data   RO         4650    .constdata          mc_w.l(ctype_o.o)
    0x00025b91   0x00000003   PAD
    0x00025b94   0x00000004   Data   RO         4651    .constdata          mc_w.l(ctype_o.o)
    0x00025b98   0x0000003a   Data   RO          407    .conststring        main.o
    0x00025bd2   0x00000002   PAD
    0x00025bd4   0x00000020   Data   RO         4681    Region$$Table       anon$$obj.o


    Execution Region RW_IRAM1 (Base: 0x20002080, Size: 0x0000aad8, Max: 0x0000df80, ABSOLUTE, COMPRESSED[0x00000078])

    Base Addr    Size         Type   Attr      Idx    E Section Name        Object

    0x20002080   0x00000004   Data   RW           20    .data               app_gpio_in_out.o
    0x20002084   0x00000008   Data   RW          408    .data               main.o
    0x2000208c   0x00000008   Data   RW          526    .data               bsp_btn_ble.o
    0x20002094   0x00000018   Data   RW          822    .data               ble_nrf.o
    0x200020ac   0x00000002   Data   RW         1115    .data               parameter.o
    0x200020ae   0x00000001   Data   RW         1116    .data               parameter.o
    0x200020af   0x00000001   Data   RW         1117    .data               parameter.o
    0x200020b0   0x00000002   Data   RW         1118    .data               parameter.o
    0x200020b2   0x00000002   Data   RW         1120    .data               parameter.o
    0x200020b4   0x00000001   Data   RW         1122    .data               parameter.o
    0x200020b5   0x00000001   Data   RW         1123    .data               parameter.o
    0x200020b6   0x00000001   Data   RW         1124    .data               parameter.o
    0x200020b7   0x00000001   Data   RW         1126    .data               parameter.o
    0x200020b8   0x00000001   Data   RW         1127    .data               parameter.o
    0x200020b9   0x00000001   Data   RW         1128    .data               parameter.o
    0x200020ba   0x00000001   Data   RW         1132    .data               parameter.o
    0x200020bb   0x00000001   Data   RW         1133    .data               parameter.o
    0x200020bc   0x00000001   Data   RW         1134    .data               parameter.o
    0x200020bd   0x00000001   PAD
    0x200020be   0x00000002   Data   RW         1135    .data               parameter.o
    0x200020c0   0x00000002   Data   RW         1136    .data               parameter.o
    0x200020c2   0x00000002   Data   RW         1137    .data               parameter.o
    0x200020c4   0x00000004   Data   RW         1138    .data               parameter.o
    0x200020c8   0x00000004   Data   RW         1139    .data               parameter.o
    0x200020cc   0x00000001   Data   RW         1141    .data               parameter.o
    0x200020cd   0x00000001   Data   RW         1142    .data               parameter.o
    0x200020ce   0x00000001   Data   RW         1154    .data               parameter.o
    0x200020cf   0x00000001   Data   RW         1156    .data               parameter.o
    0x200020d0   0x00000001   Data   RW         1157    .data               parameter.o
    0x200020d1   0x00000001   Data   RW         1158    .data               parameter.o
    0x200020d2   0x00000001   Data   RW         1159    .data               parameter.o
    0x200020d3   0x00000001   Data   RW         1160    .data               parameter.o
    0x200020d4   0x00000001   Data   RW         1161    .data               parameter.o
    0x200020d5   0x00000001   Data   RW         1162    .data               parameter.o
    0x200020d6   0x00000001   Data   RW         1163    .data               parameter.o
    0x200020d7   0x00000001   Data   RW         1164    .data               parameter.o
    0x200020d8   0x00000001   Data   RW         1165    .data               parameter.o
    0x200020d9   0x00000001   Data   RW         1166    .data               parameter.o
    0x200020da   0x00000001   Data   RW         1167    .data               parameter.o
    0x200020db   0x00000001   PAD
    0x200020dc   0x00000008   Data   RW         1168    .data               parameter.o
    0x200020e4   0x00000006   Data   RW         1169    .data               parameter.o
    0x200020ea   0x00000006   Data   RW         1171    .data               parameter.o
    0x200020f0   0x00000006   Data   RW         1172    .data               parameter.o
    0x200020f6   0x00000006   Data   RW         1173    .data               parameter.o
    0x200020fc   0x00000006   Data   RW         1174    .data               parameter.o
    0x20002102   0x00000006   Data   RW         1175    .data               parameter.o
    0x20002108   0x00000002   Data   RW         1184    .data               parameter.o
    0x2000210a   0x00000004   Data   RW         1185    .data               parameter.o
    0x2000210e   0x00000005   Data   RW         1186    .data               parameter.o
    0x20002113   0x00000001   PAD
    0x20002114   0x00000004   Data   RW         1243    .data               fun.o
    0x20002118   0x00000008   Data   RW         2168    .data               app_uart_fifo.o
    0x20002120   0x00000024   Data   RW         2404    .data               pstorage.o
    0x20002144   0x00000020   Data   RW         3250    .data               app_timer.o
    0x20002164   0x00000014   Data   RW         3403    .data               softdevice_handler.o
    0x20002178   0x0000001f   Data   RW         3517    .data               ble_advertising.o
    0x20002197   0x00000001   PAD
    0x20002198   0x0000004a   Data   RW         3594    .data               ble_dis.o
    0x200021e2   0x00000014   Data   RW         3781    .data               ble_conn_params.o
    0x200021f6   0x00000002   PAD
    0x200021f8   0x00000004   Data   RW         4038    .data               system_nrf52.o
    0x200021fc   0x00000004   PAD
    0x20002200   0x000000b8   Data   RW         4071    .data               sleep.lib(ber_program.o)
    0x200022b8   0x00000001   Data   RW         4155    .data               sleep.lib(berpara.o)
    0x200022b9   0x00000001   Data   RW         4156    .data               sleep.lib(berpara.o)
    0x200022ba   0x00000001   Data   RW         4157    .data               sleep.lib(berpara.o)
    0x200022bb   0x00000001   Data   RW         4158    .data               sleep.lib(berpara.o)
    0x200022bc   0x00000001   Data   RW         4159    .data               sleep.lib(berpara.o)
    0x200022bd   0x00000001   Data   RW         4160    .data               sleep.lib(berpara.o)
    0x200022be   0x00000002   Data   RW         4161    .data               sleep.lib(berpara.o)
    0x200022c0   0x00000001   Data   RW         4162    .data               sleep.lib(berpara.o)
    0x200022c1   0x00000003   PAD
    0x200022c4   0x00000004   Data   RW         4163    .data               sleep.lib(berpara.o)
    0x200022c8   0x00000003   Data   RW         4164    .data               sleep.lib(berpara.o)
    0x200022cb   0x00000003   Data   RW         4165    .data               sleep.lib(berpara.o)
    0x200022ce   0x00000002   PAD
    0x200022d0   0x00000008   Data   RW         4166    .data               sleep.lib(berpara.o)
    0x200022d8   0x00000008   Data   RW         4167    .data               sleep.lib(berpara.o)
    0x200022e0   0x00000001   Data   RW         4168    .data               sleep.lib(berpara.o)
    0x200022e1   0x00000001   Data   RW         4177    .data               sleep.lib(berpara.o)
    0x200022e2   0x00000005   Data   RW         4178    .data               sleep.lib(berpara.o)
    0x200022e7   0x00000001   Data   RW         4179    .data               sleep.lib(berpara.o)
    0x200022e8   0x00000001   Data   RW         4180    .data               sleep.lib(berpara.o)
    0x200022e9   0x00000001   Data   RW         4181    .data               sleep.lib(berpara.o)
    0x200022ea   0x00000001   Data   RW         4182    .data               sleep.lib(berpara.o)
    0x200022eb   0x00000001   Data   RW         4183    .data               sleep.lib(berpara.o)
    0x200022ec   0x00000001   Data   RW         4184    .data               sleep.lib(berpara.o)
    0x200022ed   0x00000001   Data   RW         4185    .data               sleep.lib(berpara.o)
    0x200022ee   0x00000001   Data   RW         4186    .data               sleep.lib(berpara.o)
    0x200022ef   0x00000001   PAD
    0x200022f0   0x00000002   Data   RW         4187    .data               sleep.lib(berpara.o)
    0x200022f2   0x00000002   Data   RW         4189    .data               sleep.lib(berpara.o)
    0x200022f4   0x00000002   Data   RW         4190    .data               sleep.lib(berpara.o)
    0x200022f6   0x00000002   PAD
    0x200022f8   0x00000004   Data   RW         4191    .data               sleep.lib(berpara.o)
    0x200022fc   0x00000004   Data   RW         4192    .data               sleep.lib(berpara.o)
    0x20002300   0x00000004   Data   RW         4193    .data               sleep.lib(berpara.o)
    0x20002304   0x00000004   Data   RW         4194    .data               sleep.lib(berpara.o)
    0x20002308   0x00000004   Data   RW         4195    .data               sleep.lib(berpara.o)
    0x2000230c   0x00000004   Data   RW         4198    .data               sleep.lib(berpara.o)
    0x20002310   0x00000001   Data   RW         4199    .data               sleep.lib(berpara.o)
    0x20002311   0x00000001   Data   RW         4200    .data               sleep.lib(berpara.o)
    0x20002312   0x00000001   Data   RW         4201    .data               sleep.lib(berpara.o)
    0x20002313   0x00000001   Data   RW         4202    .data               sleep.lib(berpara.o)
    0x20002314   0x00000001   Data   RW         4203    .data               sleep.lib(berpara.o)
    0x20002315   0x00000001   Data   RW         4204    .data               sleep.lib(berpara.o)
    0x20002316   0x00000001   Data   RW         4205    .data               sleep.lib(berpara.o)
    0x20002317   0x00000001   PAD
    0x20002318   0x00000002   Data   RW         4206    .data               sleep.lib(berpara.o)
    0x2000231a   0x00000002   Data   RW         4207    .data               sleep.lib(berpara.o)
    0x2000231c   0x00000002   Data   RW         4208    .data               sleep.lib(berpara.o)
    0x2000231e   0x00000001   Data   RW         4209    .data               sleep.lib(berpara.o)
    0x2000231f   0x00000001   Data   RW         4210    .data               sleep.lib(berpara.o)
    0x20002320   0x00000001   Data   RW         4211    .data               sleep.lib(berpara.o)
    0x20002321   0x00000003   PAD
    0x20002324   0x00000004   Data   RW         4212    .data               sleep.lib(berpara.o)
    0x20002328   0x00000001   Data   RW         4213    .data               sleep.lib(berpara.o)
    0x20002329   0x00000001   Data   RW         4214    .data               sleep.lib(berpara.o)
    0x2000232a   0x00000002   Data   RW         4215    .data               sleep.lib(berpara.o)
    0x2000232c   0x00000001   Data   RW         4216    .data               sleep.lib(berpara.o)
    0x2000232d   0x00000001   Data   RW         4217    .data               sleep.lib(berpara.o)
    0x2000232e   0x00000001   Data   RW         4218    .data               sleep.lib(berpara.o)
    0x2000232f   0x00000001   PAD
    0x20002330   0x00000002   Data   RW         4219    .data               sleep.lib(berpara.o)
    0x20002332   0x00000001   Data   RW         4220    .data               sleep.lib(berpara.o)
    0x20002333   0x00000001   Data   RW         4222    .data               sleep.lib(berpara.o)
    0x20002334   0x00000001   Data   RW         4223    .data               sleep.lib(berpara.o)
    0x20002335   0x00000001   Data   RW         4224    .data               sleep.lib(berpara.o)
    0x20002336   0x00000001   Data   RW         4225    .data               sleep.lib(berpara.o)
    0x20002337   0x00000001   PAD
    0x20002338   0x00000002   Data   RW         4226    .data               sleep.lib(berpara.o)
    0x2000233a   0x00000002   Data   RW         4227    .data               sleep.lib(berpara.o)
    0x2000233c   0x00000002   Data   RW         4228    .data               sleep.lib(berpara.o)
    0x2000233e   0x00000001   Data   RW         4229    .data               sleep.lib(berpara.o)
    0x2000233f   0x00000001   Data   RW         4230    .data               sleep.lib(berpara.o)
    0x20002340   0x00000004   Data   RW         4231    .data               sleep.lib(berpara.o)
    0x20002344   0x00000001   Data   RW         4232    .data               sleep.lib(berpara.o)
    0x20002345   0x00000001   PAD
    0x20002346   0x00000008   Data   RW         4234    .data               sleep.lib(berpara.o)
    0x2000234e   0x00000008   Data   RW         4235    .data               sleep.lib(berpara.o)
    0x20002356   0x00000003   Data   RW         4237    .data               sleep.lib(berpara.o)
    0x20002359   0x00000003   PAD
    0x2000235c   0x00000004   Data   RW         4238    .data               sleep.lib(berpara.o)
    0x20002360   0x00000001   Data   RW         4239    .data               sleep.lib(berpara.o)
    0x20002361   0x00000001   Data   RW         4240    .data               sleep.lib(berpara.o)
    0x20002362   0x00000001   Data   RW         4241    .data               sleep.lib(berpara.o)
    0x20002363   0x00000001   PAD
    0x20002364   0x00000002   Data   RW         4242    .data               sleep.lib(berpara.o)
    0x20002366   0x00000002   Data   RW         4243    .data               sleep.lib(berpara.o)
    0x20002368   0x00000002   Data   RW         4244    .data               sleep.lib(berpara.o)
    0x2000236a   0x00000002   Data   RW         4245    .data               sleep.lib(berpara.o)
    0x2000236c   0x00000002   Data   RW         4246    .data               sleep.lib(berpara.o)
    0x2000236e   0x00000001   Data   RW         4247    .data               sleep.lib(berpara.o)
    0x2000236f   0x00000001   Data   RW         4248    .data               sleep.lib(berpara.o)
    0x20002370   0x00000001   Data   RW         4249    .data               sleep.lib(berpara.o)
    0x20002371   0x00000001   Data   RW         4250    .data               sleep.lib(berpara.o)
    0x20002372   0x00000001   Data   RW         4251    .data               sleep.lib(berpara.o)
    0x20002373   0x00000001   Data   RW         4252    .data               sleep.lib(berpara.o)
    0x20002374   0x00000001   Data   RW         4253    .data               sleep.lib(berpara.o)
    0x20002375   0x00000001   Data   RW         4254    .data               sleep.lib(berpara.o)
    0x20002376   0x00000001   Data   RW         4255    .data               sleep.lib(berpara.o)
    0x20002377   0x00000001   Data   RW         4256    .data               sleep.lib(berpara.o)
    0x20002378   0x00000001   Data   RW         4257    .data               sleep.lib(berpara.o)
    0x20002379   0x00000001   Data   RW         4260    .data               sleep.lib(berpara.o)
    0x2000237a   0x00000001   Data   RW         4261    .data               sleep.lib(berpara.o)
    0x2000237b   0x00000003   Data   RW         4262    .data               sleep.lib(berpara.o)
    0x2000237e   0x00000001   Data   RW         4263    .data               sleep.lib(berpara.o)
    0x2000237f   0x00000001   Data   RW         4264    .data               sleep.lib(berpara.o)
    0x20002380   0x00000001   Data   RW         4265    .data               sleep.lib(berpara.o)
    0x20002381   0x00000001   Data   RW         4266    .data               sleep.lib(berpara.o)
    0x20002382   0x00000001   Data   RW         4267    .data               sleep.lib(berpara.o)
    0x20002383   0x00000001   PAD
    0x20002384   0x00000002   Data   RW         4269    .data               sleep.lib(berpara.o)
    0x20002386   0x00000001   Data   RW         4272    .data               sleep.lib(berpara.o)
    0x20002387   0x00000001   Data   RW         4273    .data               sleep.lib(berpara.o)
    0x20002388   0x00000004   Data   RW         4627    .data               mc_w.l(mvars.o)
    0x2000238c   0x00000004   Data   RW         4628    .data               mc_w.l(mvars.o)
    0x20002390   0x00000004   Data   RW         4632    .data               mc_w.l(errno.o)
    0x20002394   0x00000200   Zero   RW          405    .bss                main.o
    0x20002594   0x00000064   Zero   RW          820    .bss                ble_nrf.o
    0x200025f8   0x000001f4   Zero   RW         1103    .bss                parameter.o
    0x200027ec   0x000001f4   Zero   RW         1105    .bss                parameter.o
    0x200029e0   0x00000014   Zero   RW         1106    .bss                parameter.o
    0x200029f4   0x0000003c   Zero   RW         1107    .bss                parameter.o
    0x20002a30   0x00000040   Zero   RW         1111    .bss                parameter.o
    0x20002a70   0x00000014   Zero   RW         1112    .bss                parameter.o
    0x20002a84   0x0000001e   Zero   RW         1113    .bss                parameter.o
    0x20002aa2   0x00000014   Zero   RW         1114    .bss                parameter.o
    0x20002ab6   0x00000002   PAD
    0x20002ab8   0x000004e0   Zero   RW         1242    .bss                fun.o
    0x20002f98   0x00000020   Zero   RW         1465    .bss                nrf_drv_uart.o
    0x20002fb8   0x00000048   Zero   RW         1702    .bss                nrf_drv_gpiote.o
    0x20003000   0x00000024   Zero   RW         1888    .bss                nrf_drv_timer.o
    0x20003024   0x00000020   Zero   RW         2166    .bss                app_uart_fifo.o
    0x20003044   0x0000002c   Zero   RW         2240    .bss                nrf_drv_saadc.o
    0x20003070   0x000000d8   Zero   RW         2402    .bss                pstorage.o
    0x20003148   0x0000000c   Zero   RW         2619    .bss                nrf_drv_clock.o
    0x20003154   0x00000058   Zero   RW         2835    .bss                fstorage.o
    0x200031ac   0x0000000c   Zero   RW         3402    .bss                softdevice_handler.o
    0x200031b8   0x00000103   Zero   RW         3516    .bss                ble_advertising.o
    0x200032bb   0x00000001   PAD
    0x200032bc   0x00000020   Zero   RW         3778    .bss                ble_conn_params.o
    0x200032dc   0x0000001c   Zero   RW         3779    .bss                ble_conn_params.o
    0x200032f8   0x00001374   Zero   RW         4070    .bss                sleep.lib(ber_program.o)
    0x2000466c   0x000007d0   Zero   RW         4099    .bss                sleep.lib(berpara.o)
    0x20004e3c   0x000007c8   Zero   RW         4100    .bss                sleep.lib(berpara.o)
    0x20005604   0x000007c8   Zero   RW         4101    .bss                sleep.lib(berpara.o)
    0x20005dcc   0x000007c8   Zero   RW         4102    .bss                sleep.lib(berpara.o)
    0x20006594   0x000007c8   Zero   RW         4104    .bss                sleep.lib(berpara.o)
    0x20006d5c   0x000007c8   Zero   RW         4105    .bss                sleep.lib(berpara.o)
    0x20007524   0x000001f2   Zero   RW         4107    .bss                sleep.lib(berpara.o)
    0x20007716   0x000001f2   Zero   RW         4108    .bss                sleep.lib(berpara.o)
    0x20007908   0x000001f2   Zero   RW         4109    .bss                sleep.lib(berpara.o)
    0x20007afa   0x000001f2   Zero   RW         4110    .bss                sleep.lib(berpara.o)
    0x20007cec   0x00000010   Zero   RW         4113    .bss                sleep.lib(berpara.o)
    0x20007cfc   0x00000010   Zero   RW         4114    .bss                sleep.lib(berpara.o)
    0x20007d0c   0x00000010   Zero   RW         4115    .bss                sleep.lib(berpara.o)
    0x20007d1c   0x00000010   Zero   RW         4116    .bss                sleep.lib(berpara.o)
    0x20007d2c   0x00000190   Zero   RW         4118    .bss                sleep.lib(berpara.o)
    0x20007ebc   0x00000320   Zero   RW         4119    .bss                sleep.lib(berpara.o)
    0x200081dc   0x00000190   Zero   RW         4120    .bss                sleep.lib(berpara.o)
    0x2000836c   0x000001f4   Zero   RW         4121    .bss                sleep.lib(berpara.o)
    0x20008560   0x000001f4   Zero   RW         4122    .bss                sleep.lib(berpara.o)
    0x20008754   0x00000064   Zero   RW         4123    .bss                sleep.lib(berpara.o)
    0x200087b8   0x0000008c   Zero   RW         4127    .bss                sleep.lib(berpara.o)
    0x20008844   0x0000008c   Zero   RW         4128    .bss                sleep.lib(berpara.o)
    0x200088d0   0x0000000a   Zero   RW         4129    .bss                sleep.lib(berpara.o)
    0x200088da   0x0000000a   Zero   RW         4130    .bss                sleep.lib(berpara.o)
    0x200088e4   0x0000000a   Zero   RW         4131    .bss                sleep.lib(berpara.o)
    0x200088ee   0x00000002   PAD
    0x200088f0   0x00000028   Zero   RW         4133    .bss                sleep.lib(berpara.o)
    0x20008918   0x00000028   Zero   RW         4134    .bss                sleep.lib(berpara.o)
    0x20008940   0x00000028   Zero   RW         4135    .bss                sleep.lib(berpara.o)
    0x20008968   0x00000028   Zero   RW         4136    .bss                sleep.lib(berpara.o)
    0x20008990   0x00000028   Zero   RW         4137    .bss                sleep.lib(berpara.o)
    0x200089b8   0x00000028   Zero   RW         4138    .bss                sleep.lib(berpara.o)
    0x200089e0   0x00000028   Zero   RW         4139    .bss                sleep.lib(berpara.o)
    0x20008a08   0x00000028   Zero   RW         4140    .bss                sleep.lib(berpara.o)
    0x20008a30   0x0000008c   Zero   RW         4141    .bss                sleep.lib(berpara.o)
    0x20008abc   0x0000008c   Zero   RW         4142    .bss                sleep.lib(berpara.o)
    0x20008b48   0x0000000a   Zero   RW         4143    .bss                sleep.lib(berpara.o)
    0x20008b52   0x00000006   PAD
    0x20008b58   0x00002000   Zero   RW         4027    HEAP                arm_startup_nrf52.o
    0x2000ab58   0x00002000   Zero   RW         4026    STACK               arm_startup_nrf52.o


==============================================================================

Image component sizes


      Code (inc. data)   RO Data    RW Data    ZI Data      Debug   Object Name

        22          0          0          0          0       3273   app_error.o
        36         10          0          0          0      28261   app_error_weak.o
       118          0          0          0          0       4018   app_fifo.o
       758        104         16          4          0     122790   app_gpio_in_out.o
       312         70          0          0          0       2380   app_it.o
      1566         80          0         32          0      52667   app_timer.o
       412         42         32          8         32       5722   app_uart_fifo.o
        36          8       1024          0      16384        844   arm_startup_nrf52.o
      1540          0          0          0          0      21824   ble_advdata.o
       942         30          0         31        259       8316   ble_advertising.o
       320         38          4         20         60      11708   ble_conn_params.o
       578          8          0         74          0       8959   ble_dis.o
      1196        148          4         24        100      15294   ble_nrf.o
       640          6         16          0          0      12378   ble_nus.o
        18          0          0          0          0       1100   ble_srv_common.o
         8          0          0          0          0       2273   bsp.o
       166          6          0          8          0       6301   bsp_btn_ble.o
       824         16          0          0          0      12608   flash.o
        20          4          0          0         88       4244   fstorage.o
      1890        240          0          4       1248      11324   fun.o
      1600        358         90          8        512      11506   main.o
      3614       1090          0          0          0      17750   nb_bc95.o
       144          0          0          0          0        840   nrf_delay.o
        36          6          0          0         12       2069   nrf_drv_clock.o
        60          0          0          0          0      28431   nrf_drv_common.o
       384         26          0          0         72      13756   nrf_drv_gpiote.o
       592         78          3          0         44      14091   nrf_drv_saadc.o
       386         44         24          0         36      14175   nrf_drv_timer.o
      1808        150         32          0         32      31657   nrf_drv_uart.o
        96          6          0          0          0       5881   nrf_saadc.o
         0          0          0        101       1214       6978   parameter.o
      2430        226         40         36        216      32643   pstorage.o
       454         52          0         20         12      41433   softdevice_handler.o
       656         58          0          4          0       2443   system_nrf52.o

    ----------------------------------------------------------------------
     23716       2904       1320        384      20324     559937   Object Totals
         0          0         32          0          0          0   (incl. Generated)
        54          0          3         10          3          0   (incl. Padding)

    ----------------------------------------------------------------------

      Code (inc. data)   RO Data    RW Data    ZI Data      Debug   Library Member Name

        86          0          0          0          0          0   __dczerorl2.o
        28          0          0          0          0         68   _chval.o
       158          0          0          0          0         92   _strtoul.o
        26          0          0          0          0         80   atoi.o
         8          4        133          0          0         68   ctype_o.o
         0          0          0          0          0          0   entry.o
         0          0          0          0          0          0   entry10a.o
         0          0          0          0          0          0   entry11a.o
         8          4          0          0          0          0   entry2.o
         4          0          0          0          0          0   entry5.o
         0          0          0          0          0          0   entry7b.o
         0          0          0          0          0          0   entry8b.o
         8          4          0          0          0          0   entry9a.o
         8          4          0          4          0         68   errno.o
        30          0          0          0          0          0   handlers.o
        36          8          0          0          0         68   init.o
         0          0          0          0          0          0   iusefp.o
        30          0          0          0          0         68   llshl.o
        36          0          0          0          0         68   llsshr.o
        32          0          0          0          0         68   llushr.o
       188         20          0          0          0        160   malloc.o
        36          0          0          0          0         68   memcpya.o
        36          0          0          0          0        108   memseta.o
         0          0          0          8          0          0   mvars.o
      1172         50          0          0          0        420   printf8.o
        14          0          0          0          0         68   strlen.o
        36          0          0          0          0         80   strstr.o
       112          0          0          0          0         88   strtol.o
        98          0          0          0          0         92   uldiv.o
       334          0          0          0          0        148   dadd.o
       186          0          0          0          0        176   depilogue.o
        62          0          0          0          0         80   dfixi.o
        50          0          0          0          0         76   dfixui.o
        34          0          0          0          0         76   dflti.o
        26          0          0          0          0         76   dfltui.o
       228          0          0          0          0         96   dmul.o
     10040       1182          0        184       4980      26290   ber_program.o
         0          0       1600        188      17636       7670   berpara.o

    ----------------------------------------------------------------------
     13152       1276       1736        404      22624      36420   Library Totals
         2          0          3         20          8          0   (incl. Padding)

    ----------------------------------------------------------------------

      Code (inc. data)   RO Data    RW Data    ZI Data      Debug   Library Name

      2190         94        133         12          0       1732   mc_w.l
       920          0          0          0          0        728   mf_w.l
     10040       1182       1600        372      22616      33960   sleep.lib

    ----------------------------------------------------------------------
     13152       1276       1736        404      22624      36420   Library Totals

    ----------------------------------------------------------------------

==============================================================================


      Code (inc. data)   RO Data    RW Data    ZI Data      Debug   

     36868       4180       3056        788      42948     570741   Grand Totals
     36868       4180       3056        120      42948     570741   ELF Image Totals (compressed)
     36868       4180       3056        120          0          0   ROM Totals

==============================================================================

    Total RO  Size (Code + RO Data)                39924 (  38.99kB)
    Total RW  Size (RW Data + ZI Data)             43736 (  42.71kB)
    Total ROM Size (Code + RO Data + RW Data)      40044 (  39.11kB)

==============================================================================

