Component: ARM Compiler 5.06 update 2 (build 183) Tool: armlink [4d35b7]

==============================================================================

Section Cross References

    app_gpio_in_out.o(i.ADC_GPIO_CONFIG) refers to app_gpio_in_out.o(i.nrf_gpio_cfg_output_pullup) for nrf_gpio_cfg_output_pullup
    app_gpio_in_out.o(i.ADC_GPIO_CONFIG) refers to app_gpio_in_out.o(i.nrf_gpio_pin_set) for nrf_gpio_pin_set
    app_gpio_in_out.o(i.ADC_GPIO_CONFIG) refers to nrf_drv_timer.o(i.nrf_drv_timer_init) for nrf_drv_timer_init
    app_gpio_in_out.o(i.ADC_GPIO_CONFIG) refers to app_error.o(i.app_error_handler_bare) for app_error_handler_bare
    app_gpio_in_out.o(i.ADC_GPIO_CONFIG) refers to nrf_drv_timer.o(i.nrf_drv_timer_extended_compare) for nrf_drv_timer_extended_compare
    app_gpio_in_out.o(i.ADC_GPIO_CONFIG) refers to nrf_drv_timer.o(i.nrf_drv_timer_enable) for nrf_drv_timer_enable
    app_gpio_in_out.o(i.ADC_GPIO_CONFIG) refers to nrf_drv_saadc.o(i.nrf_drv_saadc_channel_init) for nrf_drv_saadc_channel_init
    app_gpio_in_out.o(i.ADC_GPIO_CONFIG) refers to nrf_drv_saadc.o(i.nrf_drv_saadc_init) for nrf_drv_saadc_init
    app_gpio_in_out.o(i.ADC_GPIO_CONFIG) refers to nrf_drv_saadc.o(i.nrf_drv_saadc_buffer_convert) for nrf_drv_saadc_buffer_convert
    app_gpio_in_out.o(i.ADC_GPIO_CONFIG) refers to app_it.o(i.Timer2_event_handler) for Timer2_event_handler
    app_gpio_in_out.o(i.ADC_GPIO_CONFIG) refers to app_gpio_in_out.o(.constdata) for .constdata
    app_gpio_in_out.o(i.ADC_GPIO_CONFIG) refers to app_gpio_in_out.o(i.saadc_callback) for saadc_callback
    app_gpio_in_out.o(i.ADC_GPIO_CONFIG) refers to app_gpio_in_out.o(.data) for .data
    app_gpio_in_out.o(i.COMOrderRetuen) refers to app_uart_fifo.o(i.app_uart_put) for app_uart_put
    app_gpio_in_out.o(i.ClearBLEBUF) refers to memcpya.o(.text) for __aeabi_memcpy
    app_gpio_in_out.o(i.ClearBLEBUF) refers to parameter.o(.bss) for APP_Order_Receive_Data
    app_gpio_in_out.o(i.ClearBLEBUF) refers to parameter.o(.data) for APP_Oredr_Receive_len
    app_gpio_in_out.o(i.ClearBLEBUF) refers to parameter.o(.data) for APP_Receive_Right
    app_gpio_in_out.o(i.ClearNBUSARTBUF) refers to memcpya.o(.text) for __aeabi_memcpy
    app_gpio_in_out.o(i.ClearNBUSARTBUF) refers to parameter.o(.bss) for NBUART_RX_BUFFER
    app_gpio_in_out.o(i.ClearNBUSARTBUF) refers to parameter.o(.data) for NBUART_RX_LEN
    app_gpio_in_out.o(i.ClearNBUSARTBUF) refers to parameter.o(.data) for NBUART_Receive_Right
    app_gpio_in_out.o(i.ClearUSARTBUF) refers to memcpya.o(.text) for __aeabi_memcpy
    app_gpio_in_out.o(i.ClearUSARTBUF) refers to parameter.o(.bss) for UART_RX_BUFFER
    app_gpio_in_out.o(i.ClearUSARTBUF) refers to parameter.o(.data) for UART_RX_LEN
    app_gpio_in_out.o(i.ClearUSARTBUF) refers to parameter.o(.data) for UART_Receive_Right
    app_gpio_in_out.o(i.LED_GPIO_CONFIG) refers to app_gpio_in_out.o(i.nrf_gpio_cfg_output_pullup) for nrf_gpio_cfg_output_pullup
    app_gpio_in_out.o(i.LED_GPIO_CONFIG) refers to app_gpio_in_out.o(i.nrf_gpio_pin_set) for nrf_gpio_pin_set
    app_gpio_in_out.o(i.LED_Status) refers to app_gpio_in_out.o(i.nrf_gpio_pin_set) for nrf_gpio_pin_set
    app_gpio_in_out.o(i.LED_Status) refers to parameter.o(.data) for Flag_BT_Linkstatus
    app_gpio_in_out.o(i.LED_Status) refers to parameter.o(.data) for Flag_LED_Status
    app_gpio_in_out.o(i.LED_Status) refers to parameter.o(.data) for TimerSim
    app_gpio_in_out.o(i.LED_Status) refers to parameter.o(.data) for LED_FlickerCount
    app_gpio_in_out.o(i.ReadIPFromFlash) refers to flash.o(i.SPI_FLASH_BufferRead) for SPI_FLASH_BufferRead
    app_gpio_in_out.o(i.ReadIPFromFlash) refers to parameter.o(.data) for Flag_Check_Status
    app_gpio_in_out.o(i.ReadIPFromFlash) refers to parameter.o(.bss) for IP2
    app_gpio_in_out.o(i.ReadMACFromFlash) refers to flash.o(i.SPI_FLASH_BufferRead) for SPI_FLASH_BufferRead
    app_gpio_in_out.o(i.ReadMACFromFlash) refers to parameter.o(.data) for Flag_Check_Status
    app_gpio_in_out.o(i.ReadMACFromFlash) refers to parameter.o(.data) for MAC_LEN
    app_gpio_in_out.o(i.ReadMACFromFlash) refers to parameter.o(.bss) for MAC_ID
    app_gpio_in_out.o(i.ReadSleepDataPosIndexFromFlash) refers to flash.o(i.SPI_FLASH_BufferRead) for SPI_FLASH_BufferRead
    app_gpio_in_out.o(i.ReadSleepDataPosIndexFromFlash) refers to parameter.o(.data) for StaticsSleepDataSaveNum
    app_gpio_in_out.o(i.ReadSleepDataPosIndexFromFlash) refers to parameter.o(.data) for StaticsSleepDataSendNum
    app_gpio_in_out.o(i.ReadSleepDataPosIndexFromFlash) refers to parameter.o(.data) for FlashSavedSleepDataSaveNum
    app_gpio_in_out.o(i.ReadSleepDataPosIndexFromFlash) refers to parameter.o(.data) for FlashSavedSleepDataSendNum
    app_gpio_in_out.o(i.SaveIPToFlash) refers to flash.o(i.SPI_FLASH_SectorErase) for SPI_FLASH_SectorErase
    app_gpio_in_out.o(i.SaveIPToFlash) refers to strlen.o(.text) for strlen
[...]
    softdevice_enable_get_default_config     0x00026339   Thumb Code    38  softdevice_handler.o(i.softdevice_enable_get_default_config)
    softdevice_fault_handler                 0x0002635f   Thumb Code     4  softdevice_handler.o(i.softdevice_fault_handler)
    softdevice_handler_init                  0x00026365   Thumb Code    42  softdevice_handler.o(i.softdevice_handler_init)
    softdevice_sys_evt_handler_set           0x00026399   Thumb Code    14  softdevice_handler.o(i.softdevice_sys_evt_handler_set)
    uart_event_handle                        0x00026819   Thumb Code    46  app_it.o(i.uart_event_handle)
    TIMER_CH2                                0x00026c10   Data           8  app_gpio_in_out.o(.constdata)
    TIMER_CH1                                0x00026c20   Data           8  main.o(.constdata)
    Resp_highB                               0x00026ce0   Data         200  berpara.o(.constdata)
    Resp_highA                               0x00026da8   Data         200  berpara.o(.constdata)
    Resp_lowB                                0x00026e70   Data         200  berpara.o(.constdata)
    Resp_lowA                                0x00026f38   Data         200  berpara.o(.constdata)
    Ecg_highB                                0x00027000   Data         200  berpara.o(.constdata)
    Ecg_highA                                0x000270c8   Data         200  berpara.o(.constdata)
    Ecg_lowB                                 0x00027190   Data         200  berpara.o(.constdata)
    Ecg_lowA                                 0x00027258   Data         200  berpara.o(.constdata)
    __ctype_table                            0x00027320   Data         129  ctype_o.o(.constdata)
    Region$$Table$$Base                      0x000273e4   Number         0  anon$$obj.o(Region$$Table)
    Region$$Table$$Limit                     0x00027404   Number         0  anon$$obj.o(Region$$Table)
    Image$$RW_IRAM1$$Base                    0x20002080   Number         0  anon$$obj.o ABSOLUTE
    adc_vdata                                0x20002080   Data           2  app_gpio_in_out.o(.data)
    SoftVer                                  0x20002088   Data           4  main.o(.data)
    BTname_block_handle                      0x200020a4   Data           8  ble_nrf.o(.data)
    UART_Data_Receive_Time                   0x200020ac   Data           2  parameter.o(.data)
    UART_Receive_Right                       0x200020ae   Data           1  parameter.o(.data)
    NBUART_Receive_Right                     0x200020af   Data           1  parameter.o(.data)
    UART_RX_LEN                              0x200020b0   Data           2  parameter.o(.data)
    NBUART_RX_LEN                            0x200020b2   Data           2  parameter.o(.data)
    Flag_COMDebug                            0x200020b4   Data           1  parameter.o(.data)
    Flag_BT_Linkstatus                       0x200020b5   Data           1  parameter.o(.data)
    NB_ReceiveServerDatalen                  0x200020b6   Data           1  parameter.o(.data)
    Flag_ReceivedServerOrder                 0x200020b7   Data           1  parameter.o(.data)
    APP_Oredr_Receive_len                    0x200020b8   Data           1  parameter.o(.data)
    APP_Receive_Right                        0x200020b9   Data           1  parameter.o(.data)
    delaytime                                0x200020ba   Data           1  parameter.o(.data)
    delaytime1                               0x200020bb   Data           1  parameter.o(.data)
    TurnTotalTime                            0x200020bc   Data           2  parameter.o(.data)
    TurnTotalCount                           0x200020be   Data           1  parameter.o(.data)
    SendDataToAPPTime                        0x200020bf   Data           1  parameter.o(.data)
    StatistTime_SendData                     0x200020c0   Data           2  parameter.o(.data)
    Monitor_Offline_Time                     0x200020c2   Data           2  parameter.o(.data)
    Time_NetworkInquire                      0x200020c4   Data           2  parameter.o(.data)
    NB_ConnetTime                            0x200020c6   Data           2  parameter.o(.data)
    ECG_COMPARE_COUNT                        0x200020c8   Data           1  parameter.o(.data)
    Flag_ADC_ADJ                             0x200020c9   Data           1  parameter.o(.data)
    ADC_COUNT                                0x200020ca   Data           2  parameter.o(.data)
    CHGADC_COUNT                             0x200020cc   Data           2  parameter.o(.data)
    ADC_AdjTime                              0x200020ce   Data           2  parameter.o(.data)
    NB_SendSleepDataBuffLen                  0x200020d0   Data           1  parameter.o(.data)
    NB_SendSleepDatalen                      0x200020d1   Data           1  parameter.o(.data)
    StaticsSleepDataNo                       0x200020d2   Data           1  parameter.o(.data)
    FlashSavedSleepData_DayMaxNum            0x200020d3   Data           1  parameter.o(.data)
    Flag_NewDayStaticsSleepData              0x200020d4   Data           1  parameter.o(.data)
    Last_StatusFlag                          0x200020d5   Data           1  parameter.o(.data)
    Keep_StatusFlag                          0x200020d6   Data           1  parameter.o(.data)
    Statist_AddHR                            0x200020d8   Data           4  parameter.o(.data)
    Statist_AddRR                            0x200020dc   Data           4  parameter.o(.data)
    Statist_AddCount                         0x200020e0   Data           2  parameter.o(.data)
    TurnKeepTime                             0x200020e2   Data           2  parameter.o(.data)
    PeopleKeepTime                           0x200020e4   Data           2  parameter.o(.data)
    NoPeopleKeepTime                         0x200020e6   Data           2  parameter.o(.data)
    GetSleepDataTimeCount                    0x200020e8   Data           1  parameter.o(.data)
    SleepData_GetTime                        0x200020ea   Data           2  parameter.o(.data)
    Flag_EndLastStatist                      0x200020ec   Data           1  parameter.o(.data)
    Flag_SendDdataToServer                   0x200020ed   Data           1  parameter.o(.data)
    CSQNual                                  0x200020ee   Data           1  parameter.o(.data)
    Socket                                   0x200020ef   Data           1  parameter.o(.data)
    SIMCard_IMSI_Len                         0x200020f0   Data           1  parameter.o(.data)
    Command_SendCount                        0x200020f1   Data           1  parameter.o(.data)
    LinkStep                                 0x200020f2   Data           1  parameter.o(.data)
    LinkVerfyDataSendOver                    0x200020f3   Data           1  parameter.o(.data)
    MAC_LEN                                  0x200020f4   Data           1  parameter.o(.data)
    Flag_init                                0x200020f5   Data           1  parameter.o(.data)
    Flag_LED_Status                          0x200020f6   Data           1  parameter.o(.data)
    LED_FlickerCount                         0x200020f7   Data           1  parameter.o(.data)
    Flag_Check_Status                        0x200020f8   Data           1  parameter.o(.data)
    Flag_PowerOn                             0x200020f9   Data           1  parameter.o(.data)
    Flag_Reregistration                      0x200020fa   Data           1  parameter.o(.data)
    BlueTooth_Name_Len                       0x200020fb   Data           1  parameter.o(.data)
    Flag_SendSleepDataToAPP                  0x200020fc   Data           1  parameter.o(.data)
    TimerSim                                 0x200020fe   Data           8  parameter.o(.data)
    RealTime                                 0x20002106   Data           6  parameter.o(.data)
    IntervalTime                             0x2000210c   Data           2  parameter.o(.data)
    ResendOrderTime                          0x2000210e   Data           2  parameter.o(.data)
    ECG_MAX                                  0x20002110   Data           6  parameter.o(.data)
    ECG_MIN                                  0x20002116   Data           6  parameter.o(.data)
    CHGECG_MAX                               0x2000211c   Data           6  parameter.o(.data)
    CHGECG_MIN                               0x20002122   Data           6  parameter.o(.data)
    StaticsSleepDataSaveNum                  0x20002128   Data           1  parameter.o(.data)
    StaticsSleepDataSendNum                  0x20002129   Data           1  parameter.o(.data)
    FlashSavedSleepDataSaveNum               0x2000212a   Data           1  parameter.o(.data)
    FlashSavedSleepDataSendNum               0x2000212b   Data           1  parameter.o(.data)
    Statist_TurnStartIntervalTime            0x2000212c   Data           2  parameter.o(.data)
    Statist_NopeopleStartIntervalTime        0x2000212e   Data           2  parameter.o(.data)
    Flag_StatistStart                        0x20002130   Data           1  parameter.o(.data)
    Position_TAC                             0x20002131   Data           2  parameter.o(.data)
    Position_CI                              0x20002133   Data           4  parameter.o(.data)
    __stdout                                 0x20002168   Data           4  retarget.o(.data)
    SystemCoreClock                          0x20002220   Data           4  system_nrf52.o(.data)
    RRH                                      0x200022e0   Data           1  berpara.o(.data)
    RRL                                      0x200022e1   Data           1  berpara.o(.data)
    HRH                                      0x200022e2   Data           1  berpara.o(.data)
    HRL                                      0x200022e3   Data           1  berpara.o(.data)
    g1sFlag                                  0x200022e4   Data           1  berpara.o(.data)
    gWakeupFlag                              0x200022e5   Data           1  berpara.o(.data)
    HRcouter1                                0x200022e6   Data           2  berpara.o(.data)
    gHR_Flag                                 0x200022e8   Data           1  berpara.o(.data)
    HRcouter2                                0x200022ec   Data           4  berpara.o(.data)
    gThreePeak                               0x200022f0   Data           3  berpara.o(.data)
    gThreeTrough                             0x200022f3   Data           3  berpara.o(.data)
    gfft_L                                   0x200022f8   Data           8  berpara.o(.data)
    gfft_H                                   0x20002300   Data           8  berpara.o(.data)
    mt                                       0x20002308   Data           1  berpara.o(.data)
    gBeiGu_HR                                0x20002309   Data           1  berpara.o(.data)
    datas                                    0x2000230a   Data           5  berpara.o(.data)
    ttp                                      0x2000230f   Data           1  berpara.o(.data)
    gPowerSample                             0x20002310   Data           1  berpara.o(.data)
    gPowerBreath                             0x20002311   Data           1  berpara.o(.data)
    gPowerHeart                              0x20002312   Data           1  berpara.o(.data)
    gPowerTurn                               0x20002313   Data           1  berpara.o(.data)
    gPowNum1                                 0x20002314   Data           1  berpara.o(.data)
    gPowNum2                                 0x20002315   Data           1  berpara.o(.data)
    gPowNum3                                 0x20002316   Data           1  berpara.o(.data)
    gdatas                                   0x20002318   Data           2  berpara.o(.data)
    SampleData                               0x2000231a   Data           2  berpara.o(.data)
    SampleBase                               0x2000231c   Data           2  berpara.o(.data)
    SampleEcg                                0x20002320   Data           4  berpara.o(.data)
    SampleBreath                             0x20002324   Data           4  berpara.o(.data)
    RespData                                 0x20002328   Data           4  berpara.o(.data)
    EcgData                                  0x2000232c   Data           4  berpara.o(.data)
    Ecg_Data                                 0x20002330   Data           4  berpara.o(.data)
    gTimes                                   0x20002334   Data           4  berpara.o(.data)
    TurnTimes                                0x20002338   Data           1  berpara.o(.data)
    gTurnFlag                                0x20002339   Data           1  berpara.o(.data)
    gTimeTurnFlag                            0x2000233a   Data           1  berpara.o(.data)
    gTimeWinFlag                             0x2000233b   Data           1  berpara.o(.data)
    gTimeAFlag                               0x2000233c   Data           1  berpara.o(.data)
    gT1sCount                                0x2000233d   Data           1  berpara.o(.data)
    gTurnLastFlag                            0x2000233e   Data           1  berpara.o(.data)
    gTurntimeThMax                           0x20002340   Data           2  berpara.o(.data)
    gTurntimeThMin                           0x20002342   Data           2  berpara.o(.data)
    gNoFirst                                 0x20002344   Data           2  berpara.o(.data)
    gPeopleHR                                0x20002346   Data           1  berpara.o(.data)
    gPeopleRR                                0x20002347   Data           1  berpara.o(.data)
    gPeopleFlag                              0x20002348   Data           1  berpara.o(.data)
    gNoNumber                                0x2000234c   Data           4  berpara.o(.data)
    gTurnRespFlag                            0x20002350   Data           1  berpara.o(.data)
    gRRFlag                                  0x20002351   Data           1  berpara.o(.data)
    gTSF                                     0x20002352   Data           2  berpara.o(.data)
    gRespStopFlag                            0x20002354   Data           1  berpara.o(.data)
    gPulseRateRR                             0x20002355   Data           1  berpara.o(.data)
    gRespRR                                  0x20002356   Data           1  berpara.o(.data)
    gCountRR                                 0x20002358   Data           2  berpara.o(.data)
    gWaveHeadRR                              0x2000235a   Data           1  berpara.o(.data)
    gFengCountRR                             0x2000235b   Data           1  berpara.o(.data)
    gSlopFlagRR                              0x2000235c   Data           1  berpara.o(.data)
    gabsRR0                                  0x2000235d   Data           1  berpara.o(.data)
    gFengFlagRR                              0x2000235e   Data           1  berpara.o(.data)
    gSamplePrValCountRR                      0x20002360   Data           2  berpara.o(.data)
    gSampleMinRR                             0x20002362   Data           2  berpara.o(.data)
    gSampleMaxRR                             0x20002364   Data           2  berpara.o(.data)
    gPulseRateHR                             0x20002366   Data           1  berpara.o(.data)
    gRespHR                                  0x20002367   Data           1  berpara.o(.data)
    gCountHR                                 0x20002368   Data           4  berpara.o(.data)
    gWaveHeadHR                              0x2000236c   Data           1  berpara.o(.data)
    gPeakBufHR                               0x2000236e   Data           8  berpara.o(.data)
    gPeakSampleHR                            0x20002376   Data           8  berpara.o(.data)
    Sa                                       0x2000237e   Data           3  berpara.o(.data)
    gFengCountHR                             0x20002384   Data           4  berpara.o(.data)
    gSlopFlagHR                              0x20002388   Data           1  berpara.o(.data)
    gabsHR0                                  0x20002389   Data           1  berpara.o(.data)
    gFengFlagHR                              0x2000238a   Data           1  berpara.o(.data)
    gSamplePrValCountHR                      0x2000238c   Data           2  berpara.o(.data)
    gSampleMinHR                             0x2000238e   Data           2  berpara.o(.data)
    gSampleMaxHR                             0x20002390   Data           2  berpara.o(.data)
    gPeakMinHR                               0x20002392   Data           2  berpara.o(.data)
    gPeakMaxHR                               0x20002394   Data           2  berpara.o(.data)
    gValueTH                                 0x20002396   Data           1  berpara.o(.data)
    Resp_time                                0x20002397   Data           1  berpara.o(.data)
    Ecg_time                                 0x20002398   Data           1  berpara.o(.data)
    gRST_Flag1                               0x20002399   Data           1  berpara.o(.data)
    gRST_Flag2                               0x2000239a   Data           1  berpara.o(.data)
    iis                                      0x2000239b   Data           1  berpara.o(.data)
    iit                                      0x2000239c   Data           1  berpara.o(.data)
    iiff                                     0x2000239d   Data           1  berpara.o(.data)
    iift                                     0x2000239e   Data           1  berpara.o(.data)
    iitf                                     0x2000239f   Data           1  berpara.o(.data)
    iitt                                     0x200023a0   Data           1  berpara.o(.data)
    gTHAverage                               0x200023a1   Data           1  berpara.o(.data)
    gDiffTH                                  0x200023a2   Data           1  berpara.o(.data)
    gResultData                              0x200023a3   Data           3  berpara.o(.data)
    icount                                   0x200023a6   Data           1  berpara.o(.data)
    gEcgHR                                   0x200023a7   Data           1  berpara.o(.data)
    gResultTH                                0x200023a8   Data           1  berpara.o(.data)
    ipoint1                                  0x200023a9   Data           1  berpara.o(.data)
    ipoint2                                  0x200023aa   Data           1  berpara.o(.data)
    gTH_AS                                   0x200023ac   Data           2  berpara.o(.data)
    gindex                                   0x200023ae   Data           1  berpara.o(.data)
    I_AS                                     0x200023af   Data           1  berpara.o(.data)
    __microlib_freelist                      0x200023b0   Data           4  mvars.o(.data)
    __microlib_freelist_initialised          0x200023b4   Data           4  mvars.o(.data)
    UART_RX_BUFFER                           0x20002620   Data         500  parameter.o(.bss)
    NBUART_RX_BUFFER                         0x20002814   Data         500  parameter.o(.bss)
    NB_ReceiveServerData                     0x20002a08   Data          64  parameter.o(.bss)
    BlueTooth_Name                           0x20002a48   Data          20  parameter.o(.bss)
    APP_Order_Receive_Data                   0x20002a5c   Data          60  parameter.o(.bss)
    NB_SendSleepData                         0x20002a98   Data          64  parameter.o(.bss)
    NB_SendSleepDataBuff                     0x20002ad8   Data          64  parameter.o(.bss)
    SIMCard_IMSI                             0x20002b18   Data          20  parameter.o(.bss)
    IP2                                      0x20002b2c   Data          30  parameter.o(.bss)
    MAC_ID                                   0x20002b4a   Data          20  parameter.o(.bss)
    nrf_nvic_state                           0x20003254   Data          12  softdevice_handler.o(.bss)
    gHRData                                  0x20004714   Data        2000  berpara.o(.bss)
    gDiff_Data                               0x20004ee4   Data        1992  berpara.o(.bss)
    gFengData                                0x200056ac   Data        1992  berpara.o(.bss)
    gFengPoint                               0x20005e74   Data        1992  berpara.o(.bss)
    gGuData                                  0x2000663c   Data        1992  berpara.o(.bss)
    gGuPoint                                 0x20006e04   Data        1992  berpara.o(.bss)
    gPeakPeak                                0x200075cc   Data         498  berpara.o(.bss)
    gPeakTrough                              0x200077be   Data         498  berpara.o(.bss)
    gTroughPeak                              0x200079b0   Data         498  berpara.o(.bss)
    gTroughTrough                            0x20007ba2   Data         498  berpara.o(.bss)
    PeakPoint                                0x20007d94   Data          16  berpara.o(.bss)
    PeakValue                                0x20007da4   Data          16  berpara.o(.bss)
    TroughPoint                              0x20007db4   Data          16  berpara.o(.bss)
    TroughValue                              0x20007dc4   Data          16  berpara.o(.bss)
    gSData                                   0x20007dd4   Data         400  berpara.o(.bss)
    gBData                                   0x20007f64   Data         800  berpara.o(.bss)
    gHData                                   0x20008284   Data         400  berpara.o(.bss)
    gPeopleDataRR                            0x20008414   Data         500  berpara.o(.bss)
    gPeopleDataHR                            0x20008608   Data         500  berpara.o(.bss)
    gWakeupDataHR                            0x200087fc   Data         100  berpara.o(.bss)
    gWaveBufRR                               0x20008860   Data         140  berpara.o(.bss)
    gWaveSlopeBufRR                          0x200088ec   Data         140  berpara.o(.bss)
    gPeakBufRR                               0x20008978   Data          10  berpara.o(.bss)
    gPeakSampleRR                            0x20008982   Data          10  berpara.o(.bss)
    gSampleTimeRR                            0x2000898c   Data          10  berpara.o(.bss)
    Bhigh_Resp                               0x20008998   Data          40  berpara.o(.bss)
    Ahigh_Resp                               0x200089c0   Data          40  berpara.o(.bss)
    Bhigh_Ecg                                0x200089e8   Data          40  berpara.o(.bss)
    Ahigh_Ecg                                0x20008a10   Data          40  berpara.o(.bss)
    Blow_Resp                                0x20008a38   Data          40  berpara.o(.bss)
    Alow_Resp                                0x20008a60   Data          40  berpara.o(.bss)
    Blow_Ecg                                 0x20008a88   Data          40  berpara.o(.bss)
    Alow_Ecg                                 0x20008ab0   Data          40  berpara.o(.bss)
    gWaveBufHR                               0x20008ad8   Data         140  berpara.o(.bss)
    gWaveSlopeBufHR                          0x20008b64   Data         140  berpara.o(.bss)
    gTimeHR                                  0x20008bf0   Data          10  berpara.o(.bss)
    __heap_base                              0x20008c00   Data           0  arm_startup_nrf52.o(HEAP)
    __heap_limit                             0x2000ac00   Data           0  arm_startup_nrf52.o(HEAP)
    __initial_sp                             0x2000cc00   Data           0  arm_startup_nrf52.o(STACK)



==============================================================================

Memory Map of the image

  Image Entry point : 0x0001c401

  Load Region LR_IROM1 (Base: 0x0001c000, Size: 0x0000b740, Max: 0x00064000, ABSOLUTE, COMPRESSED[0x0000b480])

    Execution Region ER_IROM1 (Base: 0x0001c000, Size: 0x0000b404, Max: 0x00064000, ABSOLUTE)

    Base Addr    Size         Type   Attr      Idx    E Section Name        Object

    0x0001c000   0x00000400   Data   RO         4148    RESET               arm_startup_nrf52.o
    0x0001c400   0x00000000   Code   RO         4405  * .ARM.Collect$$$$00000000  mc_w.l(entry.o)
    0x0001c400   0x00000004   Code   RO         4725    .ARM.Collect$$$$00000001  mc_w.l(entry2.o)
    0x0001c404   0x00000004   Code   RO         4728    .ARM.Collect$$$$00000004  mc_w.l(entry5.o)
    0x0001c408   0x00000000   Code   RO         4730    .ARM.Collect$$$$00000008  mc_w.l(entry7b.o)
    0x0001c408   0x00000000   Code   RO         4732    .ARM.Collect$$$$0000000A  mc_w.l(entry8b.o)
    0x0001c408   0x00000008   Code   RO         4733    .ARM.Collect$$$$0000000B  mc_w.l(entry9a.o)
    0x0001c410   0x00000000   Code   RO         4735    .ARM.Collect$$$$0000000D  mc_w.l(entry10a.o)
    0x0001c410   0x00000000   Code   RO         4737    .ARM.Collect$$$$0000000F  mc_w.l(entry11a.o)
    0x0001c410   0x00000004   Code   RO         4726    .ARM.Collect$$$$00002712  mc_w.l(entry2.o)
    0x0001c414   0x00000076   Code   RO          681    .emb_text           flash.o
    0x0001c48a   0x00000002   PAD
    0x0001c48c   0x00000076   Code   RO         1538    .emb_text           nrf_delay.o
    0x0001c502   0x00000002   PAD
    0x0001c504   0x00000076   Code   RO         3346    .emb_text           app_timer.o
    0x0001c57a   0x00000002   PAD
    0x0001c57c   0x00000024   Code   RO         4149    .text               arm_startup_nrf52.o
    0x0001c5a0   0x00002738   Code   RO         4189    .text               sleep-hr10-hr34-tn3000-mm800.lib(ber_program.o)
    0x0001ecd8   0x00000024   Code   RO         4408    .text               mc_w.l(memcpya.o)
    0x0001ecfc   0x00000024   Code   RO         4410    .text               mc_w.l(memseta.o)
    0x0001ed20   0x00000024   Code   RO         4412    .text               mc_w.l(strstr.o)
    0x0001ed44   0x0000000e   Code   RO         4414    .text               mc_w.l(strlen.o)
    0x0001ed52   0x0000001a   Code   RO         4709    .text               mc_w.l(atoi.o)
    0x0001ed6c   0x0000014e   Code   RO         4711    .text               mf_w.l(dadd.o)
    0x0001eeba   0x000000e4   Code   RO         4713    .text               mf_w.l(dmul.o)
    0x0001ef9e   0x00000022   Code   RO         4715    .text               mf_w.l(dflti.o)
    0x0001efc0   0x0000001a   Code   RO         4717    .text               mf_w.l(dfltui.o)
    0x0001efda   0x0000003e   Code   RO         4719    .text               mf_w.l(dfixi.o)
    0x0001f018   0x00000032   Code   RO         4721    .text               mf_w.l(dfixui.o)
    0x0001f04a   0x00000038   Code   RO         4723    .text               mf_w.l(d2f.o)
    0x0001f082   0x00000062   Code   RO         4741    .text               mc_w.l(uldiv.o)
    0x0001f0e4   0x0000001e   Code   RO         4743    .text               mc_w.l(llshl.o)
    0x0001f102   0x00000020   Code   RO         4745    .text               mc_w.l(llushr.o)
    0x0001f122   0x00000024   Code   RO         4747    .text               mc_w.l(llsshr.o)
    0x0001f146   0x00000070   Code   RO         4758    .text               mc_w.l(strtol.o)
    0x0001f1b6   0x00000000   Code   RO         4760    .text               mc_w.l(iusefp.o)
    0x0001f1b6   0x0000006e   Code   RO         4761    .text               mf_w.l(fepilogue.o)
    0x0001f224   0x000000ba   Code   RO         4763    .text               mf_w.l(depilogue.o)
    0x0001f2de   0x00000002   PAD
    0x0001f2e0   0x00000024   Code   RO         4771    .text               mc_w.l(init.o)
    0x0001f304   0x00000008   Code   RO         4773    .text               mc_w.l(ctype_o.o)
    0x0001f30c   0x0000009e   Code   RO         4801    .text               mc_w.l(_strtoul.o)
    0x0001f3aa   0x0000001c   Code   RO         4803    .text               mc_w.l(_chval.o)
    0x0001f3c6   0x00000056   Code   RO         4813    .text               mc_w.l(__dczerorl2.o)
    0x0001f41c   0x00000098   Code   RO            5    i.ADC_GPIO_CONFIG   app_gpio_in_out.o
    0x0001f4b4   0x00000054   Code   RO          429    i.APP_Receive_Order_Analysis  main.o
    0x0001f508   0x000002c4   Code   RO          430    i.APP_Receive_Order_Dispose  main.o
    0x0001f7cc   0x0000005c   Code   RO          839    i.APP_Send_Order    ble_nrf.o
    0x0001f828   0x00000180   Code   RO         1282    i.AddStatistStatusData  fun.o
    0x0001f9a8   0x000000a8   Code   RO          997    i.AutoConnectConfig  nb_bc95.o
    0x0001fa50   0x00000108   Code   RO          998    i.BC95_CloseSocket  nb_bc95.o
    0x0001fb58   0x00000150   Code   RO          999    i.BC95_CreateSocket  nb_bc95.o
    0x0001fca8   0x00000020   Code   RO         1000    i.BC95_GPIO_CONFIG  nb_bc95.o
    0x0001fcc8   0x00000044   Code   RO         1001    i.BC95_Init         nb_bc95.o
    0x0001fd0c   0x000000f4   Code   RO         1002    i.BC95_InquireCGATT  nb_bc95.o
    0x0001fe00   0x00000108   Code   RO         1003    i.BC95_InquireCSQ   nb_bc95.o
    0x0001ff08   0x000000f4   Code   RO         1004    i.BC95_InquireIMSI  nb_bc95.o
    0x0001fffc   0x00000134   Code   RO         1005    i.BC95_InquireNetworkTime  nb_bc95.o
    0x00020130   0x000001e4   Code   RO         1006    i.BC95_Inquire_CEREG  nb_bc95.o
    0x00020314   0x00000078   Code   RO         1007    i.BC95_ReadUDPData  nb_bc95.o
    0x0002038c   0x00000028   Code   RO         1008    i.BC95_Reset        nb_bc95.o
    0x000203b4   0x00000022   Code   RO         1009    i.BC95_SEND_STRING  nb_bc95.o
    0x000203d6   0x00000002   PAD
    0x000203d8   0x000000d4   Code   RO         1010    i.BC95_SendDataByUDP  nb_bc95.o
    0x000204ac   0x00000104   Code   RO         1011    i.BC95_Set_CEREGReturnFormat  nb_bc95.o
    0x000205b0   0x0000005c   Code   RO          840    i.BLE_SendBufData   ble_nrf.o
    0x0002060c   0x000000cc   Code   RO          841    i.BLE_SendHRRRData  ble_nrf.o
    0x000206d8   0x00000064   Code   RO          842    i.BLE_SendRRWaveData  ble_nrf.o
    0x0002073c   0x0000006c   Code   RO          843    i.BLE_SendString    ble_nrf.o
    0x000207a8   0x00000198   Code   RO          844    i.BLE_Start         ble_nrf.o
    0x00020940   0x000000b8   Code   RO         1283    i.BackServerVerify  fun.o
    0x000209f8   0x00000042   Code   RO            6    i.COMOrderRetuen    app_gpio_in_out.o
    0x00020a3a   0x00000002   PAD
    0x00020a3c   0x00000024   Code   RO            7    i.ClearBLEBUF       app_gpio_in_out.o
    0x00020a60   0x00000028   Code   RO            8    i.ClearNBUSARTBUF   app_gpio_in_out.o
    0x00020a88   0x00000028   Code   RO            9    i.ClearUSARTBUF     app_gpio_in_out.o
    0x00020ab0   0x000000f0   Code   RO         1287    i.EndStatistStatusData  fun.o
    0x00020ba0   0x0000001a   Code   RO          431    i.ExtClock_initialization  main.o
    0x00020bba   0x00000002   PAD
    0x00020bbc   0x00000060   Code   RO         1012    i.ExtractServerSenddata  nb_bc95.o
    0x00020c1c   0x00000130   Code   RO         1795    i.GPIOTE_IRQHandler  nrf_drv_gpiote.o
    0x00020d4c   0x00000094   Code   RO         1288    i.GetBackServerIP   fun.o
    0x00020de0   0x00000048   Code   RO         1290    i.Get_NetworkLinkStatus  fun.o
    0x00020e28   0x00000058   Code   RO         1013    i.HexToBCDstring    nb_bc95.o
    0x00020e80   0x00000012   Code   RO           10    i.LED_GPIO_CONFIG   app_gpio_in_out.o
    0x00020e92   0x00000002   PAD
    0x00020e94   0x000000d8   Code   RO           11    i.LED_Status        app_gpio_in_out.o
    0x00020f6c   0x00000030   Code   RO         1291    i.LinkServerVerifyStep  fun.o
    0x00020f9c   0x000000c0   Code   RO          432    i.NBUART_Receive_Order_Analys  main.o
    0x0002105c   0x00000384   Code   RO          433    i.NBUART_Receive_Order_Dispose  main.o
    0x000213e0   0x0000003c   Code   RO         1486    i.NBuart_event_handle  app_it.o
    0x0002141c   0x00000034   Code   RO          434    i.Power_ON          main.o
    0x00021450   0x00000024   Code   RO         3347    i.RTC1_IRQHandler   app_timer.o
    0x00021474   0x0000002c   Code   RO         1292    i.RePowerOn_NB      fun.o
    0x000214a0   0x00000080   Code   RO          845    i.ReadBTNameFromFlash  ble_nrf.o
    0x00021520   0x0000005c   Code   RO           12    i.ReadIPFromFlash   app_gpio_in_out.o
    0x0002157c   0x00000058   Code   RO           13    i.ReadMACFromFlash  app_gpio_in_out.o
    0x000215d4   0x00000038   Code   RO           14    i.ReadSleepDataPosIndexFromFlash  app_gpio_in_out.o
    0x0002160c   0x00000074   Code   RO         1293    i.RealTimeZoneConvert  fun.o
    0x00021680   0x00000090   Code   RO         1294    i.RenewRealTime     fun.o
    0x00021710   0x000000bc   Code   RO         2349    i.SAADC_IRQHandler  nrf_drv_saadc.o
    0x000217cc   0x00000044   Code   RO          682    i.SPI_FLASH_BufferRead  flash.o
    0x00021810   0x000000bc   Code   RO          683    i.SPI_FLASH_BufferWrite  flash.o
    0x000218cc   0x0000002e   Code   RO          685    i.SPI_FLASH_Init    flash.o
    0x000218fa   0x00000052   Code   RO          686    i.SPI_FLASH_PageWrite  flash.o
    0x0002194c   0x0000003c   Code   RO          690    i.SPI_FLASH_SectorErase  flash.o
    0x00021988   0x00000022   Code   RO          694    i.SPI_FLASH_WaitForWriteEnd  flash.o
    0x000219aa   0x00000018   Code   RO          695    i.SPI_FLASH_WriteEnable  flash.o
    0x000219c2   0x00000002   PAD
    0x000219c4   0x0000003c   Code   RO          698    i.SPI_I2S_ReceiveData  flash.o
    0x00021a00   0x0000003a   Code   RO          699    i.SPI_I2S_SendData  flash.o
    0x00021a3a   0x00000004   Code   RO         3348    i.SWI0_EGU0_IRQHandler  app_timer.o
    0x00021a3e   0x00000002   PAD
    0x00021a40   0x00000024   Code   RO         3510    i.SWI2_EGU2_IRQHandler  softdevice_handler.o
    0x00021a64   0x0000006c   Code   RO          846    i.SaveBTNameToFlash  ble_nrf.o
    0x00021ad0   0x00000048   Code   RO           15    i.SaveIPToFlash     app_gpio_in_out.o
    0x00021b18   0x0000004c   Code   RO           16    i.SaveMACToFlash    app_gpio_in_out.o
    0x00021b64   0x00000022   Code   RO           17    i.SaveSleepDataPosIndexToFlash  app_gpio_in_out.o
    0x00021b86   0x00000002   PAD
    0x00021b88   0x00000054   Code   RO           18    i.SaveSleepDataToFlash  app_gpio_in_out.o
    0x00021bdc   0x00000124   Code   RO         1295    i.SaveStartNewStatistStatusData  fun.o
    0x00021d00   0x00000034   Code   RO         1296    i.SaveStatistHRRRData  fun.o
    0x00021d34   0x00000048   Code   RO           19    i.SendDeviceMacToUart  app_gpio_in_out.o
    0x00021d7c   0x00000044   Code   RO           20    i.SendDeviceVerInfoToUart  app_gpio_in_out.o
    0x00021dc0   0x00000044   Code   RO           21    i.SendFlashSavedSleepDataToServer  app_gpio_in_out.o
    0x00021e04   0x000001f4   Code   RO         1297    i.SendStatistStatusDataToServer  fun.o
    0x00021ff8   0x000000fc   Code   RO         1014    i.SetAutoConnect    nb_bc95.o
    0x000220f4   0x00000074   Code   RO         1298    i.Set_StatistStartTime  fun.o
    0x00022168   0x00000070   Code   RO         1299    i.SleepDataCalculate  fun.o
    0x000221d8   0x00000578   Code   RO         1300    i.Statist_SleepStatus  fun.o
    0x00022750   0x000000d2   Code   RO         1015    i.StringToHex       nb_bc95.o
    0x00022822   0x00000002   PAD
    0x00022824   0x00000290   Code   RO         4157    i.SystemInit        system_nrf52.o
    0x00022ab4   0x00000014   Code   RO         1994    i.TIMER0_IRQHandler  nrf_drv_timer.o
    0x00022ac8   0x00000014   Code   RO         1995    i.TIMER1_IRQHandler  nrf_drv_timer.o
    0x00022adc   0x00000014   Code   RO         1996    i.TIMER2_IRQHandler  nrf_drv_timer.o
    0x00022af0   0x000001ac   Code   RO         1487    i.Timer1_event_handler  app_it.o
    0x00022c9c   0x00000024   Code   RO         1488    i.Timer2_event_handler  app_it.o
    0x00022cc0   0x00000014   Code   RO         1558    i.UARTE0_UART0_IRQHandler  nrf_drv_uart.o
    0x00022cd4   0x00000098   Code   RO          435    i.UART_CONFIG       main.o
    0x00022d6c   0x00000054   Code   RO          436    i.UART_Receive_Order_Analys  main.o
    0x00022dc0   0x000000f8   Code   RO          437    i.UART_Receive_Order_Dispose  main.o
    0x00022eb8   0x00000020   Code   RO         4627    i.__0printf$8       mc_w.l(printf8.o)
    0x00022ed8   0x00000028   Code   RO         4629    i.__0sprintf$8      mc_w.l(printf8.o)
    0x00022f00   0x0000001a   Code   RO         3349    i.__NVIC_ClearPendingIRQ  app_timer.o
    0x00022f1a   0x0000001a   Code   RO         3350    i.__NVIC_EnableIRQ  app_timer.o
    0x00022f34   0x0000001a   Code   RO         3351    i.__NVIC_SetPendingIRQ  app_timer.o
    0x00022f4e   0x00000002   PAD
    0x00022f50   0x00000008   Code   RO         4751    i.__aeabi_errno_addr  mc_w.l(errno.o)
    0x00022f58   0x0000000e   Code   RO         4807    i.__scatterload_copy  mc_w.l(handlers.o)
    0x00022f66   0x00000002   Code   RO         4808    i.__scatterload_null  mc_w.l(handlers.o)
    0x00022f68   0x0000000e   Code   RO         4809    i.__scatterload_zeroinit  mc_w.l(handlers.o)
    0x00022f76   0x00000002   PAD
    0x00022f78   0x00000410   Code   RO         4634    i._printf_core      mc_w.l(printf8.o)
    0x00023388   0x00000024   Code   RO         4635    i._printf_post_padding  mc_w.l(printf8.o)
    0x000233ac   0x0000002e   Code   RO         4636    i._printf_pre_padding  mc_w.l(printf8.o)
    0x000233da   0x0000000a   Code   RO         4638    i._sputc            mc_w.l(printf8.o)
    0x000233e4   0x00000202   Code   RO         3811    i.adv_data_encode   ble_advdata.o
    0x000235e6   0x00000036   Code   RO          557    i.advertising_buttons_configure  bsp_btn_ble.o
    0x0002361c   0x00000024   Code   RO         2915    i.app_error_fault_handler  app_error_weak.o
    0x00023640   0x00000016   Code   RO         2826    i.app_error_handler_bare  app_error.o
    0x00023656   0x00000016   Code   RO         3121    i.app_fifo_get      app_fifo.o
    0x0002366c   0x00000020   Code   RO         3122    i.app_fifo_init     app_fifo.o
    0x0002368c   0x0000001a   Code   RO         3124    i.app_fifo_put      app_fifo.o
    0x000236a6   0x00000002   PAD
    0x000236a8   0x0000002c   Code   RO         2484    i.app_notify        pstorage.o
    0x000236d4   0x00000024   Code   RO         2485    i.app_notify_error_state_transit  pstorage.o
    0x000236f8   0x00000034   Code   RO          847    i.app_receivedata_handler  ble_nrf.o
    0x0002372c   0x00000044   Code   RO          438    i.app_timer1_init   main.o
    0x00023770   0x00000080   Code   RO         3357    i.app_timer_start   app_timer.o
    0x000237f0   0x00000050   Code   RO         3358    i.app_timer_stop    app_timer.o
    0x00023840   0x00000034   Code   RO         2285    i.app_uart_get      app_uart_fifo.o
    0x00023874   0x000000a4   Code   RO         2286    i.app_uart_init     app_uart_fifo.o
    0x00023918   0x00000034   Code   RO         2287    i.app_uart_put      app_uart_fifo.o
    0x0002394c   0x00000078   Code   RO         1559    i.apply_config      nrf_drv_uart.o
    0x000239c4   0x00000068   Code   RO         3812    i.ble_advdata_set   ble_advdata.o
    0x00023a2c   0x0000011c   Code   RO         3626    i.ble_advertising_init  ble_advertising.o
    0x00023b48   0x00000080   Code   RO         3627    i.ble_advertising_on_ble_evt  ble_advertising.o
    0x00023bc8   0x00000010   Code   RO         3630    i.ble_advertising_peer_address_clear  ble_advertising.o
    0x00023bd8   0x000001e0   Code   RO         3632    i.ble_advertising_start  ble_advertising.o
    0x00023db8   0x00000044   Code   RO         3893    i.ble_conn_params_init  ble_conn_params.o
    0x00023dfc   0x00000084   Code   RO         3894    i.ble_conn_params_on_ble_evt  ble_conn_params.o
    0x00023e80   0x0000005e   Code   RO         3813    i.ble_device_addr_encode  ble_advdata.o
    0x00023ede   0x00000002   PAD
    0x00023ee0   0x0000012c   Code   RO         3710    i.ble_dis_init      ble_dis.o
    0x0002400c   0x0000002c   Code   RO          848    i.ble_evt_dispatch  ble_nrf.o
    0x00024038   0x00000064   Code   RO         3758    i.ble_nus_init      ble_nus.o
    0x0002409c   0x00000052   Code   RO         3759    i.ble_nus_on_ble_evt  ble_nus.o
    0x000240ee   0x0000004e   Code   RO         3760    i.ble_nus_string_send  ble_nus.o
    0x0002413c   0x00000012   Code   RO         3955    i.ble_srv_ascii_to_utf8  ble_srv_common.o
    0x0002414e   0x00000002   PAD
    0x00024150   0x00000070   Code   RO          559    i.bsp_btn_ble_on_ble_evt  bsp_btn_ble.o
    0x000241c0   0x00000004   Code   RO          613    i.bsp_event_to_button_action_assign  bsp.o
    0x000241c4   0x00000004   Code   RO          614    i.bsp_indication_set  bsp.o
    0x000241c8   0x00000010   Code   RO         1798    i.channel_port_get  nrf_drv_gpiote.o
    0x000241d8   0x000000a0   Code   RO         3711    i.char_add          ble_dis.o
    0x00024278   0x000000fc   Code   RO         2486    i.clear_operation_execute  pstorage.o
    0x00024374   0x00000020   Code   RO         2487    i.clear_post_processing_run  pstorage.o
    0x00024394   0x00000034   Code   RO         2488    i.cmd_process       pstorage.o
    0x000243c8   0x00000020   Code   RO         2489    i.cmd_queue_element_init  pstorage.o
    0x000243e8   0x00000054   Code   RO         2490    i.cmd_queue_enqueue  pstorage.o
    0x0002443c   0x00000040   Code   RO         2491    i.command_end_procedure_run  pstorage.o
    0x0002447c   0x000000ac   Code   RO         3360    i.compare_reg_update  app_timer.o
    0x00024528   0x00000088   Code   RO         3814    i.conn_int_encode   ble_advdata.o
    0x000245b0   0x00000002   Code   RO          850    i.conn_params_error_handler  ble_nrf.o
    0x000245b2   0x00000002   PAD
    0x000245b4   0x0000005c   Code   RO         3896    i.conn_params_negotiation  ble_conn_params.o
    0x00024610   0x00000054   Code   RO         2492    i.data_page_erase_state_run  pstorage.o
    0x00024664   0x00000020   Code   RO         2493    i.data_to_swap_write_state_run  pstorage.o
    0x00024684   0x00000040   Code   RO         3361    i.elapsed_ticks_acquire  app_timer.o
    0x000246c4   0x00000014   Code   RO         3127    i.fifo_get          app_fifo.o
    0x000246d8   0x00000012   Code   RO         3128    i.fifo_put          app_fifo.o
    0x000246ea   0x00000002   PAD
    0x000246ec   0x00000092   Code   RO         1301    i.filter            fun.o
    0x0002477e   0x00000002   PAD
    0x00024780   0x0000001c   Code   RO         2494    i.flash_api_err_code_process  pstorage.o
    0x0002479c   0x0000008c   Code   RO         2495    i.flash_operation_success_run  pstorage.o
    0x00024828   0x00000006   Code   RO         2496    i.flash_page_erase  pstorage.o
    0x0002482e   0x00000002   Code   RO          851    i.flash_pstorage_cb_handler  ble_nrf.o
    0x00024830   0x00000006   Code   RO         2497    i.flash_write       pstorage.o
    0x00024836   0x0000000e   Code   RO         2878    i.fputc             retarget.o
    0x00024844   0x00000050   Code   RO         4681    i.free              mc_w.l(malloc.o)
    0x00024894   0x00000014   Code   RO         2949    i.fs_queued_op_count_get  fstorage.o
    0x000248a8   0x0000001e   Code   RO         1303    i.getAverage        fun.o
    0x000248c6   0x00000002   PAD
    0x000248c8   0x00000018   Code   RO         1304    i.getFilterWave     fun.o
    0x000248e0   0x00000026   Code   RO         1305    i.getMax            fun.o
    0x00024906   0x00000002   PAD
    0x00024908   0x00000026   Code   RO         1306    i.getMin            fun.o
    0x0002492e   0x00000032   Code   RO         1307    i.getUpOrDown       fun.o
    0x00024960   0x00000078   Code   RO         2498    i.head_restore_state_run  pstorage.o
    0x000249d8   0x0000006c   Code   RO         3511    i.intern_softdevice_events_execute  softdevice_handler.o
    0x00024a44   0x0000003e   Code   RO         1997    i.irq_handler       nrf_drv_timer.o
    0x00024a82   0x00000002   PAD
    0x00024a84   0x0000001c   Code   RO         3897    i.is_conn_params_ok  ble_conn_params.o
    0x00024aa0   0x00000044   Code   RO         2499    i.is_page_erase_required  pstorage.o
    0x00024ae4   0x0000000c   Code   RO         2500    i.is_word_aligned   pstorage.o
    0x00024af0   0x00000054   Code   RO         3815    i.le_role_encode    ble_advdata.o
    0x00024b44   0x000000bc   Code   RO         3362    i.list_deletions_handler  app_timer.o
    0x00024c00   0x000000cc   Code   RO         3363    i.list_insertions_handler  app_timer.o
    0x00024ccc   0x000004a4   Code   RO          439    i.main              main.o
    0x00025170   0x00000014   Code   RO         2501    i.main_state_err_busy_process  pstorage.o
    0x00025184   0x0000006c   Code   RO         4682    i.malloc            mc_w.l(malloc.o)
    0x000251f0   0x00000064   Code   RO         3816    i.manuf_specific_data_encode  ble_advdata.o
    0x00025254   0x0000009c   Code   RO         3817    i.name_encode       ble_advdata.o
    0x000252f0   0x0000001a   Code   RO         1534    i.nrf_delay_ms      nrf_delay.o
    0x0002530a   0x00000002   PAD
    0x0002530c   0x00000024   Code   RO         2740    i.nrf_drv_clock_on_soc_event  nrf_drv_clock.o
    0x00025330   0x0000003c   Code   RO         1764    i.nrf_drv_common_irq_enable  nrf_drv_common.o
    0x0002536c   0x00000094   Code   RO         2351    i.nrf_drv_saadc_buffer_convert  nrf_drv_saadc.o
    0x00025400   0x00000048   Code   RO         2352    i.nrf_drv_saadc_channel_init  nrf_drv_saadc.o
    0x00025448   0x00000074   Code   RO         2354    i.nrf_drv_saadc_init  nrf_drv_saadc.o
    0x000254bc   0x00000020   Code   RO         2357    i.nrf_drv_saadc_sample  nrf_drv_saadc.o
    0x000254dc   0x00000022   Code   RO         2000    i.nrf_drv_timer_compare  nrf_drv_timer.o
    0x000254fe   0x00000002   PAD
    0x00025500   0x0000001c   Code   RO         2004    i.nrf_drv_timer_enable  nrf_drv_timer.o
    0x0002551c   0x0000002a   Code   RO         2005    i.nrf_drv_timer_extended_compare  nrf_drv_timer.o
    0x00025546   0x00000002   PAD
    0x00025548   0x000000a0   Code   RO         2007    i.nrf_drv_timer_init  nrf_drv_timer.o
    0x000255e8   0x00000094   Code   RO         1561    i.nrf_drv_uart_init  nrf_drv_uart.o
    0x0002567c   0x0000008c   Code   RO         1562    i.nrf_drv_uart_rx   nrf_drv_uart.o
    0x00025708   0x00000020   Code   RO         1565    i.nrf_drv_uart_rx_enable  nrf_drv_uart.o
    0x00025728   0x0000009c   Code   RO         1566    i.nrf_drv_uart_rx_for_uart  nrf_drv_uart.o
    0x000257c4   0x00000090   Code   RO         1567    i.nrf_drv_uart_rx_for_uarte  nrf_drv_uart.o
    0x00025854   0x00000090   Code   RO         1568    i.nrf_drv_uart_tx   nrf_drv_uart.o
    0x000258e4   0x00000080   Code   RO         1570    i.nrf_drv_uart_tx_for_uart  nrf_drv_uart.o
    0x00025964   0x00000010   Code   RO         1571    i.nrf_drv_uart_tx_in_progress  nrf_drv_uart.o
    0x00025974   0x00000022   Code   RO          700    i.nrf_gpio_cfg      flash.o
    0x00025996   0x00000022   Code   RO         1573    i.nrf_gpio_cfg      nrf_drv_uart.o
    0x000259b8   0x00000012   Code   RO         1575    i.nrf_gpio_cfg_input  nrf_drv_uart.o
    0x000259ca   0x00000014   Code   RO          701    i.nrf_gpio_cfg_output  flash.o
    0x000259de   0x00000014   Code   RO         1576    i.nrf_gpio_cfg_output  nrf_drv_uart.o
    0x000259f2   0x0000000e   Code   RO           22    i.nrf_gpio_cfg_output_pullup  app_gpio_in_out.o
    0x00025a00   0x0000000e   Code   RO         1016    i.nrf_gpio_cfg_output_pullup  nb_bc95.o
    0x00025a0e   0x0000001c   Code   RO         1820    i.nrf_gpio_cfg_sense_set  nrf_drv_gpiote.o
    0x00025a2a   0x00000002   PAD
    0x00025a2c   0x00000010   Code   RO          702    i.nrf_gpio_pin_clear  flash.o
    0x00025a3c   0x00000010   Code   RO           23    i.nrf_gpio_pin_set  app_gpio_in_out.o
    0x00025a4c   0x00000010   Code   RO          703    i.nrf_gpio_pin_set  flash.o
    0x00025a5c   0x00000014   Code   RO         1821    i.nrf_gpiote_event_clear  nrf_drv_gpiote.o
    0x00025a70   0x00000010   Code   RO         1822    i.nrf_gpiote_event_is_set  nrf_drv_gpiote.o
    0x00025a80   0x00000060   Code   RO         2457    i.nrf_saadc_channel_init  nrf_saadc.o
    0x00025ae0   0x00000014   Code   RO         2360    i.nrf_saadc_channel_input_set  nrf_drv_saadc.o
    0x00025af4   0x00000010   Code   RO         2361    i.nrf_saadc_event_check  nrf_drv_saadc.o
    0x00025b04   0x0000000a   Code   RO         1577    i.nrf_uart_event_check  nrf_drv_uart.o
    0x00025b0e   0x0000000c   Code   RO         1578    i.nrf_uart_int_enable_check  nrf_drv_uart.o
    0x00025b1a   0x0000000a   Code   RO         1579    i.nrf_uarte_event_check  nrf_drv_uart.o
    0x00025b24   0x00000014   Code   RO          852    i.on_adv_evt        ble_nrf.o
    0x00025b38   0x0000005c   Code   RO          853    i.on_ble_evt        ble_nrf.o
    0x00025b94   0x00000014   Code   RO          854    i.on_conn_params_evt  ble_nrf.o
    0x00025ba8   0x00000014   Code   RO         3634    i.peer_address_exists  ble_advertising.o
    0x00025bbc   0x00000034   Code   RO         3712    i.pnp_id_encode     ble_dis.o
    0x00025bf0   0x00000024   Code   RO         2502    i.pstorage_access_status_get  pstorage.o
    0x00025c14   0x0000004c   Code   RO         2503    i.pstorage_block_identifier_get  pstorage.o
    0x00025c60   0x00000094   Code   RO         2504    i.pstorage_clear    pstorage.o
    0x00025cf4   0x0000001e   Code   RO         2505    i.pstorage_flash_page_end  pstorage.o
    0x00025d12   0x0000000a   Code   RO         2506    i.pstorage_flash_page_size  pstorage.o
    0x00025d1c   0x0000004c   Code   RO         2507    i.pstorage_init     pstorage.o
    0x00025d68   0x0000009c   Code   RO         2508    i.pstorage_load     pstorage.o
    0x00025e04   0x000000b4   Code   RO         2509    i.pstorage_register  pstorage.o
    0x00025eb8   0x00000080   Code   RO         2510    i.pstorage_store    pstorage.o
    0x00025f38   0x00000048   Code   RO         2511    i.pstorage_sys_event_handler  pstorage.o
    0x00025f80   0x00000014   Code   RO         1308    i.putHrWaveData     fun.o
    0x00025f94   0x00000014   Code   RO         1309    i.putRrWaveData     fun.o
    0x00025fa8   0x0000003c   Code   RO         1310    i.putWaveDataToBuf  fun.o
    0x00025fe4   0x00000028   Code   RO          855    i.register_flash    ble_nrf.o
    0x0002600c   0x0000003c   Code   RO         3364    i.rtc1_stop         app_timer.o
    0x00026048   0x00000030   Code   RO         1581    i.rx_byte           nrf_drv_uart.o
    0x00026078   0x000000dc   Code   RO         3761    i.rx_char_add       ble_nus.o
    0x00026154   0x00000020   Code   RO         1582    i.rx_done_event     nrf_drv_uart.o
    0x00026174   0x00000018   Code   RO         1583    i.rx_enable         nrf_drv_uart.o
    0x0002618c   0x00000024   Code   RO           24    i.saadc_callback    app_gpio_in_out.o
    0x000261b0   0x00000010   Code   RO         3512    i.sd_check_ram_start  softdevice_handler.o
    0x000261c0   0x0000008c   Code   RO         3513    i.sd_nvic_EnableIRQ  softdevice_handler.o
    0x0002624c   0x00000088   Code   RO         3818    i.service_data_encode  ble_advdata.o
    0x000262d4   0x0000003c   Code   RO         2513    i.sm_state_change   pstorage.o
    0x00026310   0x00000014   Code   RO         3514    i.softdevice_ble_evt_handler_set  softdevice_handler.o
    0x00026324   0x00000014   Code   RO         3515    i.softdevice_enable  softdevice_handler.o
    0x00026338   0x00000026   Code   RO         3516    i.softdevice_enable_get_default_config  softdevice_handler.o
    0x0002635e   0x00000004   Code   RO         3517    i.softdevice_fault_handler  softdevice_handler.o
    0x00026362   0x00000002   PAD
    0x00026364   0x00000034   Code   RO         3518    i.softdevice_handler_init  softdevice_handler.o
    0x00026398   0x00000014   Code   RO         3521    i.softdevice_sys_evt_handler_set  softdevice_handler.o
    0x000263ac   0x00000068   Code   RO         2514    i.state_data_erase_swap_entry_run  pstorage.o
    0x00026414   0x0000000c   Code   RO         2515    i.state_erase_data_page_entry_run  pstorage.o
    0x00026420   0x0000002c   Code   RO         2516    i.state_restore_head_entry_run  pstorage.o
    0x0002644c   0x00000050   Code   RO         2517    i.state_restore_tail_entry_run  pstorage.o
    0x0002649c   0x0000001e   Code   RO         2518    i.state_swap_erase_entry_run  pstorage.o
    0x000264ba   0x00000002   PAD
    0x000264bc   0x00000030   Code   RO         2519    i.state_write_data_swap_entry_run  pstorage.o
    0x000264ec   0x0000005c   Code   RO         2520    i.store_cmd_flash_write_execute  pstorage.o
    0x00026548   0x00000018   Code   RO         2521    i.swap_erase_state_run  pstorage.o
    0x00026560   0x00000014   Code   RO         2522    i.swap_sub_state_err_busy_process  pstorage.o
    0x00026574   0x00000014   Code   RO         2523    i.swap_sub_state_state_change  pstorage.o
    0x00026588   0x00000004   Code   RO          856    i.sys_evt_dispatch  ble_nrf.o
    0x0002658c   0x00000042   Code   RO         3713    i.sys_id_encode     ble_dis.o
    0x000265ce   0x00000002   PAD
    0x000265d0   0x00000014   Code   RO         2524    i.tail_restore_state_run  pstorage.o
    0x000265e4   0x0000008c   Code   RO         3365    i.timer_list_handler  app_timer.o
    0x00026670   0x0000003c   Code   RO         3366    i.timer_list_insert  app_timer.o
    0x000266ac   0x00000084   Code   RO         3367    i.timer_timeouts_check  app_timer.o
    0x00026730   0x00000024   Code   RO         1584    i.tx_byte           nrf_drv_uart.o
    0x00026754   0x000000a0   Code   RO         3762    i.tx_char_add       ble_nus.o
    0x000267f4   0x00000024   Code   RO         1585    i.tx_done_event     nrf_drv_uart.o
    0x00026818   0x0000003c   Code   RO         1489    i.uart_event_handle  app_it.o
    0x00026854   0x00000090   Code   RO         2288    i.uart_event_handler  app_uart_fifo.o
    0x000268e4   0x00000108   Code   RO         1586    i.uart_irq_handler  nrf_drv_uart.o
    0x000269ec   0x000000d8   Code   RO         1587    i.uarte_irq_handler  nrf_drv_uart.o
    0x00026ac4   0x0000000a   Code   RO         3819    i.uint16_encode     ble_advdata.o
    0x00026ace   0x0000003e   Code   RO         3368    i.user_id_get       app_timer.o
    0x00026b0c   0x00000028   Code   RO         3369    i.user_op_alloc     app_timer.o
    0x00026b34   0x00000030   Code   RO         3820    i.uuid_list_encode  ble_advdata.o
    0x00026b64   0x0000009e   Code   RO         3821    i.uuid_list_sized_encode  ble_advdata.o
    0x00026c02   0x0000000e   Code   RO         3635    i.whitelist_has_entries  ble_advertising.o
    0x00026c10   0x00000010   Data   RO           25    .constdata          app_gpio_in_out.o
    0x00026c20   0x00000020   Data   RO          441    .constdata          main.o
    0x00026c40   0x00000004   Data   RO          858    .constdata          ble_nrf.o
    0x00026c44   0x00000020   Data   RO         1589    .constdata          nrf_drv_uart.o
    0x00026c64   0x00000018   Data   RO         2012    .constdata          nrf_drv_timer.o
    0x00026c7c   0x00000020   Data   RO         2290    .constdata          app_uart_fifo.o
    0x00026c9c   0x00000003   Data   RO         2364    .constdata          nrf_drv_saadc.o
    0x00026c9f   0x00000001   PAD
    0x00026ca0   0x00000028   Data   RO         2526    .constdata          pstorage.o
    0x00026cc8   0x00000010   Data   RO         3763    .constdata          ble_nus.o
    0x00026cd8   0x00000004   Data   RO         3900    .constdata          ble_conn_params.o
    0x00026cdc   0x00000004   PAD
    0x00026ce0   0x000000c8   Data   RO         4267    .constdata          sleep-hr10-hr34-tn3000-mm800.lib(berpara.o)
    0x00026da8   0x000000c8   Data   RO         4268    .constdata          sleep-hr10-hr34-tn3000-mm800.lib(berpara.o)
    0x00026e70   0x000000c8   Data   RO         4269    .constdata          sleep-hr10-hr34-tn3000-mm800.lib(berpara.o)
    0x00026f38   0x000000c8   Data   RO         4270    .constdata          sleep-hr10-hr34-tn3000-mm800.lib(berpara.o)
    0x00027000   0x000000c8   Data   RO         4271    .constdata          sleep-hr10-hr34-tn3000-mm800.lib(berpara.o)
    0x000270c8   0x000000c8   Data   RO         4272    .constdata          sleep-hr10-hr34-tn3000-mm800.lib(berpara.o)
    0x00027190   0x000000c8   Data   RO         4273    .constdata          sleep-hr10-hr34-tn3000-mm800.lib(berpara.o)
    0x00027258   0x000000c8   Data   RO         4274    .constdata          sleep-hr10-hr34-tn3000-mm800.lib(berpara.o)
    0x00027320   0x00000081   Data   RO         4774    .constdata          mc_w.l(ctype_o.o)
    0x000273a1   0x00000003   PAD
    0x000273a4   0x00000004   Data   RO         4775    .constdata          mc_w.l(ctype_o.o)
    0x000273a8   0x0000003a   Data   RO          442    .conststring        main.o
    0x000273e2   0x00000002   PAD
    0x000273e4   0x00000020   Data   RO         4805    Region$$Table       anon$$obj.o


    Execution Region RW_IRAM1 (Base: 0x20002080, Size: 0x0000ab80, Max: 0x0000df80, ABSOLUTE, COMPRESSED[0x0000007c])

    Base Addr    Size         Type   Attr      Idx    E Section Name        Object

    0x20002080   0x00000002   Data   RW           26    .data               app_gpio_in_out.o
    0x20002082   0x00000002   PAD
    0x20002084   0x00000008   Data   RW          443    .data               main.o
    0x2000208c   0x00000008   Data   RW          561    .data               bsp_btn_ble.o
    0x20002094   0x00000018   Data   RW          859    .data               ble_nrf.o
    0x200020ac   0x00000002   Data   RW         1163    .data               parameter.o
    0x200020ae   0x00000001   Data   RW         1164    .data               parameter.o
    0x200020af   0x00000001   Data   RW         1165    .data               parameter.o
    0x200020b0   0x00000002   Data   RW         1166    .data               parameter.o
    0x200020b2   0x00000002   Data   RW         1168    .data               parameter.o
    0x200020b4   0x00000001   Data   RW         1170    .data               parameter.o
    0x200020b5   0x00000001   Data   RW         1171    .data               parameter.o
    0x200020b6   0x00000001   Data   RW         1172    .data               parameter.o
    0x200020b7   0x00000001   Data   RW         1173    .data               parameter.o
    0x200020b8   0x00000001   Data   RW         1174    .data               parameter.o
    0x200020b9   0x00000001   Data   RW         1176    .data               parameter.o
    0x200020ba   0x00000001   Data   RW         1177    .data               parameter.o
    0x200020bb   0x00000001   Data   RW         1178    .data               parameter.o
    0x200020bc   0x00000002   Data   RW         1179    .data               parameter.o
    0x200020be   0x00000001   Data   RW         1180    .data               parameter.o
    0x200020bf   0x00000001   Data   RW         1182    .data               parameter.o
    0x200020c0   0x00000002   Data   RW         1183    .data               parameter.o
    0x200020c2   0x00000002   Data   RW         1184    .data               parameter.o
    0x200020c4   0x00000002   Data   RW         1185    .data               parameter.o
    0x200020c6   0x00000002   Data   RW         1186    .data               parameter.o
    0x200020c8   0x00000001   Data   RW         1187    .data               parameter.o
    0x200020c9   0x00000001   Data   RW         1189    .data               parameter.o
    0x200020ca   0x00000002   Data   RW         1190    .data               parameter.o
    0x200020cc   0x00000002   Data   RW         1191    .data               parameter.o
    0x200020ce   0x00000002   Data   RW         1192    .data               parameter.o
    0x200020d0   0x00000001   Data   RW         1195    .data               parameter.o
    0x200020d1   0x00000001   Data   RW         1196    .data               parameter.o
    0x200020d2   0x00000001   Data   RW         1197    .data               parameter.o
    0x200020d3   0x00000001   Data   RW         1198    .data               parameter.o
    0x200020d4   0x00000001   Data   RW         1199    .data               parameter.o
    0x200020d5   0x00000001   Data   RW         1200    .data               parameter.o
    0x200020d6   0x00000001   Data   RW         1201    .data               parameter.o
    0x200020d7   0x00000001   PAD
    0x200020d8   0x00000004   Data   RW         1202    .data               parameter.o
    0x200020dc   0x00000004   Data   RW         1203    .data               parameter.o
    0x200020e0   0x00000002   Data   RW         1204    .data               parameter.o
    0x200020e2   0x00000002   Data   RW         1206    .data               parameter.o
    0x200020e4   0x00000002   Data   RW         1207    .data               parameter.o
    0x200020e6   0x00000002   Data   RW         1208    .data               parameter.o
    0x200020e8   0x00000001   Data   RW         1210    .data               parameter.o
    0x200020e9   0x00000001   PAD
    0x200020ea   0x00000002   Data   RW         1211    .data               parameter.o
    0x200020ec   0x00000001   Data   RW         1212    .data               parameter.o
    0x200020ed   0x00000001   Data   RW         1213    .data               parameter.o
    0x200020ee   0x00000001   Data   RW         1214    .data               parameter.o
    0x200020ef   0x00000001   Data   RW         1215    .data               parameter.o
    0x200020f0   0x00000001   Data   RW         1216    .data               parameter.o
    0x200020f1   0x00000001   Data   RW         1217    .data               parameter.o
    0x200020f2   0x00000001   Data   RW         1218    .data               parameter.o
    0x200020f3   0x00000001   Data   RW         1219    .data               parameter.o
    0x200020f4   0x00000001   Data   RW         1220    .data               parameter.o
    0x200020f5   0x00000001   Data   RW         1221    .data               parameter.o
    0x200020f6   0x00000001   Data   RW         1222    .data               parameter.o
    0x200020f7   0x00000001   Data   RW         1223    .data               parameter.o
    0x200020f8   0x00000001   Data   RW         1224    .data               parameter.o
    0x200020f9   0x00000001   Data   RW         1225    .data               parameter.o
    0x200020fa   0x00000001   Data   RW         1226    .data               parameter.o
    0x200020fb   0x00000001   Data   RW         1227    .data               parameter.o
    0x200020fc   0x00000001   Data   RW         1228    .data               parameter.o
    0x200020fd   0x00000001   PAD
    0x200020fe   0x00000008   Data   RW         1229    .data               parameter.o
    0x20002106   0x00000006   Data   RW         1230    .data               parameter.o
    0x2000210c   0x00000002   Data   RW         1231    .data               parameter.o
    0x2000210e   0x00000002   Data   RW         1232    .data               parameter.o
    0x20002110   0x00000006   Data   RW         1233    .data               parameter.o
    0x20002116   0x00000006   Data   RW         1235    .data               parameter.o
    0x2000211c   0x00000006   Data   RW         1236    .data               parameter.o
    0x20002122   0x00000006   Data   RW         1237    .data               parameter.o
    0x20002128   0x00000001   Data   RW         1238    .data               parameter.o
    0x20002129   0x00000001   Data   RW         1239    .data               parameter.o
    0x2000212a   0x00000001   Data   RW         1240    .data               parameter.o
    0x2000212b   0x00000001   Data   RW         1241    .data               parameter.o
    0x2000212c   0x00000002   Data   RW         1242    .data               parameter.o
    0x2000212e   0x00000002   Data   RW         1243    .data               parameter.o
    0x20002130   0x00000001   Data   RW         1244    .data               parameter.o
    0x20002131   0x00000002   Data   RW         1245    .data               parameter.o
    0x20002133   0x00000004   Data   RW         1246    .data               parameter.o
    0x20002137   0x00000001   PAD
    0x20002138   0x00000004   Data   RW         1312    .data               fun.o
    0x2000213c   0x00000008   Data   RW         2291    .data               app_uart_fifo.o
    0x20002144   0x00000024   Data   RW         2527    .data               pstorage.o
    0x20002168   0x00000004   Data   RW         2879    .data               retarget.o
    0x2000216c   0x00000020   Data   RW         3370    .data               app_timer.o
    0x2000218c   0x00000014   Data   RW         3523    .data               softdevice_handler.o
    0x200021a0   0x0000001f   Data   RW         3637    .data               ble_advertising.o
    0x200021bf   0x00000001   PAD
    0x200021c0   0x0000004a   Data   RW         3714    .data               ble_dis.o
    0x2000220a   0x00000014   Data   RW         3901    .data               ble_conn_params.o
    0x2000221e   0x00000002   PAD
    0x20002220   0x00000004   Data   RW         4158    .data               system_nrf52.o
    0x20002224   0x00000004   PAD
    0x20002228   0x000000b8   Data   RW         4191    .data               sleep-hr10-hr34-tn3000-mm800.lib(ber_program.o)
    0x200022e0   0x00000001   Data   RW         4275    .data               sleep-hr10-hr34-tn3000-mm800.lib(berpara.o)
    0x200022e1   0x00000001   Data   RW         4276    .data               sleep-hr10-hr34-tn3000-mm800.lib(berpara.o)
    0x200022e2   0x00000001   Data   RW         4277    .data               sleep-hr10-hr34-tn3000-mm800.lib(berpara.o)
    0x200022e3   0x00000001   Data   RW         4278    .data               sleep-hr10-hr34-tn3000-mm800.lib(berpara.o)
    0x200022e4   0x00000001   Data   RW         4279    .data               sleep-hr10-hr34-tn3000-mm800.lib(berpara.o)
    0x200022e5   0x00000001   Data   RW         4280    .data               sleep-hr10-hr34-tn3000-mm800.lib(berpara.o)
    0x200022e6   0x00000002   Data   RW         4281    .data               sleep-hr10-hr34-tn3000-mm800.lib(berpara.o)
    0x200022e8   0x00000001   Data   RW         4282    .data               sleep-hr10-hr34-tn3000-mm800.lib(berpara.o)
    0x200022e9   0x00000003   PAD
    0x200022ec   0x00000004   Data   RW         4283    .data               sleep-hr10-hr34-tn3000-mm800.lib(berpara.o)
    0x200022f0   0x00000003   Data   RW         4284    .data               sleep-hr10-hr34-tn3000-mm800.lib(berpara.o)
    0x200022f3   0x00000003   Data   RW         4285    .data               sleep-hr10-hr34-tn3000-mm800.lib(berpara.o)
    0x200022f6   0x00000002   PAD
    0x200022f8   0x00000008   Data   RW         4286    .data               sleep-hr10-hr34-tn3000-mm800.lib(berpara.o)
    0x20002300   0x00000008   Data   RW         4287    .data               sleep-hr10-hr34-tn3000-mm800.lib(berpara.o)
    0x20002308   0x00000001   Data   RW         4288    .data               sleep-hr10-hr34-tn3000-mm800.lib(berpara.o)
    0x20002309   0x00000001   Data   RW         4297    .data               sleep-hr10-hr34-tn3000-mm800.lib(berpara.o)
    0x2000230a   0x00000005   Data   RW         4298    .data               sleep-hr10-hr34-tn3000-mm800.lib(berpara.o)
    0x2000230f   0x00000001   Data   RW         4299    .data               sleep-hr10-hr34-tn3000-mm800.lib(berpara.o)
    0x20002310   0x00000001   Data   RW         4300    .data               sleep-hr10-hr34-tn3000-mm800.lib(berpara.o)
    0x20002311   0x00000001   Data   RW         4301    .data               sleep-hr10-hr34-tn3000-mm800.lib(berpara.o)
    0x20002312   0x00000001   Data   RW         4302    .data               sleep-hr10-hr34-tn3000-mm800.lib(berpara.o)
    0x20002313   0x00000001   Data   RW         4303    .data               sleep-hr10-hr34-tn3000-mm800.lib(berpara.o)
    0x20002314   0x00000001   Data   RW         4304    .data               sleep-hr10-hr34-tn3000-mm800.lib(berpara.o)
    0x20002315   0x00000001   Data   RW         4305    .data               sleep-hr10-hr34-tn3000-mm800.lib(berpara.o)
    0x20002316   0x00000001   Data   RW         4306    .data               sleep-hr10-hr34-tn3000-mm800.lib(berpara.o)
    0x20002317   0x00000001   PAD
    0x20002318   0x00000002   Data   RW         4307    .data               sleep-hr10-hr34-tn3000-mm800.lib(berpara.o)
    0x2000231a   0x00000002   Data   RW         4309    .data               sleep-hr10-hr34-tn3000-mm800.lib(berpara.o)
    0x2000231c   0x00000002   Data   RW         4310    .data               sleep-hr10-hr34-tn3000-mm800.lib(berpara.o)
    0x2000231e   0x00000002   PAD
    0x20002320   0x00000004   Data   RW         4311    .data               sleep-hr10-hr34-tn3000-mm800.lib(berpara.o)
    0x20002324   0x00000004   Data   RW         4312    .data               sleep-hr10-hr34-tn3000-mm800.lib(berpara.o)
    0x20002328   0x00000004   Data   RW         4313    .data               sleep-hr10-hr34-tn3000-mm800.lib(berpara.o)
    0x2000232c   0x00000004   Data   RW         4314    .data               sleep-hr10-hr34-tn3000-mm800.lib(berpara.o)
    0x20002330   0x00000004   Data   RW         4315    .data               sleep-hr10-hr34-tn3000-mm800.lib(berpara.o)
    0x20002334   0x00000004   Data   RW         4318    .data               sleep-hr10-hr34-tn3000-mm800.lib(berpara.o)
    0x20002338   0x00000001   Data   RW         4319    .data               sleep-hr10-hr34-tn3000-mm800.lib(berpara.o)
    0x20002339   0x00000001   Data   RW         4320    .data               sleep-hr10-hr34-tn3000-mm800.lib(berpara.o)
    0x2000233a   0x00000001   Data   RW         4321    .data               sleep-hr10-hr34-tn3000-mm800.lib(berpara.o)
    0x2000233b   0x00000001   Data   RW         4322    .data               sleep-hr10-hr34-tn3000-mm800.lib(berpara.o)
    0x2000233c   0x00000001   Data   RW         4323    .data               sleep-hr10-hr34-tn3000-mm800.lib(berpara.o)
    0x2000233d   0x00000001   Data   RW         4324    .data               sleep-hr10-hr34-tn3000-mm800.lib(berpara.o)
    0x2000233e   0x00000001   Data   RW         4325    .data               sleep-hr10-hr34-tn3000-mm800.lib(berpara.o)
    0x2000233f   0x00000001   PAD
    0x20002340   0x00000002   Data   RW         4326    .data               sleep-hr10-hr34-tn3000-mm800.lib(berpara.o)
    0x20002342   0x00000002   Data   RW         4327    .data               sleep-hr10-hr34-tn3000-mm800.lib(berpara.o)
    0x20002344   0x00000002   Data   RW         4328    .data               sleep-hr10-hr34-tn3000-mm800.lib(berpara.o)
    0x20002346   0x00000001   Data   RW         4329    .data               sleep-hr10-hr34-tn3000-mm800.lib(berpara.o)
    0x20002347   0x00000001   Data   RW         4330    .data               sleep-hr10-hr34-tn3000-mm800.lib(berpara.o)
    0x20002348   0x00000001   Data   RW         4331    .data               sleep-hr10-hr34-tn3000-mm800.lib(berpara.o)
    0x20002349   0x00000003   PAD
    0x2000234c   0x00000004   Data   RW         4332    .data               sleep-hr10-hr34-tn3000-mm800.lib(berpara.o)
    0x20002350   0x00000001   Data   RW         4333    .data               sleep-hr10-hr34-tn3000-mm800.lib(berpara.o)
    0x20002351   0x00000001   Data   RW         4334    .data               sleep-hr10-hr34-tn3000-mm800.lib(berpara.o)
    0x20002352   0x00000002   Data   RW         4335    .data               sleep-hr10-hr34-tn3000-mm800.lib(berpara.o)
    0x20002354   0x00000001   Data   RW         4336    .data               sleep-hr10-hr34-tn3000-mm800.lib(berpara.o)
    0x20002355   0x00000001   Data   RW         4337    .data               sleep-hr10-hr34-tn3000-mm800.lib(berpara.o)
    0x20002356   0x00000001   Data   RW         4338    .data               sleep-hr10-hr34-tn3000-mm800.lib(berpara.o)
    0x20002357   0x00000001   PAD
    0x20002358   0x00000002   Data   RW         4339    .data               sleep-hr10-hr34-tn3000-mm800.lib(berpara.o)
    0x2000235a   0x00000001   Data   RW         4340    .data               sleep-hr10-hr34-tn3000-mm800.lib(berpara.o)
    0x2000235b   0x00000001   Data   RW         4342    .data               sleep-hr10-hr34-tn3000-mm800.lib(berpara.o)
    0x2000235c   0x00000001   Data   RW         4343    .data               sleep-hr10-hr34-tn3000-mm800.lib(berpara.o)
    0x2000235d   0x00000001   Data   RW         4344    .data               sleep-hr10-hr34-tn3000-mm800.lib(berpara.o)
    0x2000235e   0x00000001   Data   RW         4345    .data               sleep-hr10-hr34-tn3000-mm800.lib(berpara.o)
    0x2000235f   0x00000001   PAD
    0x20002360   0x00000002   Data   RW         4346    .data               sleep-hr10-hr34-tn3000-mm800.lib(berpara.o)
    0x20002362   0x00000002   Data   RW         4347    .data               sleep-hr10-hr34-tn3000-mm800.lib(berpara.o)
    0x20002364   0x00000002   Data   RW         4348    .data               sleep-hr10-hr34-tn3000-mm800.lib(berpara.o)
    0x20002366   0x00000001   Data   RW         4349    .data               sleep-hr10-hr34-tn3000-mm800.lib(berpara.o)
    0x20002367   0x00000001   Data   RW         4350    .data               sleep-hr10-hr34-tn3000-mm800.lib(berpara.o)
    0x20002368   0x00000004   Data   RW         4351    .data               sleep-hr10-hr34-tn3000-mm800.lib(berpara.o)
    0x2000236c   0x00000001   Data   RW         4352    .data               sleep-hr10-hr34-tn3000-mm800.lib(berpara.o)
    0x2000236d   0x00000001   PAD
    0x2000236e   0x00000008   Data   RW         4354    .data               sleep-hr10-hr34-tn3000-mm800.lib(berpara.o)
    0x20002376   0x00000008   Data   RW         4355    .data               sleep-hr10-hr34-tn3000-mm800.lib(berpara.o)
    0x2000237e   0x00000003   Data   RW         4357    .data               sleep-hr10-hr34-tn3000-mm800.lib(berpara.o)
    0x20002381   0x00000003   PAD
    0x20002384   0x00000004   Data   RW         4358    .data               sleep-hr10-hr34-tn3000-mm800.lib(berpara.o)
    0x20002388   0x00000001   Data   RW         4359    .data               sleep-hr10-hr34-tn3000-mm800.lib(berpara.o)
    0x20002389   0x00000001   Data   RW         4360    .data               sleep-hr10-hr34-tn3000-mm800.lib(berpara.o)
    0x2000238a   0x00000001   Data   RW         4361    .data               sleep-hr10-hr34-tn3000-mm800.lib(berpara.o)
    0x2000238b   0x00000001   PAD
    0x2000238c   0x00000002   Data   RW         4362    .data               sleep-hr10-hr34-tn3000-mm800.lib(berpara.o)
    0x2000238e   0x00000002   Data   RW         4363    .data               sleep-hr10-hr34-tn3000-mm800.lib(berpara.o)
    0x20002390   0x00000002   Data   RW         4364    .data               sleep-hr10-hr34-tn3000-mm800.lib(berpara.o)
    0x20002392   0x00000002   Data   RW         4365    .data               sleep-hr10-hr34-tn3000-mm800.lib(berpara.o)
    0x20002394   0x00000002   Data   RW         4366    .data               sleep-hr10-hr34-tn3000-mm800.lib(berpara.o)
    0x20002396   0x00000001   Data   RW         4367    .data               sleep-hr10-hr34-tn3000-mm800.lib(berpara.o)
    0x20002397   0x00000001   Data   RW         4368    .data               sleep-hr10-hr34-tn3000-mm800.lib(berpara.o)
    0x20002398   0x00000001   Data   RW         4369    .data               sleep-hr10-hr34-tn3000-mm800.lib(berpara.o)
    0x20002399   0x00000001   Data   RW         4370    .data               sleep-hr10-hr34-tn3000-mm800.lib(berpara.o)
    0x2000239a   0x00000001   Data   RW         4371    .data               sleep-hr10-hr34-tn3000-mm800.lib(berpara.o)
    0x2000239b   0x00000001   Data   RW         4372    .data               sleep-hr10-hr34-tn3000-mm800.lib(berpara.o)
    0x2000239c   0x00000001   Data   RW         4373    .data               sleep-hr10-hr34-tn3000-mm800.lib(berpara.o)
    0x2000239d   0x00000001   Data   RW         4374    .data               sleep-hr10-hr34-tn3000-mm800.lib(berpara.o)
    0x2000239e   0x00000001   Data   RW         4375    .data               sleep-hr10-hr34-tn3000-mm800.lib(berpara.o)
    0x2000239f   0x00000001   Data   RW         4376    .data               sleep-hr10-hr34-tn3000-mm800.lib(berpara.o)
    0x200023a0   0x00000001   Data   RW         4377    .data               sleep-hr10-hr34-tn3000-mm800.lib(berpara.o)
    0x200023a1   0x00000001   Data   RW         4380    .data               sleep-hr10-hr34-tn3000-mm800.lib(berpara.o)
    0x200023a2   0x00000001   Data   RW         4381    .data               sleep-hr10-hr34-tn3000-mm800.lib(berpara.o)
    0x200023a3   0x00000003   Data   RW         4382    .data               sleep-hr10-hr34-tn3000-mm800.lib(berpara.o)
    0x200023a6   0x00000001   Data   RW         4383    .data               sleep-hr10-hr34-tn3000-mm800.lib(berpara.o)
    0x200023a7   0x00000001   Data   RW         4384    .data               sleep-hr10-hr34-tn3000-mm800.lib(berpara.o)
    0x200023a8   0x00000001   Data   RW         4385    .data               sleep-hr10-hr34-tn3000-mm800.lib(berpara.o)
    0x200023a9   0x00000001   Data   RW         4386    .data               sleep-hr10-hr34-tn3000-mm800.lib(berpara.o)
    0x200023aa   0x00000001   Data   RW         4387    .data               sleep-hr10-hr34-tn3000-mm800.lib(berpara.o)
    0x200023ab   0x00000001   PAD
    0x200023ac   0x00000002   Data   RW         4389    .data               sleep-hr10-hr34-tn3000-mm800.lib(berpara.o)
    0x200023ae   0x00000001   Data   RW         4392    .data               sleep-hr10-hr34-tn3000-mm800.lib(berpara.o)
    0x200023af   0x00000001   Data   RW         4393    .data               sleep-hr10-hr34-tn3000-mm800.lib(berpara.o)
    0x200023b0   0x00000004   Data   RW         4749    .data               mc_w.l(mvars.o)
    0x200023b4   0x00000004   Data   RW         4750    .data               mc_w.l(mvars.o)
    0x200023b8   0x00000004   Data   RW         4754    .data               mc_w.l(errno.o)
    0x200023bc   0x00000200   Zero   RW          440    .bss                main.o
    0x200025bc   0x00000064   Zero   RW          857    .bss                ble_nrf.o
    0x20002620   0x000001f4   Zero   RW         1150    .bss                parameter.o
    0x20002814   0x000001f4   Zero   RW         1152    .bss                parameter.o
    0x20002a08   0x00000040   Zero   RW         1153    .bss                parameter.o
    0x20002a48   0x00000014   Zero   RW         1154    .bss                parameter.o
    0x20002a5c   0x0000003c   Zero   RW         1155    .bss                parameter.o
    0x20002a98   0x00000040   Zero   RW         1158    .bss                parameter.o
    0x20002ad8   0x00000040   Zero   RW         1159    .bss                parameter.o
    0x20002b18   0x00000014   Zero   RW         1160    .bss                parameter.o
    0x20002b2c   0x0000001e   Zero   RW         1161    .bss                parameter.o
    0x20002b4a   0x00000014   Zero   RW         1162    .bss                parameter.o
    0x20002b5e   0x00000002   PAD
    0x20002b60   0x000004e0   Zero   RW         1311    .bss                fun.o
    0x20003040   0x00000020   Zero   RW         1588    .bss                nrf_drv_uart.o
    0x20003060   0x00000048   Zero   RW         1825    .bss                nrf_drv_gpiote.o
    0x200030a8   0x00000024   Zero   RW         2011    .bss                nrf_drv_timer.o
    0x200030cc   0x00000020   Zero   RW         2289    .bss                app_uart_fifo.o
    0x200030ec   0x0000002c   Zero   RW         2363    .bss                nrf_drv_saadc.o
    0x20003118   0x000000d8   Zero   RW         2525    .bss                pstorage.o
    0x200031f0   0x0000000c   Zero   RW         2742    .bss                nrf_drv_clock.o
    0x200031fc   0x00000058   Zero   RW         2958    .bss                fstorage.o
    0x20003254   0x0000000c   Zero   RW         3522    .bss                softdevice_handler.o
    0x20003260   0x00000103   Zero   RW         3636    .bss                ble_advertising.o
    0x20003363   0x00000001   PAD
    0x20003364   0x00000020   Zero   RW         3898    .bss                ble_conn_params.o
    0x20003384   0x0000001c   Zero   RW         3899    .bss                ble_conn_params.o
    0x200033a0   0x00001374   Zero   RW         4190    .bss                sleep-hr10-hr34-tn3000-mm800.lib(ber_program.o)
    0x20004714   0x000007d0   Zero   RW         4219    .bss                sleep-hr10-hr34-tn3000-mm800.lib(berpara.o)
    0x20004ee4   0x000007c8   Zero   RW         4220    .bss                sleep-hr10-hr34-tn3000-mm800.lib(berpara.o)
    0x200056ac   0x000007c8   Zero   RW         4221    .bss                sleep-hr10-hr34-tn3000-mm800.lib(berpara.o)
    0x20005e74   0x000007c8   Zero   RW         4222    .bss                sleep-hr10-hr34-tn3000-mm800.lib(berpara.o)
    0x2000663c   0x000007c8   Zero   RW         4224    .bss                sleep-hr10-hr34-tn3000-mm800.lib(berpara.o)
    0x20006e04   0x000007c8   Zero   RW         4225    .bss                sleep-hr10-hr34-tn3000-mm800.lib(berpara.o)
    0x200075cc   0x000001f2   Zero   RW         4227    .bss                sleep-hr10-hr34-tn3000-mm800.lib(berpara.o)
    0x200077be   0x000001f2   Zero   RW         4228    .bss                sleep-hr10-hr34-tn3000-mm800.lib(berpara.o)
    0x200079b0   0x000001f2   Zero   RW         4229    .bss                sleep-hr10-hr34-tn3000-mm800.lib(berpara.o)
    0x20007ba2   0x000001f2   Zero   RW         4230    .bss                sleep-hr10-hr34-tn3000-mm800.lib(berpara.o)
    0x20007d94   0x00000010   Zero   RW         4233    .bss                sleep-hr10-hr34-tn3000-mm800.lib(berpara.o)
    0x20007da4   0x00000010   Zero   RW         4234    .bss                sleep-hr10-hr34-tn3000-mm800.lib(berpara.o)
    0x20007db4   0x00000010   Zero   RW         4235    .bss                sleep-hr10-hr34-tn3000-mm800.lib(berpara.o)
    0x20007dc4   0x00000010   Zero   RW         4236    .bss                sleep-hr10-hr34-tn3000-mm800.lib(berpara.o)
    0x20007dd4   0x00000190   Zero   RW         4238    .bss                sleep-hr10-hr34-tn3000-mm800.lib(berpara.o)
    0x20007f64   0x00000320   Zero   RW         4239    .bss                sleep-hr10-hr34-tn3000-mm800.lib(berpara.o)
    0x20008284   0x00000190   Zero   RW         4240    .bss                sleep-hr10-hr34-tn3000-mm800.lib(berpara.o)
    0x20008414   0x000001f4   Zero   RW         4241    .bss                sleep-hr10-hr34-tn3000-mm800.lib(berpara.o)
    0x20008608   0x000001f4   Zero   RW         4242    .bss                sleep-hr10-hr34-tn3000-mm800.lib(berpara.o)
    0x200087fc   0x00000064   Zero   RW         4243    .bss                sleep-hr10-hr34-tn3000-mm800.lib(berpara.o)
    0x20008860   0x0000008c   Zero   RW         4247    .bss                sleep-hr10-hr34-tn3000-mm800.lib(berpara.o)
    0x200088ec   0x0000008c   Zero   RW         4248    .bss                sleep-hr10-hr34-tn3000-mm800.lib(berpara.o)
    0x20008978   0x0000000a   Zero   RW         4249    .bss                sleep-hr10-hr34-tn3000-mm800.lib(berpara.o)
    0x20008982   0x0000000a   Zero   RW         4250    .bss                sleep-hr10-hr34-tn3000-mm800.lib(berpara.o)
    0x2000898c   0x0000000a   Zero   RW         4251    .bss                sleep-hr10-hr34-tn3000-mm800.lib(berpara.o)
    0x20008996   0x00000002   PAD
    0x20008998   0x00000028   Zero   RW         4253    .bss                sleep-hr10-hr34-tn3000-mm800.lib(berpara.o)
    0x200089c0   0x00000028   Zero   RW         4254    .bss                sleep-hr10-hr34-tn3000-mm800.lib(berpara.o)
    0x200089e8   0x00000028   Zero   RW         4255    .bss                sleep-hr10-hr34-tn3000-mm800.lib(berpara.o)
    0x20008a10   0x00000028   Zero   RW         4256    .bss                sleep-hr10-hr34-tn3000-mm800.lib(berpara.o)
    0x20008a38   0x00000028   Zero   RW         4257    .bss                sleep-hr10-hr34-tn3000-mm800.lib(berpara.o)
    0x20008a60   0x00000028   Zero   RW         4258    .bss                sleep-hr10-hr34-tn3000-mm800.lib(berpara.o)
    0x20008a88   0x00000028   Zero   RW         4259    .bss                sleep-hr10-hr34-tn3000-mm800.lib(berpara.o)
    0x20008ab0   0x00000028   Zero   RW         4260    .bss                sleep-hr10-hr34-tn3000-mm800.lib(berpara.o)
    0x20008ad8   0x0000008c   Zero   RW         4261    .bss                sleep-hr10-hr34-tn3000-mm800.lib(berpara.o)
    0x20008b64   0x0000008c   Zero   RW         4262    .bss                sleep-hr10-hr34-tn3000-mm800.lib(berpara.o)
    0x20008bf0   0x0000000a   Zero   RW         4263    .bss                sleep-hr10-hr34-tn3000-mm800.lib(berpara.o)
    0x20008bfa   0x00000006   PAD
    0x20008c00   0x00002000   Zero   RW         4147    HEAP                arm_startup_nrf52.o
    0x2000ac00   0x00002000   Zero   RW         4146    STACK               arm_startup_nrf52.o


==============================================================================

Image component sizes


      Code (inc. data)   RO Data    RW Data    ZI Data      Debug   Object Name

        22          0          0          0          0       3273   app_error.o
        36         10          0          0          0      28261   app_error_weak.o
       118          0          0          0          0       4018   app_fifo.o
      1344        166         16          2          0     128328   app_gpio_in_out.o
       584        138          0          0          0       2604   app_it.o
      1566         80          0         32          0      52667   app_timer.o
       412         42         32          8         32       5722   app_uart_fifo.o
        36          8       1024          0      16384        844   arm_startup_nrf52.o
      1540          0          0          0          0      21824   ble_advdata.o
       942         30          0         31        259       8316   ble_advertising.o
       320         38          4         20         60      11708   ble_conn_params.o
       578          8          0         74          0       8959   ble_dis.o
      1516        194          4         24        100      16614   ble_nrf.o
       640          6         16          0          0      12378   ble_nus.o
        18          0          0          0          0       1100   ble_srv_common.o
         8          0          0          0          0       2273   bsp.o
       166          6          0          8          0       6301   bsp_btn_ble.o
       824         16          0          0          0      12608   flash.o
        20          4          0          0         88       4244   fstorage.o
      4278       1140          0          4       1248      20556   fun.o
      3702       1068         90          8        512      13807   main.o
      3738       1102          0          0          0      18399   nb_bc95.o
       144          0          0          0          0        840   nrf_delay.o
        36          6          0          0         12       2069   nrf_drv_clock.o
        60          0          0          0          0      28431   nrf_drv_common.o
       384         26          0          0         72      13756   nrf_drv_gpiote.o
       592         78          3          0         44      14091   nrf_drv_saadc.o
       386         44         24          0         36      14175   nrf_drv_timer.o
      1808        150         32          0         32      31657   nrf_drv_uart.o
        96          6          0          0          0       5881   nrf_saadc.o
         0          0          0        136       1342       8389   parameter.o
      2578        236         40         36        216      33572   pstorage.o
        14          0          0          4          0       2394   retarget.o
       454         52          0         20         12      41433   softdevice_handler.o
       656         58          0          4          0       2443   system_nrf52.o

    ----------------------------------------------------------------------
     29672       4712       1324        424      20452     583935   Object Totals
         0          0         32          0          0          0   (incl. Generated)
        56          0          7         13          3          0   (incl. Padding)

    ----------------------------------------------------------------------

      Code (inc. data)   RO Data    RW Data    ZI Data      Debug   Library Member Name

        86          0          0          0          0          0   __dczerorl2.o
        28          0          0          0          0         68   _chval.o
       158          0          0          0          0         92   _strtoul.o
        26          0          0          0          0         80   atoi.o
         8          4        133          0          0         68   ctype_o.o
         0          0          0          0          0          0   entry.o
         0          0          0          0          0          0   entry10a.o
         0          0          0          0          0          0   entry11a.o
         8          4          0          0          0          0   entry2.o
         4          0          0          0          0          0   entry5.o
         0          0          0          0          0          0   entry7b.o
         0          0          0          0          0          0   entry8b.o
         8          4          0          0          0          0   entry9a.o
         8          4          0          4          0         68   errno.o
        30          0          0          0          0          0   handlers.o
        36          8          0          0          0         68   init.o
         0          0          0          0          0          0   iusefp.o
        30          0          0          0          0         68   llshl.o
        36          0          0          0          0         68   llsshr.o
        32          0          0          0          0         68   llushr.o
       188         20          0          0          0        160   malloc.o
        36          0          0          0          0         68   memcpya.o
        36          0          0          0          0        108   memseta.o
         0          0          0          8          0          0   mvars.o
      1204         60          0          0          0        504   printf8.o
        14          0          0          0          0         68   strlen.o
        36          0          0          0          0         80   strstr.o
       112          0          0          0          0         88   strtol.o
        98          0          0          0          0         92   uldiv.o
        56          0          0          0          0         88   d2f.o
       334          0          0          0          0        148   dadd.o
       186          0          0          0          0        176   depilogue.o
        62          0          0          0          0         80   dfixi.o
        50          0          0          0          0         76   dfixui.o
        34          0          0          0          0         76   dflti.o
        26          0          0          0          0         76   dfltui.o
       228          0          0          0          0         96   dmul.o
       110          0          0          0          0        168   fepilogue.o
     10040       1182          0        184       4980      26286   ber_program.o
         0          0       1600        188      17636       7670   berpara.o

    ----------------------------------------------------------------------
     13352       1286       1736        404      22624      36756   Library Totals
         4          0          3         20          8          0   (incl. Padding)

    ----------------------------------------------------------------------

      Code (inc. data)   RO Data    RW Data    ZI Data      Debug   Library Name

      2222        104        133         12          0       1816   mc_w.l
      1086          0          0          0          0        984   mf_w.l
     10040       1182       1600        372      22616      33956   sleep-hr10-hr34-tn3000-mm800.lib

    ----------------------------------------------------------------------
     13352       1286       1736        404      22624      36756   Library Totals

    ----------------------------------------------------------------------

==============================================================================


      Code (inc. data)   RO Data    RW Data    ZI Data      Debug   

     43024       5998       3060        828      43076     592519   Grand Totals
     43024       5998       3060        124      43076     592519   ELF Image Totals (compressed)
     43024       5998       3060        124          0          0   ROM Totals

==============================================================================

    Total RO  Size (Code + RO Data)                46084 (  45.00kB)
    Total RW  Size (RW Data + ZI Data)             43904 (  42.88kB)
    Total ROM Size (Code + RO Data + RW Data)      46208 (  45.13kB)

==============================================================================

