Component: ARM Compiler 5.06 update 6 (build 750) Tool: armlink [4d35ed]

==============================================================================

Section Cross References

    app_gpio_in_out.o(i.ADC_GPIO_CONFIG) refers to nrf_drv_timer.o(i.nrf_drv_timer_init) for nrf_drv_timer_init
    app_gpio_in_out.o(i.ADC_GPIO_CONFIG) refers to app_error.o(i.app_error_handler_bare) for app_error_handler_bare
    app_gpio_in_out.o(i.ADC_GPIO_CONFIG) refers to nrf_drv_timer.o(i.nrf_drv_timer_extended_compare) for nrf_drv_timer_extended_compare
    app_gpio_in_out.o(i.ADC_GPIO_CONFIG) refers to nrf_drv_timer.o(i.nrf_drv_timer_enable) for nrf_drv_timer_enable
    app_gpio_in_out.o(i.ADC_GPIO_CONFIG) refers to nrf_drv_saadc.o(i.nrf_drv_saadc_channel_init) for nrf_drv_saadc_channel_init
    app_gpio_in_out.o(i.ADC_GPIO_CONFIG) refers to nrf_drv_saadc.o(i.nrf_drv_saadc_init) for nrf_drv_saadc_init
    app_gpio_in_out.o(i.ADC_GPIO_CONFIG) refers to nrf_drv_saadc.o(i.nrf_drv_saadc_buffer_convert) for nrf_drv_saadc_buffer_convert
    app_gpio_in_out.o(i.ADC_GPIO_CONFIG) refers to app_it.o(i.Timer2_event_handler) for Timer2_event_handler
    app_gpio_in_out.o(i.ADC_GPIO_CONFIG) refers to app_gpio_in_out.o(.constdata) for TIMER_CH2
    app_gpio_in_out.o(i.ADC_GPIO_CONFIG) refers to app_gpio_in_out.o(i.saadc_callback) for saadc_callback
    app_gpio_in_out.o(i.ADC_GPIO_CONFIG) refers to app_gpio_in_out.o(.data) for adc_vdata
    app_gpio_in_out.o(i.ADC_Switch_CONFIG) refers to app_gpio_in_out.o(i.nrf_gpio_cfg_output_pullup) for nrf_gpio_cfg_output_pullup
    app_gpio_in_out.o(i.ADC_Switch_CONFIG) refers to app_gpio_in_out.o(i.nrf_gpio_pin_set) for nrf_gpio_pin_set
    app_gpio_in_out.o(i.COMOrderRetuen) refers to app_uart_fifo.o(i.app_uart_put) for app_uart_put
    app_gpio_in_out.o(i.ClearBLEBUF) refers to memmovea.o(.text) for __aeabi_memcpy
    app_gpio_in_out.o(i.ClearBLEBUF) refers to parameter.o(.bss) for APP_Order_Receive_Data
    app_gpio_in_out.o(i.ClearBLEBUF) refers to parameter.o(.data) for APP_Order_Receive_len
    app_gpio_in_out.o(i.ClearSIMUSARTBUF) refers to memmovea.o(.text) for __aeabi_memcpy
    app_gpio_in_out.o(i.ClearSIMUSARTBUF) refers to parameter.o(.bss) for SIMUART_RX_BUFFER
    app_gpio_in_out.o(i.ClearSIMUSARTBUF) refers to parameter.o(.data) for SIMUART_RX_LEN
    app_gpio_in_out.o(i.ExtSensor_GPIO_CONFIG) refers to app_gpio_in_out.o(i.nrf_gpio_cfg) for nrf_gpio_cfg
    app_gpio_in_out.o(i.OSC_GPIO_CONFIG) refers to app_gpio_in_out.o(i.nrf_gpio_cfg_output_pullup) for nrf_gpio_cfg_output_pullup
    app_gpio_in_out.o(i.OSC_GPIO_CONFIG) refers to app_gpio_in_out.o(i.nrf_gpio_pin_clear) for nrf_gpio_pin_clear
    app_gpio_in_out.o(i.ReadBTNameFromFlash) refers to flash.o(i.SPI_FLASH_BufferRead) for SPI_FLASH_BufferRead
    app_gpio_in_out.o(i.ReadBTNameFromFlash) refers to memseta.o(.text) for __aeabi_memclr
    app_gpio_in_out.o(i.ReadBTNameFromFlash) refers to parameter.o(.data) for BlueTooth_Name_Len
    app_gpio_in_out.o(i.ReadBTNameFromFlash) refers to parameter.o(.bss) for BlueTooth_Name
    app_gpio_in_out.o(i.SaveBTNameToFlash) refers to memseta.o(.text) for __aeabi_memclr4
    app_gpio_in_out.o(i.SaveBTNameToFlash) refers to flash.o(i.SPI_FLASH_SectorErase) for SPI_FLASH_SectorErase
    app_gpio_in_out.o(i.SaveBTNameToFlash) refers to flash.o(i.SPI_FLASH_BufferWrite) for SPI_FLASH_BufferWrite
    app_gpio_in_out.o(i.SaveBTNameToFlash) refers to parameter.o(.data) for BlueTooth_Name_Len
    app_gpio_in_out.o(i.SaveBTNameToFlash) refers to parameter.o(.bss) for BlueTooth_Name
    app_gpio_in_out.o(i.SendDeviceVerInfoToUart) refers to strlen.o(.text) for strlen
    app_gpio_in_out.o(i.SendDeviceVerInfoToUart) refers to app_uart_fifo.o(i.app_uart_put) for app_uart_put
    app_gpio_in_out.o(i.SendDeviceVerInfoToUart) refers to printf3.o(i.__0printf$3) for __2printf
    app_gpio_in_out.o(i.UART_CONFIG) refers to app_uart_fifo.o(i.app_uart_init) for app_uart_init
    app_gpio_in_out.o(i.UART_CONFIG) refers to app_error.o(i.app_error_handler_bare) for app_error_handler_bare
    app_gpio_in_out.o(i.UART_CONFIG) refers to app_gpio_in_out.o(.constdata) for .constdata
    app_gpio_in_out.o(i.UART_CONFIG) refers to app_gpio_in_out.o(.data) for rx_buf
    app_gpio_in_out.o(i.UART_CONFIG) refers to app_gpio_in_out.o(.bss) for tx_buf
    app_gpio_in_out.o(i.UART_CONFIG) refers to app_it.o(i.simuart_event_handle) for simuart_event_handle
    app_gpio_in_out.o(i.nrf_gpio_cfg_output_pullup) refers to app_gpio_in_out.o(i.nrf_gpio_cfg) for nrf_gpio_cfg
    main.o(i.Power_ON) refers to main.o(i.ExtClock_initialization) for ExtClock_initialization
    main.o(i.Power_ON) refers to main.o(i.app_timer1_init) for app_timer1_init
    main.o(i.Power_ON) refers to flash.o(i.SPI_FLASH_Init) for SPI_FLASH_Init
    main.o(i.Power_ON) refers to app_gpio_in_out.o(i.ADC_GPIO_CONFIG) for ADC_GPIO_CONFIG
[...]
    UART_CONFIG                              0x0001e4b1   Thumb Code    76  app_gpio_in_out.o(i.UART_CONFIG)
    UART_Receive_Analys                      0x0001e50d   Thumb Code   100  main.o(i.UART_Receive_Analys)
    WDT_Config                               0x0001e5d9   Thumb Code    30  main.o(i.WDT_Config)
    WDT_IRQHandler                           0x0001e605   Thumb Code    42  nrf_drv_wdt.o(i.WDT_IRQHandler)
    Write_RingBuff                           0x0001e63d   Thumb Code   120  ring_buffer.o(i.Write_RingBuff)
    addHearToBuf()                           0x0001eeb9   Thumb Code    82  filterpeak.o(i._Z12addHearToBufv)
    getMidValue1(float*, float)              0x0001efb1   Thumb Code   138  arithmeticahi.o(i._Z12getMidValue1Pff)
    getMidValue2(float*, float)              0x0001f03b   Thumb Code   138  arithmeticahi.o(i._Z12getMidValue2Pff)
    judgeSignalHr(float)                     0x0001f501   Thumb Code   100  arithmeticstatus.o(i._Z13judgeSignalHrf)
    addFilterValue(int*, float*, int)        0x0001f56d   Thumb Code   216  arithmeticahi.o(i._Z14addFilterValuePiPfi)
    arithmeticResp(float)                    0x0001f655   Thumb Code    80  arithmeticresp.o(i._Z14arithmeticRespf)
    arithmeticHeart(float)                   0x0001f741   Thumb Code    32  arithmeticheart.o(i._Z15arithmeticHeartf)
    judgeSignalFull(float, float)            0x0001f765   Thumb Code   120  arithmeticstatus.o(i._Z15judgeSignalFullff)
    judgeSignalResp(float)                   0x0001f7f5   Thumb Code   100  arithmeticstatus.o(i._Z15judgeSignalRespf)
    filterSmallPeak1(int*, float*, int)      0x0001f8f1   Thumb Code   360  arithmeticahi.o(i._Z16filterSmallPeak1PiPfi)
    filterSmallPeak2(int*, float*, int)      0x0001fa71   Thumb Code   378  arithmeticahi.o(i._Z16filterSmallPeak2PiPfi)
    judgeOtherStatue()                       0x0001ffd5   Thumb Code   104  filterpeak.o(i._Z16judgeOtherStatuev)
    getSteadyStandard_3(unsigned short*, char, const short*, char, const float*) 0x00020079   Thumb Code    72  arithmeticheartsteady_3.o(i._Z19getSteadyStandard_3PtcPKscPKf)
    getSteadyStandard_5(unsigned short*, char, const short*, char, const float*) 0x000200c5   Thumb Code    70  arithmeticheartsteady_5.o(i._Z19getSteadyStandard_5PtcPKscPKf)
    getSteadyStandard_35(unsigned short*, char, const short*, char, const float*) 0x00020139   Thumb Code   118  arithmeticheartsteady_35.o(i._Z20getSteadyStandard_35PtcPKscPKf)
    algAhi(int*, float*, int)                0x000202f9   Thumb Code   222  arithmeticahi.o(i._Z6algAhiPiPfi)
    addResp()                                0x000203f1   Thumb Code    74  filterpeak.o(i._Z7addRespv)
    getActSig(float)                         0x00020a0d   Thumb Code    26  filterpeak.o(i._Z9getActSigf)
    __0printf$3                              0x00020a35   Thumb Code    22  printf3.o(i.__0printf$3)
    __1printf$3                              0x00020a35   Thumb Code     0  printf3.o(i.__0printf$3)
    __2printf                                0x00020a35   Thumb Code     0  printf3.o(i.__0printf$3)
    __scatterload_copy                       0x00020ab1   Thumb Code    14  handlers.o(i.__scatterload_copy)
    __scatterload_null                       0x00020abf   Thumb Code     2  handlers.o(i.__scatterload_null)
    __scatterload_zeroinit                   0x00020ac1   Thumb Code    14  handlers.o(i.__scatterload_zeroinit)
    adv_data_encode                          0x00020c95   Thumb Code   454  ble_advdata.o(i.adv_data_encode)
    advertising_status_data                  0x00020f1d   Thumb Code    80  ble_nrf.o(i.advertising_status_data)
    app_error_fault_handler                  0x00020f71   Thumb Code    60  app_error_weak.o(i.app_error_fault_handler)
    app_error_handler_bare                   0x00020fb5   Thumb Code    28  app_error.o(i.app_error_handler_bare)
    app_fifo_get                             0x00020fd1   Thumb Code    30  app_fifo.o(i.app_fifo_get)
    app_fifo_init                            0x00020fef   Thumb Code    36  app_fifo.o(i.app_fifo_init)
    app_fifo_put                             0x00021013   Thumb Code    34  app_fifo.o(i.app_fifo_put)
    app_timer1_init                          0x000210c1   Thumb Code    88  main.o(i.app_timer1_init)
    app_timer_start                          0x00021121   Thumb Code    84  app_timer.o(i.app_timer_start)
    app_timer_stop                           0x00021179   Thumb Code    48  app_timer.o(i.app_timer_stop)
    app_uart_get                             0x000211ad   Thumb Code    46  app_uart_fifo.o(i.app_uart_get)
    app_uart_init                            0x000211e5   Thumb Code   178  app_uart_fifo.o(i.app_uart_init)
    app_uart_put                             0x000212b1   Thumb Code    46  app_uart_fifo.o(i.app_uart_put)
    app_util_critical_region_enter           0x000212e9   Thumb Code    12  app_util_platform.o(i.app_util_critical_region_enter)
    app_util_critical_region_exit            0x000212f5   Thumb Code    62  app_util_platform.o(i.app_util_critical_region_exit)
    arithmeticHearts                         0x0002144d   Thumb Code   144  filterpeak.o(i.arithmeticHearts)
    arithmeticResps                          0x000214f1   Thumb Code    78  filterpeak.o(i.arithmeticResps)
    avgRespSignalB                           0x0002154d   Thumb Code   132  filter.o(i.avgRespSignalB)
    ble_advdata_set                          0x000215dd   Thumb Code   148  ble_advdata.o(i.ble_advdata_set)
    ble_advertising_init                     0x00021671   Thumb Code   324  ble_advertising.o(i.ble_advertising_init)
    ble_advertising_on_ble_evt               0x000217ed   Thumb Code   224  ble_advertising.o(i.ble_advertising_on_ble_evt)
    ble_advertising_specific_data            0x000218f5   Thumb Code   146  ble_advertising.o(i.ble_advertising_specific_data)
    ble_advertising_start                    0x000219ad   Thumb Code   604  ble_advertising.o(i.ble_advertising_start)
    ble_conn_params_init                     0x00021c35   Thumb Code    76  ble_conn_params.o(i.ble_conn_params_init)
    ble_conn_params_on_ble_evt               0x00021c95   Thumb Code    62  ble_conn_params.o(i.ble_conn_params_on_ble_evt)
    ble_dis_init                             0x00021d49   Thumb Code   366  ble_dis.o(i.ble_dis_init)
    ble_nus_init                             0x00021f0d   Thumb Code   144  ble_nus.o(i.ble_nus_init)
    ble_nus_on_ble_evt                       0x00021fa1   Thumb Code    66  ble_nus.o(i.ble_nus_on_ble_evt)
    ble_srv_ascii_to_utf8                    0x00021fe3   Thumb Code    18  ble_srv_common.o(i.ble_srv_ascii_to_utf8)
    bsp_btn_ble_on_ble_evt                   0x00022081   Thumb Code   110  bsp_btn_ble.o(i.bsp_btn_ble_on_ble_evt)
    bsp_event_to_button_action_assign        0x000220f9   Thumb Code    10  bsp.o(i.bsp_event_to_button_action_assign)
    bsp_indication_set                       0x00022103   Thumb Code     6  bsp.o(i.bsp_indication_set)
    fputc                                    0x00022c17   Thumb Code    16  retarget.o(i.fputc)
    fs_queued_op_count_get                   0x00022c29   Thumb Code    18  fstorage.o(i.fs_queued_op_count_get)
    getHeartRR                               0x00022cad   Thumb Code    16  util.o(i.getHeartRR)
    getHeartRate                             0x00022cbd   Thumb Code    34  util.o(i.getHeartRate)
    getHeatBaseLine                          0x00022ce5   Thumb Code    94  filter.o(i.getHeatBaseLine)
    getMedValue                              0x00022d51   Thumb Code   146  filter.o(i.getMedValue)
    getMedValue_test                         0x00022ded   Thumb Code   164  fun.o(i.getMedValue_test)
    getRadioPara                             0x00022e9d   Thumb Code    72  util.o(i.getRadioPara)
    getRespRate                              0x00022ef9   Thumb Code    20  util.o(i.getRespRate)
    getSteadyRadioPara                       0x00022f0d   Thumb Code    50  util.o(i.getSteadyRadioPara)
    highPassFilterBcg                        0x00022fb9   Thumb Code   156  filter.o(i.highPassFilterBcg)
    intern_softdevice_events_execute         0x00023061   Thumb Code   142  softdevice_handler.o(i.intern_softdevice_events_execute)
    judgePeople                              0x00023239   Thumb Code    50  arithmeticstatus.o(i.judgePeople)
    leftShift1DArray                         0x000232db   Thumb Code    14  util.o(i.leftShift1DArray)
    leftShift2DArray                         0x000232e9   Thumb Code    54  util.o(i.leftShift2DArray)
    leftShiftInt1DArray                      0x0002331f   Thumb Code    14  util.o(i.leftShiftInt1DArray)
    leftShiftInt2DArray                      0x0002332d   Thumb Code    54  util.o(i.leftShiftInt2DArray)
    leftShiftShort1DArray                    0x00023363   Thumb Code    14  util.o(i.leftShiftShort1DArray)
    leftShiftShort2DArray                    0x00023371   Thumb Code    54  util.o(i.leftShiftShort2DArray)
    leftShiftUnsigedShort1DArray             0x000233a7   Thumb Code    14  util.o(i.leftShiftUnsigedShort1DArray)
    lowPassFilterBcg                         0x00023559   Thumb Code   144  filter.o(i.lowPassFilterBcg)
    main                                     0x000235f5   Thumb Code   518  main.o(i.main)
    nrf_delay_ms                             0x000239d5   Thumb Code    26  nrf_delay.o(i.nrf_delay_ms)
    nrf_drv_clock_on_soc_event               0x000239f1   Thumb Code    46  nrf_drv_clock.o(i.nrf_drv_clock_on_soc_event)
    nrf_drv_common_irq_enable                0x00023a25   Thumb Code   100  nrf_drv_common.o(i.nrf_drv_common_irq_enable)
    nrf_drv_saadc_buffer_convert             0x00023aa1   Thumb Code   134  nrf_drv_saadc.o(i.nrf_drv_saadc_buffer_convert)
    nrf_drv_saadc_channel_init               0x00023b2d   Thumb Code    84  nrf_drv_saadc.o(i.nrf_drv_saadc_channel_init)
    nrf_drv_saadc_channel_uninit             0x00023b85   Thumb Code    84  nrf_drv_saadc.o(i.nrf_drv_saadc_channel_uninit)
    nrf_drv_saadc_init                       0x00023bdd   Thumb Code   114  nrf_drv_saadc.o(i.nrf_drv_saadc_init)
    nrf_drv_saadc_limits_set                 0x00023c5d   Thumb Code   168  nrf_drv_saadc.o(i.nrf_drv_saadc_limits_set)
    nrf_drv_saadc_sample                     0x00023d0d   Thumb Code    26  nrf_drv_saadc.o(i.nrf_drv_saadc_sample)
    nrf_drv_saadc_uninit                     0x00023d2d   Thumb Code   154  nrf_drv_saadc.o(i.nrf_drv_saadc_uninit)
    nrf_drv_timer_compare                    0x00023dd5   Thumb Code    56  nrf_drv_timer.o(i.nrf_drv_timer_compare)
    nrf_drv_timer_enable                     0x00023e0d   Thumb Code    30  nrf_drv_timer.o(i.nrf_drv_timer_enable)
    nrf_drv_timer_extended_compare           0x00023e31   Thumb Code    66  nrf_drv_timer.o(i.nrf_drv_timer_extended_compare)
    nrf_drv_timer_init                       0x00023e75   Thumb Code   166  nrf_drv_timer.o(i.nrf_drv_timer_init)
    nrf_drv_uart_init                        0x00023f25   Thumb Code   202  nrf_drv_uart.o(i.nrf_drv_uart_init)
    nrf_drv_uart_rx                          0x00024009   Thumb Code   168  nrf_drv_uart.o(i.nrf_drv_uart_rx)
    nrf_drv_uart_rx_enable                   0x000240b9   Thumb Code    26  nrf_drv_uart.o(i.nrf_drv_uart_rx_enable)
    nrf_drv_uart_tx                          0x00024241   Thumb Code    66  nrf_drv_uart.o(i.nrf_drv_uart_tx)
    nrf_drv_uart_tx_in_progress              0x00024385   Thumb Code    14  nrf_drv_uart.o(i.nrf_drv_uart_tx_in_progress)
    nrf_drv_wdt_channel_alloc                0x00024399   Thumb Code    74  nrf_drv_wdt.o(i.nrf_drv_wdt_channel_alloc)
    nrf_drv_wdt_channel_feed                 0x000243ed   Thumb Code    12  nrf_drv_wdt.o(i.nrf_drv_wdt_channel_feed)
    nrf_drv_wdt_enable                       0x000243f9   Thumb Code    24  nrf_drv_wdt.o(i.nrf_drv_wdt_enable)
    nrf_drv_wdt_init                         0x0002441d   Thumb Code    72  nrf_drv_wdt.o(i.nrf_drv_wdt_init)
    nrf_saadc_channel_init                   0x00024619   Thumb Code    98  nrf_saadc.o(i.nrf_saadc_channel_init)
    pstorage_access_status_get               0x00024a85   Thumb Code    36  pstorage.o(i.pstorage_access_status_get)
    pstorage_init                            0x00024ad9   Thumb Code   110  pstorage.o(i.pstorage_init)
    pstorage_register                        0x00024b69   Thumb Code   256  pstorage.o(i.pstorage_register)
    pstorage_sys_event_handler               0x00024c79   Thumb Code    62  pstorage.o(i.pstorage_sys_event_handler)
    register_flash                           0x00024cc1   Thumb Code    48  ble_nrf.o(i.register_flash)
    saadc_callback                           0x00024f9d   Thumb Code     6  app_gpio_in_out.o(i.saadc_callback)
    sd_check_ram_start                       0x00024fa5   Thumb Code    22  softdevice_handler.o(i.sd_check_ram_start)
    simuart_event_handle                     0x0002524d   Thumb Code    72  app_it.o(i.simuart_event_handle)
    sleep_mode_enter                         0x000252a1   Thumb Code   136  ble_nrf.o(i.sleep_mode_enter)
    smoothFiltHeart                          0x00025345   Thumb Code    98  filter.o(i.smoothFiltHeart)
    softdevice_ble_evt_handler_set           0x000253b5   Thumb Code    20  softdevice_handler.o(i.softdevice_ble_evt_handler_set)
    softdevice_enable                        0x000253cd   Thumb Code    24  softdevice_handler.o(i.softdevice_enable)
    softdevice_enable_get_default_config     0x000253e9   Thumb Code    44  softdevice_handler.o(i.softdevice_enable_get_default_config)
    softdevice_fault_handler                 0x00025415   Thumb Code    20  softdevice_handler.o(i.softdevice_fault_handler)
    softdevice_handler_init                  0x00025429   Thumb Code    80  softdevice_handler.o(i.softdevice_handler_init)
    softdevice_sys_evt_handler_set           0x0002548d   Thumb Code    20  softdevice_handler.o(i.softdevice_sys_evt_handler_set)
    turnOverTimes                            0x00025be5   Thumb Code   194  arithmeticstatus.o(i.turnOverTimes)
    wdt_event_handler                        0x00026347   Thumb Code     2  main.o(i.wdt_event_handler)
    TIMER_CH2                                0x0002635c   Data           8  app_gpio_in_out.o(.constdata)
    TIMER_CH1                                0x00026390   Data           8  main.o(.constdata)
    Region$$Table$$Base                      0x00026474   Number         0  anon$$obj.o(Region$$Table)
    Region$$Table$$Limit                     0x00026494   Number         0  anon$$obj.o(Region$$Table)
    Image$$RW_IRAM1$$Base                    0x20002080   Number         0  anon$$obj.o ABSOLUTE
    PressureSensor_BaseValue                 0x20002080   Data           2  app_gpio_in_out.o(.data)
    adc_vdata                                0x20002082   Data           8  app_gpio_in_out.o(.data)
    CheckCount_ExtSensorMaxVal               0x2000208a   Data           1  app_gpio_in_out.o(.data)
    CheckCount_ExtSensorMinVal               0x2000208b   Data           1  app_gpio_in_out.o(.data)
    SoftVer                                  0x20002090   Data           4  main.o(.data)
    close_flag                               0x20002094   Data           1  main.o(.data)
    send_data_uart                           0x20002095   Data           5  main.o(.data)
    BTname_block_handle                      0x200020b4   Data           8  ble_nrf.o(.data)
    MAC_block_handle                         0x200020bc   Data           8  ble_nrf.o(.data)
    DeviceMode                               0x200020c4   Data           1  parameter.o(.data)
    SIMUART_Receive_Right                    0x200020c5   Data           1  parameter.o(.data)
    SIMUART_RX_LEN                           0x200020c6   Data           2  parameter.o(.data)
    SIMUART_RX_STA                           0x200020c8   Data           1  parameter.o(.data)
    Flag_UART_Debug                          0x200020c9   Data           1  parameter.o(.data)
    BlueTooth_Name_Len                       0x200020ca   Data           1  parameter.o(.data)
    APP_Order_Receive_len                    0x200020cb   Data           1  parameter.o(.data)
    APP_Order_Send_len                       0x200020cc   Data           1  parameter.o(.data)
    m_channel_id                             0x200020cd   Data           1  parameter.o(.data)
    TimerSim                                 0x200020ce   Data           8  parameter.o(.data)
    RealTime                                 0x200020d6   Data           6  parameter.o(.data)
    ADC_ChangeTimes                          0x200020dc   Data           2  parameter.o(.data)
    ADC_CatchTimes                           0x200020de   Data           1  parameter.o(.data)
    WakeUpCount                              0x200020df   Data           1  parameter.o(.data)
    Monitor_Offline_Time                     0x200020e0   Data           2  parameter.o(.data)
    Flag_TimeAdj                             0x200020e2   Data           1  parameter.o(.data)
    Adj_Time                                 0x200020e3   Data           1  parameter.o(.data)
    GetSleepHrDataTimeCount                  0x200020e4   Data           2  parameter.o(.data)
    GetSleepRrDataTimeCount                  0x200020e6   Data           2  parameter.o(.data)
    GetBatteryDataTimeCount                  0x200020e8   Data           2  parameter.o(.data)
    LedFlash                                 0x200020ea   Data           2  parameter.o(.data)
    SimpleDataNum1                           0x200020ec   Data           2  parameter.o(.data)
    SimpleDataNum2                           0x200020ee   Data           2  parameter.o(.data)
    Flag_PowerOn                             0x200020f0   Data           1  parameter.o(.data)
    Flag_PeopleTurnforResp                   0x200020f1   Data           1  parameter.o(.data)
    Flag_PeopleTurnforHert                   0x200020f2   Data           1  parameter.o(.data)
    Last_Heart                               0x200020f4   Data           4  parameter.o(.data)
    Last_Resp                                0x200020f8   Data           4  parameter.o(.data)
    NoRespTime                               0x200020fc   Data           1  parameter.o(.data)
    NoHeartTime                              0x200020fd   Data           1  parameter.o(.data)
    SleepMode_flag                           0x200020fe   Data           1  parameter.o(.data)
    SleepData_SendTime                       0x20002100   Data           2  parameter.o(.data)
    Status_ExtSensorOnbed                    0x20002102   Data           1  parameter.o(.data)
    ExtSensor_OnbedStatus_Count              0x20002103   Data           1  parameter.o(.data)
    OnbedStatus_CountTimer                   0x20002104   Data           1  parameter.o(.data)
    BatteryCheck_CountTimer                  0x20002105   Data           1  parameter.o(.data)
    Flag_SendPresensorStatus                 0x20002106   Data           1  parameter.o(.data)
    SendPresensorStatus_Time                 0x20002107   Data           1  parameter.o(.data)
    SendBatteryLevel_Time                    0x20002108   Data           1  parameter.o(.data)
    Flag_LED_Status                          0x20002109   Data           1  parameter.o(.data)
    Flag_Check_Status                        0x2000210a   Data           1  parameter.o(.data)
    HR_StartTime                             0x2000210b   Data           6  parameter.o(.data)
    RR_StartTime                             0x20002111   Data           6  parameter.o(.data)
    Sendswitch                               0x20002117   Data           1  parameter.o(.data)
    heart_avg                                0x20002118   Data           1  parameter.o(.data)
    breath_avg                               0x20002119   Data           1  parameter.o(.data)
    update_progress                          0x2000211a   Data           1  parameter.o(.data)
    Battery_level                            0x2000211b   Data           1  parameter.o(.data)
    SendRrDataToServerTimes                  0x2000211c   Data           1  parameter.o(.data)
    SendHrDataToServerTimes                  0x2000211d   Data           1  parameter.o(.data)
    SendBatteryDataTimes                     0x2000211e   Data           1  parameter.o(.data)
    SendPressSenserStatusTimes               0x2000211f   Data           1  parameter.o(.data)
    sleep_mode_timer                         0x20002120   Data           1  parameter.o(.data)
    writedata_timer                          0x20002122   Data           2  parameter.o(.data)
    CheckCount_ExtSensor                     0x20002124   Data           1  fun.o(.data)
    CheckCount_Battery                       0x20002125   Data           1  fun.o(.data)
    ADCVol_ExtSensor                         0x20002128   Data           4  fun.o(.data)
    ADCVol_Battery                           0x2000212c   Data           4  fun.o(.data)
    signalsLen                               0x20002140   Data           4  fun.o(.data)
    shilftPoint                              0x20002144   Data           4  fun.o(.data)
    temp_len_test                            0x2000214c   Data           1  fun.o(.data)
    ts_test                                  0x2000214d   Data           1  fun.o(.data)
    __stdout                                 0x2000218c   Data           4  retarget.o(.data)
    __stdin                                  0x20002190   Data           4  retarget.o(.data)
    SystemCoreClock                          0x20002250   Data           4  system_nrf52.o(.data)
    sdi                                      0x20002256   Data           1  arithmeticresp.o(.data)
    steady_resp_len                          0x20002257   Data           1  arithmeticresp.o(.data)
    resps_len                                0x2000225e   Data           2  arithmeticresp.o(.data)
    respReduce                               0x20002280   Data           4  arithmeticresp.o(.data)
    peak_space_resp                          0x20002290   Data           4  arithmeticresp.o(.data)
    RwavLen                                  0x20002294   Data           4  arithmeticresp.o(.data)
    ahi_type_zsu                             0x20002298   Data           1  filterpeak.o(.data)
    ahi_type_zse                             0x20002299   Data           1  filterpeak.o(.data)
    hearts_len                               0x2000229c   Data           4  filterpeak.o(.data)
    RespRate_len                             0x200022a0   Data           4  filterpeak.o(.data)
    heartFSLen                               0x200022a8   Data           4  filterpeak.o(.data)
    respFSLen                                0x200022ac   Data           4  filterpeak.o(.data)
    move_body                                0x200022cc   Data           1  arithmeticstatus.o(.data)
    pieValue                                 0x200022cd   Data           1  arithmeticstatus.o(.data)
    gPeopleFlag                              0x200022ce   Data           1  arithmeticstatus.o(.data)
    peopleFlagHr                             0x200022d1   Data           1  arithmeticstatus.o(.data)
    peopleFlagResp                           0x200022d2   Data           1  arithmeticstatus.o(.data)
    gPeopleHR                                0x200022e0   Data           4  arithmeticstatus.o(.data)
    gPeopleResp                              0x200022e8   Data           4  arithmeticstatus.o(.data)
    resp_status                              0x200022f0   Data           1  arithmeticstatus.o(.data)
    signc                                    0x200022f9   Data           1  arithmeticheart.o(.data)
    elig_len                                 0x200022fa   Data           1  arithmeticheart.o(.data)
    rrFullS                                  0x200022fb   Data           1  arithmeticheart.o(.data)
    rrReadlyLen                              0x20002310   Data           2  arithmeticheart.o(.data)
    HwavLen                                  0x20002314   Data           4  arithmeticheart.o(.data)
    hr_len                                   0x20002320   Data           4  arithmeticheart.o(.data)
    temp_len                                 0x2000232c   Data           1  filter.o(.data)
    ts                                       0x2000232d   Data           1  filter.o(.data)
    ss                                       0x2000232f   Data           1  filter.o(.data)
    N_Order                                  0x20002334   Data           4  filter.o(.data)
    fd_lenC                                  0x20002348   Data           4  filter.o(.data)
    ecgHighB                                 0x20002354   Data          20  filter.o(.data)
    ecgHighA                                 0x20002368   Data          20  filter.o(.data)
    ecgLowB                                  0x2000237c   Data          20  filter.o(.data)
    ecgLowA                                  0x20002390   Data          20  filter.o(.data)
    temp_pj                                  0x20002462   Data           1  arithmeticheartsteady_35.o(.data)
    ADC_VoltageValue                         0x20002470   Data          16  app_gpio_in_out.o(.bss)
    SIMUART_TX_BUFFER                        0x200026e4   Data         200  parameter.o(.bss)
    SIMUART_RX_BUFFER                        0x200027ac   Data         200  parameter.o(.bss)
    BlueTooth_Name                           0x20002874   Data          20  parameter.o(.bss)
    APP_Order_Receive_Data                   0x20002888   Data         100  parameter.o(.bss)
    ringBuff_ori                             0x20003050   Data        8008  ring_buffer.o(.bss)
    nrf_nvic_state                           0x200051a0   Data          12  softdevice_handler.o(.bss)
    steady_resps                             0x200052ec   Data          20  arithmeticresp.o(.bss)
    resps                                    0x200053f0   Data         160  arithmeticresp.o(.bss)
    RwavPiont                                0x20005490   Data        1200  arithmeticresp.o(.bss)
    hearts                                   0x200059a4   Data         960  filterpeak.o(.bss)
    RespRate                                 0x20005d64   Data         160  filterpeak.o(.bss)
    heartFS                                  0x20005e04   Data        2000  filterpeak.o(.bss)
    respFS                                   0x200065d4   Data         100  filterpeak.o(.bss)
    gPeopleDataHR                            0x2000777c   Data        1000  arithmeticstatus.o(.bss)
    gPeopleDataResp                          0x20007b64   Data        1000  arithmeticstatus.o(.bss)
    HwavPiont                                0x20007f58   Data        2400  arithmeticheart.o(.bss)
    eligible_rr                              0x20008980   Data          80  arithmeticheart.o(.bss)
    heartRates                               0x20008b60   Data         960  arithmeticheart.o(.bss)
    xx                                       0x20008f20   Data          16  filter.o(.bss)
    yx                                       0x20008f30   Data          16  filter.o(.bss)
    xy                                       0x20008f40   Data          16  filter.o(.bss)
    yy                                       0x20008f50   Data          16  filter.o(.bss)
    fdata                                    0x20009058   Data         192  filter.o(.bss)
    fDataC                                   0x20009118   Data          96  filter.o(.bss)
    __initial_sp                             0x2000cbd0   Data           0  arm_startup_nrf52.o(STACK)



==============================================================================

Memory Map of the image

  Image Entry point : 0x0001c401

  Load Region LR_IROM1 (Base: 0x0001c000, Size: 0x0000a884, Max: 0x00064000, ABSOLUTE, COMPRESSED[0x0000a550])

    Execution Region ER_IROM1 (Exec base: 0x0001c000, Load base: 0x0001c000, Size: 0x0000a494, Max: 0x00064000, ABSOLUTE)

    Exec Addr    Load Addr    Size         Type   Attr      Idx    E Section Name        Object

    0x0001c000   0x0001c000   0x00000400   Data   RO         4862    RESET               arm_startup_nrf52.o
    0x0001c400   0x0001c400   0x00000000   Code   RO         5632  * .ARM.Collect$$$$00000000  mc_w.l(entry.o)
    0x0001c400   0x0001c400   0x00000004   Code   RO         5934    .ARM.Collect$$$$00000001  mc_w.l(entry2.o)
    0x0001c404   0x0001c404   0x00000004   Code   RO         5937    .ARM.Collect$$$$00000004  mc_w.l(entry5.o)
    0x0001c408   0x0001c408   0x00000000   Code   RO         5939    .ARM.Collect$$$$00000008  mc_w.l(entry7b.o)
    0x0001c408   0x0001c408   0x00000000   Code   RO         5941    .ARM.Collect$$$$0000000A  mc_w.l(entry8b.o)
    0x0001c408   0x0001c408   0x00000008   Code   RO         5942    .ARM.Collect$$$$0000000B  mc_w.l(entry9a.o)
    0x0001c410   0x0001c410   0x00000000   Code   RO         5944    .ARM.Collect$$$$0000000D  mc_w.l(entry10a.o)
    0x0001c410   0x0001c410   0x00000000   Code   RO         5946    .ARM.Collect$$$$0000000F  mc_w.l(entry11a.o)
    0x0001c410   0x0001c410   0x00000004   Code   RO         5935    .ARM.Collect$$$$00002712  mc_w.l(entry2.o)
    0x0001c414   0x0001c414   0x00000076   Code   RO          739    .emb_text           flash.o
    0x0001c48a   0x0001c48a   0x00000002   PAD
    0x0001c48c   0x0001c48c   0x00000076   Code   RO         1562    .emb_text           nrf_delay.o
    0x0001c502   0x0001c502   0x00000002   PAD
    0x0001c504   0x0001c504   0x00000076   Code   RO         3840    .emb_text           app_timer.o
    0x0001c57a   0x0001c57a   0x00000002   PAD
    0x0001c57c   0x0001c57c   0x00000024   Code   RO         4863    .text               arm_startup_nrf52.o
    0x0001c5a0   0x0001c5a0   0x00000040   Code   RO         5643    .text               mc_w.l(memmovea.o)
    0x0001c5e0   0x0001c5e0   0x00000024   Code   RO         5645    .text               mc_w.l(memseta.o)
    0x0001c604   0x0001c604   0x00000024   Code   RO         5647    .text               mc_w.l(strstr.o)
    0x0001c628   0x0001c628   0x0000000e   Code   RO         5649    .text               mc_w.l(strlen.o)
    0x0001c636   0x0001c636   0x000000e4   Code   RO         5918    .text               mf_w.l(dmul.o)
    0x0001c71a   0x0001c71a   0x000000de   Code   RO         5920    .text               mf_w.l(ddiv.o)
    0x0001c7f8   0x0001c7f8   0x00000022   Code   RO         5922    .text               mf_w.l(dflti.o)
    0x0001c81a   0x0001c81a   0x0000001a   Code   RO         5924    .text               mf_w.l(dfltui.o)
    0x0001c834   0x0001c834   0x00000026   Code   RO         5926    .text               mf_w.l(f2d.o)
    0x0001c85a   0x0001c85a   0x00000002   PAD
    0x0001c85c   0x0001c85c   0x00000030   Code   RO         5928    .text               mf_w.l(cdcmple.o)
    0x0001c88c   0x0001c88c   0x00000030   Code   RO         5930    .text               mf_w.l(cdrcmple.o)
    0x0001c8bc   0x0001c8bc   0x00000038   Code   RO         5932    .text               mf_w.l(d2f.o)
    0x0001c8f4   0x0001c8f4   0x0000002c   Code   RO         5948    .text               mc_w.l(uidiv.o)
    0x0001c920   0x0001c920   0x00000000   Code   RO         5952    .text               mc_w.l(iusefp.o)
    0x0001c920   0x0001c920   0x0000006e   Code   RO         5953    .text               mf_w.l(fepilogue.o)
    0x0001c98e   0x0001c98e   0x000000ba   Code   RO         5955    .text               mf_w.l(depilogue.o)
    0x0001ca48   0x0001ca48   0x00000024   Code   RO         5961    .text               mc_w.l(init.o)
    0x0001ca6c   0x0001ca6c   0x0000001e   Code   RO         5963    .text               mc_w.l(llshl.o)
    0x0001ca8a   0x0001ca8a   0x00000020   Code   RO         5965    .text               mc_w.l(llushr.o)
    0x0001caaa   0x0001caaa   0x00000056   Code   RO         5977    .text               mc_w.l(__dczerorl2.o)
    0x0001cb00   0x0001cb00   0x0000013c   Code   RO            5    i.ADC_GPIO_CONFIG   app_gpio_in_out.o
    0x0001cc3c   0x0001cc3c   0x0000001c   Code   RO            6    i.ADC_Switch_CONFIG  app_gpio_in_out.o
    0x0001cc58   0x0001cc58   0x00000068   Code   RO         1283    i.ADCdata_deal      app_it.o
    0x0001ccc0   0x0001ccc0   0x00000014   Code   RO         1135    i.Arg_init          fun.o
    0x0001ccd4   0x0001ccd4   0x00000020   Code   RO         1136    i.BLE_Send_data     fun.o
    0x0001ccf4   0x0001ccf4   0x00000030   Code   RO          920    i.BLE_Start         ble_nrf.o
    0x0001cd24   0x0001cd24   0x0000018c   Code   RO         1137    i.BatteryDataCalculate  fun.o
    0x0001ceb0   0x0001ceb0   0x00000100   Code   RO         5432    i.CSAS              sleep_1_5.lib(arithmeticahi.o)
    0x0001cfb0   0x0001cfb0   0x00000130   Code   RO         1138    i.CalculateHrRrData  fun.o
    0x0001d0e0   0x0001d0e0   0x000001d4   Code   RO         1139    i.Check_ExtSensor_PeopleOnBed  fun.o
    0x0001d2b4   0x0001d2b4   0x00000028   Code   RO            9    i.ClearSIMUSARTBUF  app_gpio_in_out.o
    0x0001d2dc   0x0001d2dc   0x0000001c   Code   RO          411    i.ExtClock_initialization  main.o
    0x0001d2f8   0x0001d2f8   0x000001b8   Code   RO         1909    i.GPIOTE_IRQHandler  nrf_drv_gpiote.o
    0x0001d4b0   0x0001d4b0   0x000000cc   Code   RO         5433    i.OSAHS             sleep_1_5.lib(arithmeticahi.o)
    0x0001d57c   0x0001d57c   0x0000002c   Code   RO          412    i.Power_ON          main.o
    0x0001d5a8   0x0001d5a8   0x00000034   Code   RO         3841    i.RTC1_IRQHandler   app_timer.o
    0x0001d5dc   0x0001d5dc   0x0000004c   Code   RO           12    i.ReadBTNameFromFlash  app_gpio_in_out.o
    0x0001d628   0x0001d628   0x00000076   Code   RO         1522    i.Read_RingBuff     ring_buffer.o
    0x0001d69e   0x0001d69e   0x00000002   PAD
    0x0001d6a0   0x0001d6a0   0x000000f8   Code   RO         1142    i.RenewRealTime     fun.o
    0x0001d798   0x0001d798   0x00000020   Code   RO         1523    i.RingBuff_Init     ring_buffer.o
    0x0001d7b8   0x0001d7b8   0x000000d8   Code   RO         2581    i.SAADC_IRQHandler  nrf_drv_saadc.o
    0x0001d890   0x0001d890   0x00000046   Code   RO          740    i.SPI_FLASH_BufferRead  flash.o
    0x0001d8d6   0x0001d8d6   0x00000034   Code   RO          743    i.SPI_FLASH_Init    flash.o
    0x0001d90a   0x0001d90a   0x00000040   Code   RO          747    i.SPI_FLASH_ReadID  flash.o
    0x0001d94a   0x0001d94a   0x0000000e   Code   RO          749    i.SPI_FLASH_SendByte  flash.o
    0x0001d958   0x0001d958   0x00000044   Code   RO          756    i.SPI_I2S_ReceiveData  flash.o
    0x0001d99c   0x0001d99c   0x0000003c   Code   RO          757    i.SPI_I2S_SendData  flash.o
    0x0001d9d8   0x0001d9d8   0x00000008   Code   RO         3842    i.SWI0_EGU0_IRQHandler  app_timer.o
    0x0001d9e0   0x0001d9e0   0x00000030   Code   RO         4077    i.SWI2_EGU2_IRQHandler  softdevice_handler.o
    0x0001da10   0x0001da10   0x00000040   Code   RO         1143    i.SendBatteryData   fun.o
    0x0001da50   0x0001da50   0x00000144   Code   RO         1144    i.SendHrDataToServer  fun.o
    0x0001db94   0x0001db94   0x0000007c   Code   RO         1145    i.SendNoHRData      fun.o
    0x0001dc10   0x0001dc10   0x0000011c   Code   RO         1146    i.SendNoRRData      fun.o
    0x0001dd2c   0x0001dd2c   0x000000f8   Code   RO         1148    i.SendRealTimeHRData  fun.o
    0x0001de24   0x0001de24   0x00000098   Code   RO         1149    i.SendRealTimeRRData  fun.o
    0x0001debc   0x0001debc   0x000001a0   Code   RO         1150    i.SendRrDataToServer  fun.o
    0x0001e05c   0x0001e05c   0x00000010   Code   RO         4870    i.SystemCoreClockUpdate  system_nrf52.o
    0x0001e06c   0x0001e06c   0x00000238   Code   RO         4871    i.SystemInit        system_nrf52.o
    0x0001e2a4   0x0001e2a4   0x00000018   Code   RO         2148    i.TIMER1_IRQHandler  nrf_drv_timer.o
    0x0001e2bc   0x0001e2bc   0x00000018   Code   RO         2149    i.TIMER2_IRQHandler  nrf_drv_timer.o
    0x0001e2d4   0x0001e2d4   0x000001a0   Code   RO         1284    i.Timer1_event_handler  app_it.o
    0x0001e474   0x0001e474   0x00000024   Code   RO         1285    i.Timer2_event_handler  app_it.o
    0x0001e498   0x0001e498   0x00000018   Code   RO         1582    i.UARTE0_UART0_IRQHandler  nrf_drv_uart.o
    0x0001e4b0   0x0001e4b0   0x0000005c   Code   RO           15    i.UART_CONFIG       app_gpio_in_out.o
    0x0001e50c   0x0001e50c   0x000000cc   Code   RO          415    i.UART_Receive_Analys  main.o
    0x0001e5d8   0x0001e5d8   0x0000002c   Code   RO          416    i.WDT_Config        main.o
    0x0001e604   0x0001e604   0x00000038   Code   RO         1419    i.WDT_IRQHandler    nrf_drv_wdt.o
    0x0001e63c   0x0001e63c   0x00000078   Code   RO         1525    i.Write_RingBuff    ring_buffer.o
    0x0001e6b4   0x0001e6b4   0x00000070   Code   RO         4943    i._Z10addFeaturef   sleep_1_5.lib(arithmeticresp.o)
    0x0001e724   0x0001e724   0x00000120   Code   RO         5244    i._Z10keyFeaturev   sleep_1_5.lib(arithmeticheart.o)
    0x0001e844   0x0001e844   0x00000044   Code   RO         5245    i._Z10spaceJudgeis  sleep_1_5.lib(arithmeticheart.o)
    0x0001e888   0x0001e888   0x0000047e   Code   RO         4944    i._Z10steadHeartv   sleep_1_5.lib(arithmeticresp.o)
    0x0001ed06   0x0001ed06   0x00000002   PAD
    0x0001ed08   0x0001ed08   0x00000114   Code   RO         5597    i._Z11fiveOrThreeiPKf  sleep_1_5.lib(arithmeticheartsteady_35.o)
    0x0001ee1c   0x0001ee1c   0x00000034   Code   RO         5529    i._Z12addFivePeakst  sleep_1_5.lib(arithmeticheartsteady_3.o)
    0x0001ee50   0x0001ee50   0x00000034   Code   RO         5563    i._Z12addFivePeakst  sleep_1_5.lib(arithmeticheartsteady_5.o)
    0x0001ee84   0x0001ee84   0x00000034   Code   RO         5598    i._Z12addFivePeakst  sleep_1_5.lib(arithmeticheartsteady_35.o)
    0x0001eeb8   0x0001eeb8   0x00000064   Code   RO         5030    i._Z12addHearToBufv  sleep_1_5.lib(filterpeak.o)
    0x0001ef1c   0x0001ef1c   0x00000058   Code   RO         4945    i._Z12addPeakRangeffi  sleep_1_5.lib(arithmeticresp.o)
    0x0001ef74   0x0001ef74   0x0000003c   Code   RO         4946    i._Z12getAvgRangesv  sleep_1_5.lib(arithmeticresp.o)
    0x0001efb0   0x0001efb0   0x0000008a   Code   RO         5434    i._Z12getMidValue1Pff  sleep_1_5.lib(arithmeticahi.o)
    0x0001f03a   0x0001f03a   0x0000008a   Code   RO         5435    i._Z12getMidValue2Pff  sleep_1_5.lib(arithmeticahi.o)
    0x0001f0c4   0x0001f0c4   0x000003a4   Code   RO         5246    i._Z13featureDeducev  sleep_1_5.lib(arithmeticheart.o)
    0x0001f468   0x0001f468   0x00000098   Code   RO         5564    i._Z13fivePeakJudgeiPKf  sleep_1_5.lib(arithmeticheartsteady_5.o)
    0x0001f500   0x0001f500   0x0000006c   Code   RO         5093    i._Z13judgeSignalHrf  sleep_1_5.lib(arithmeticstatus.o)
    0x0001f56c   0x0001f56c   0x000000e8   Code   RO         5436    i._Z14addFilterValuePiPfi  sleep_1_5.lib(arithmeticahi.o)
    0x0001f654   0x0001f654   0x0000005c   Code   RO         4947    i._Z14arithmeticRespf  sleep_1_5.lib(arithmeticresp.o)
    0x0001f6b0   0x0001f6b0   0x00000090   Code   RO         5530    i._Z14threePeakJudgeiPKf  sleep_1_5.lib(arithmeticheartsteady_3.o)
    0x0001f740   0x0001f740   0x00000024   Code   RO         5247    i._Z15arithmeticHeartf  sleep_1_5.lib(arithmeticheart.o)
    0x0001f764   0x0001f764   0x00000090   Code   RO         5094    i._Z15judgeSignalFullff  sleep_1_5.lib(arithmeticstatus.o)
    0x0001f7f4   0x0001f7f4   0x0000006c   Code   RO         5095    i._Z15judgeSignalRespf  sleep_1_5.lib(arithmeticstatus.o)
    0x0001f860   0x0001f860   0x00000090   Code   RO         4948    i._Z15setStandardRespv  sleep_1_5.lib(arithmeticresp.o)
    0x0001f8f0   0x0001f8f0   0x00000180   Code   RO         5438    i._Z16filterSmallPeak1PiPfi  sleep_1_5.lib(arithmeticahi.o)
    0x0001fa70   0x0001fa70   0x00000198   Code   RO         5439    i._Z16filterSmallPeak2PiPfi  sleep_1_5.lib(arithmeticahi.o)
    0x0001fc08   0x0001fc08   0x00000110   Code   RO         5531    i._Z16getSteadyAveragePt  sleep_1_5.lib(arithmeticheartsteady_3.o)
    0x0001fd18   0x0001fd18   0x00000184   Code   RO         5565    i._Z16getSteadyAveragePt  sleep_1_5.lib(arithmeticheartsteady_5.o)
    0x0001fe9c   0x0001fe9c   0x00000138   Code   RO         5599    i._Z16getSteadyAveragePt  sleep_1_5.lib(arithmeticheartsteady_35.o)
    0x0001ffd4   0x0001ffd4   0x00000074   Code   RO         5031    i._Z16judgeOtherStatuev  sleep_1_5.lib(filterpeak.o)
    0x00020048   0x00020048   0x00000030   Code   RO         5248    i._Z17peakTempLeftShiftv  sleep_1_5.lib(arithmeticheart.o)
    0x00020078   0x00020078   0x0000004c   Code   RO         5532    i._Z19getSteadyStandard_3PtcPKscPKf  sleep_1_5.lib(arithmeticheartsteady_3.o)
    0x000200c4   0x000200c4   0x0000004c   Code   RO         5566    i._Z19getSteadyStandard_5PtcPKscPKf  sleep_1_5.lib(arithmeticheartsteady_5.o)
    0x00020110   0x00020110   0x00000028   Code   RO         5249    i._Z19heartRatesLeftShiftv  sleep_1_5.lib(arithmeticheart.o)
    0x00020138   0x00020138   0x0000007c   Code   RO         5600    i._Z20getSteadyStandard_35PtcPKscPKf  sleep_1_5.lib(arithmeticheartsteady_35.o)
    0x000201b4   0x000201b4   0x00000024   Code   RO         4949    i._Z20peakFeatureLeftShiftv  sleep_1_5.lib(arithmeticresp.o)
    0x000201d8   0x000201d8   0x00000034   Code   RO         4950    i._Z4initv          sleep_1_5.lib(arithmeticresp.o)
    0x0002020c   0x0002020c   0x0000003c   Code   RO         5250    i._Z5addRRf         sleep_1_5.lib(arithmeticheart.o)
    0x00020248   0x00020248   0x0000007c   Code   RO         5251    i._Z5setPvPKtS0_S0_  sleep_1_5.lib(arithmeticheart.o)
    0x000202c4   0x000202c4   0x00000034   Code   RO         5252    i._Z5setRRPKtS0_S0_  sleep_1_5.lib(arithmeticheart.o)
    0x000202f8   0x000202f8   0x000000f8   Code   RO         5440    i._Z6algAhiPiPfi    sleep_1_5.lib(arithmeticahi.o)
    0x000203f0   0x000203f0   0x0000005c   Code   RO         5032    i._Z7addRespv       sleep_1_5.lib(filterpeak.o)
    0x0002044c   0x0002044c   0x00000138   Code   RO         5253    i._Z7extFreaf       sleep_1_5.lib(arithmeticheart.o)
    0x00020584   0x00020584   0x000000dc   Code   RO         5442    i._Z7extFreaf       sleep_1_5.lib(arithmeticahi.o)
    0x00020660   0x00020660   0x00000040   Code   RO         5254    i._Z8addHeartiiit   sleep_1_5.lib(arithmeticheart.o)
    0x000206a0   0x000206a0   0x00000110   Code   RO         5443    i._Z8getFrea1if     sleep_1_5.lib(arithmeticahi.o)
    0x000207b0   0x000207b0   0x00000104   Code   RO         5444    i._Z8getFrea2if     sleep_1_5.lib(arithmeticahi.o)
    0x000208b4   0x000208b4   0x00000054   Code   RO         5255    i._Z8getRRAvgv      sleep_1_5.lib(arithmeticheart.o)
    0x00020908   0x00020908   0x000000cc   Code   RO         4951    i._Z9addRespRRic    sleep_1_5.lib(arithmeticresp.o)
    0x000209d4   0x000209d4   0x00000038   Code   RO         4952    i._Z9addSteadyi     sleep_1_5.lib(arithmeticresp.o)
    0x00020a0c   0x00020a0c   0x00000028   Code   RO         5033    i._Z9getActSigf     sleep_1_5.lib(filterpeak.o)
    0x00020a34   0x00020a34   0x00000020   Code   RO         5746    i.__0printf$3       mc_w.l(printf3.o)
    0x00020a54   0x00020a54   0x0000001c   Code   RO         3843    i.__NVIC_ClearPendingIRQ  app_timer.o
    0x00020a70   0x00020a70   0x00000022   Code   RO         3844    i.__NVIC_EnableIRQ  app_timer.o
    0x00020a92   0x00020a92   0x00000002   PAD
    0x00020a94   0x00020a94   0x0000001c   Code   RO         3845    i.__NVIC_SetPendingIRQ  app_timer.o
    0x00020ab0   0x00020ab0   0x0000000e   Code   RO         5971    i.__scatterload_copy  mc_w.l(handlers.o)
    0x00020abe   0x00020abe   0x00000002   Code   RO         5972    i.__scatterload_null  mc_w.l(handlers.o)
    0x00020ac0   0x00020ac0   0x0000000e   Code   RO         5973    i.__scatterload_zeroinit  mc_w.l(handlers.o)
    0x00020ace   0x00020ace   0x0000000c   Code   RO         3457    i.__sd_nvic_irq_disable  app_util_platform.o
    0x00020ada   0x00020ada   0x00000002   PAD
    0x00020adc   0x00020adc   0x000001b8   Code   RO         5753    i._printf_core      mc_w.l(printf3.o)
    0x00020c94   0x00020c94   0x000001c6   Code   RO         4456    i.adv_data_encode   ble_advdata.o
    0x00020e5a   0x00020e5a   0x00000012   Code   RO         4457    i.advdata_check     ble_advdata.o
    0x00020e6c   0x00020e6c   0x00000054   Code   RO          544    i.advertising_buttons_configure  bsp_btn_ble.o
    0x00020ec0   0x00020ec0   0x0000005c   Code   RO          921    i.advertising_init  ble_nrf.o
    0x00020f1c   0x00020f1c   0x00000054   Code   RO          922    i.advertising_status_data  ble_nrf.o
    0x00020f70   0x00020f70   0x00000044   Code   RO         3307    i.app_error_fault_handler  app_error_weak.o
    0x00020fb4   0x00020fb4   0x0000001c   Code   RO         3209    i.app_error_handler_bare  app_error.o
    0x00020fd0   0x00020fd0   0x0000001e   Code   RO         3543    i.app_fifo_get      app_fifo.o
    0x00020fee   0x00020fee   0x00000024   Code   RO         3544    i.app_fifo_init     app_fifo.o
    0x00021012   0x00021012   0x00000022   Code   RO         3546    i.app_fifo_put      app_fifo.o
    0x00021034   0x00021034   0x00000030   Code   RO         2744    i.app_notify        pstorage.o
    0x00021064   0x00021064   0x00000028   Code   RO         2745    i.app_notify_error_state_transit  pstorage.o
    0x0002108c   0x0002108c   0x00000034   Code   RO          923    i.app_receivedata_handler  ble_nrf.o
    0x000210c0   0x000210c0   0x00000060   Code   RO          417    i.app_timer1_init   main.o
    0x00021120   0x00021120   0x00000058   Code   RO         3851    i.app_timer_start   app_timer.o
    0x00021178   0x00021178   0x00000034   Code   RO         3852    i.app_timer_stop    app_timer.o
    0x000211ac   0x000211ac   0x00000038   Code   RO         2500    i.app_uart_get      app_uart_fifo.o
    0x000211e4   0x000211e4   0x000000cc   Code   RO         2501    i.app_uart_init     app_uart_fifo.o
    0x000212b0   0x000212b0   0x00000038   Code   RO         2502    i.app_uart_put      app_uart_fifo.o
    0x000212e8   0x000212e8   0x0000000c   Code   RO         3458    i.app_util_critical_region_enter  app_util_platform.o
    0x000212f4   0x000212f4   0x00000048   Code   RO         3459    i.app_util_critical_region_exit  app_util_platform.o
    0x0002133c   0x0002133c   0x00000052   Code   RO         4458    i.appearance_encode  ble_advdata.o
    0x0002138e   0x0002138e   0x00000002   PAD
    0x00021390   0x00021390   0x000000bc   Code   RO         1583    i.apply_config      nrf_drv_uart.o
    0x0002144c   0x0002144c   0x000000a4   Code   RO         5034    i.arithmeticHearts  sleep_1_5.lib(filterpeak.o)
    0x000214f0   0x000214f0   0x0000005c   Code   RO         5035    i.arithmeticResps   sleep_1_5.lib(filterpeak.o)
    0x0002154c   0x0002154c   0x00000090   Code   RO         5340    i.avgRespSignalB    sleep_1_5.lib(filter.o)
    0x000215dc   0x000215dc   0x00000094   Code   RO         4459    i.ble_advdata_set   ble_advdata.o
    0x00021670   0x00021670   0x0000017c   Code   RO         4224    i.ble_advertising_init  ble_advertising.o
    0x000217ec   0x000217ec   0x000000f8   Code   RO         4225    i.ble_advertising_on_ble_evt  ble_advertising.o
    0x000218e4   0x000218e4   0x00000010   Code   RO         4228    i.ble_advertising_peer_address_clear  ble_advertising.o
    0x000218f4   0x000218f4   0x000000b8   Code   RO         4230    i.ble_advertising_specific_data  ble_advertising.o
    0x000219ac   0x000219ac   0x00000288   Code   RO         4231    i.ble_advertising_start  ble_advertising.o
    0x00021c34   0x00021c34   0x00000060   Code   RO         4578    i.ble_conn_params_init  ble_conn_params.o
    0x00021c94   0x00021c94   0x0000003e   Code   RO         4579    i.ble_conn_params_on_ble_evt  ble_conn_params.o
    0x00021cd2   0x00021cd2   0x00000074   Code   RO         4460    i.ble_device_addr_encode  ble_advdata.o
    0x00021d46   0x00021d46   0x00000002   PAD
    0x00021d48   0x00021d48   0x00000198   Code   RO         4328    i.ble_dis_init      ble_dis.o
    0x00021ee0   0x00021ee0   0x0000002c   Code   RO          924    i.ble_evt_dispatch  ble_nrf.o
    0x00021f0c   0x00021f0c   0x00000094   Code   RO         4384    i.ble_nus_init      ble_nus.o
    0x00021fa0   0x00021fa0   0x00000042   Code   RO         4385    i.ble_nus_on_ble_evt  ble_nus.o
    0x00021fe2   0x00021fe2   0x00000012   Code   RO         4667    i.ble_srv_ascii_to_utf8  ble_srv_common.o
    0x00021ff4   0x00021ff4   0x0000008c   Code   RO          925    i.ble_stack_init    ble_nrf.o
    0x00022080   0x00022080   0x00000078   Code   RO          546    i.bsp_btn_ble_on_ble_evt  bsp_btn_ble.o
    0x000220f8   0x000220f8   0x0000000a   Code   RO          668    i.bsp_event_to_button_action_assign  bsp.o
    0x00022102   0x00022102   0x00000006   Code   RO          669    i.bsp_indication_set  bsp.o
    0x00022108   0x00022108   0x00000010   Code   RO         1911    i.channel_handler_get  nrf_drv_gpiote.o
    0x00022118   0x00022118   0x0000000c   Code   RO         1913    i.channel_port_get  nrf_drv_gpiote.o
    0x00022124   0x00022124   0x000000f8   Code   RO         4329    i.char_add          ble_dis.o
    0x0002221c   0x0002221c   0x00000104   Code   RO         2746    i.clear_operation_execute  pstorage.o
    0x00022320   0x00022320   0x00000028   Code   RO         2747    i.clear_post_processing_run  pstorage.o
    0x00022348   0x00022348   0x00000048   Code   RO         2748    i.cmd_process       pstorage.o
    0x00022390   0x00022390   0x00000014   Code   RO         2749    i.cmd_queue_dequeue  pstorage.o
    0x000223a4   0x000223a4   0x00000050   Code   RO         2750    i.cmd_queue_element_init  pstorage.o
    0x000223f4   0x000223f4   0x00000020   Code   RO         2752    i.cmd_queue_init    pstorage.o
    0x00022414   0x00022414   0x00000028   Code   RO         2753    i.command_end_procedure_run  pstorage.o
    0x0002243c   0x0002243c   0x0000002c   Code   RO         2754    i.command_queue_element_consume  pstorage.o
    0x00022468   0x00022468   0x00000090   Code   RO         3854    i.compare_reg_update  app_timer.o
    0x000224f8   0x000224f8   0x0000005a   Code   RO         4461    i.conn_int_check    ble_advdata.o
    0x00022552   0x00022552   0x00000068   Code   RO         4462    i.conn_int_encode   ble_advdata.o
    0x000225ba   0x000225ba   0x00000002   Code   RO          927    i.conn_params_error_handler  ble_nrf.o
    0x000225bc   0x000225bc   0x0000004c   Code   RO          928    i.conn_params_init  ble_nrf.o
    0x00022608   0x00022608   0x00000084   Code   RO         4581    i.conn_params_negotiation  ble_conn_params.o
    0x0002268c   0x0002268c   0x00000054   Code   RO          548    i.connection_buttons_configure  bsp_btn_ble.o
    0x000226e0   0x000226e0   0x0000007c   Code   RO         2755    i.data_page_erase_state_run  pstorage.o
    0x0002275c   0x0002275c   0x00000034   Code   RO         2756    i.data_to_swap_write_state_run  pstorage.o
    0x00022790   0x00022790   0x00000064   Code   RO         3855    i.elapsed_ticks_acquire  app_timer.o
    0x000227f4   0x000227f4   0x00000040   Code   RO         2757    i.erase_sub_state_sm_run  pstorage.o
    0x00022834   0x00022834   0x00000054   Code   RO         4872    i.errata_108        system_nrf52.o
    0x00022888   0x00022888   0x00000030   Code   RO         4873    i.errata_16         system_nrf52.o
    0x000228b8   0x000228b8   0x00000054   Code   RO         4874    i.errata_31         system_nrf52.o
    0x0002290c   0x0002290c   0x00000030   Code   RO         4875    i.errata_32         system_nrf52.o
    0x0002293c   0x0002293c   0x00000054   Code   RO         4876    i.errata_36         system_nrf52.o
    0x00022990   0x00022990   0x00000030   Code   RO         4877    i.errata_37         system_nrf52.o
    0x000229c0   0x000229c0   0x00000030   Code   RO         4878    i.errata_57         system_nrf52.o
    0x000229f0   0x000229f0   0x00000030   Code   RO         4879    i.errata_66         system_nrf52.o
    0x00022a20   0x00022a20   0x00000058   Code   RO         3856    i.expired_timers_handler  app_timer.o
    0x00022a78   0x00022a78   0x00000018   Code   RO         3549    i.fifo_get          app_fifo.o
    0x00022a90   0x00022a90   0x0000000a   Code   RO         2503    i.fifo_length       app_uart_fifo.o
    0x00022a9a   0x00022a9a   0x0000000a   Code   RO         3550    i.fifo_length       app_fifo.o
    0x00022aa4   0x00022aa4   0x00000012   Code   RO         3551    i.fifo_peek         app_fifo.o
    0x00022ab6   0x00022ab6   0x00000012   Code   RO         3552    i.fifo_put          app_fifo.o
    0x00022ac8   0x00022ac8   0x00000036   Code   RO         4463    i.flags_encode      ble_advdata.o
    0x00022afe   0x00022afe   0x00000036   Code   RO         4233    i.flash_access_in_progress  ble_advertising.o
    0x00022b34   0x00022b34   0x0000002c   Code   RO         2758    i.flash_api_err_code_process  pstorage.o
    0x00022b60   0x00022b60   0x00000044   Code   RO         2759    i.flash_operation_failure_run  pstorage.o
    0x00022ba4   0x00022ba4   0x00000030   Code   RO         2760    i.flash_operation_success_run  pstorage.o
    0x00022bd4   0x00022bd4   0x00000010   Code   RO         2761    i.flash_page_erase  pstorage.o
    0x00022be4   0x00022be4   0x00000016   Code   RO          929    i.flash_pstorage_cb_handler  ble_nrf.o
    0x00022bfa   0x00022bfa   0x0000001c   Code   RO         2762    i.flash_write       pstorage.o
    0x00022c16   0x00022c16   0x00000010   Code   RO         3261    i.fputc             retarget.o
    0x00022c26   0x00022c26   0x00000002   PAD
    0x00022c28   0x00022c28   0x00000018   Code   RO         3343    i.fs_queued_op_count_get  fstorage.o
    0x00022c40   0x00022c40   0x0000006c   Code   RO          930    i.gap_params_init   ble_nrf.o
    0x00022cac   0x00022cac   0x00000010   Code   RO         5143    i.getHeartRR        sleep_1_5.lib(util.o)
    0x00022cbc   0x00022cbc   0x00000028   Code   RO         5144    i.getHeartRate      sleep_1_5.lib(util.o)
    0x00022ce4   0x00022ce4   0x0000006c   Code   RO         5342    i.getHeatBaseLine   sleep_1_5.lib(filter.o)
    0x00022d50   0x00022d50   0x0000009c   Code   RO         5343    i.getMedValue       sleep_1_5.lib(filter.o)
    0x00022dec   0x00022dec   0x000000b0   Code   RO         1152    i.getMedValue_test  fun.o
    0x00022e9c   0x00022e9c   0x0000005c   Code   RO         5145    i.getRadioPara      sleep_1_5.lib(util.o)
    0x00022ef8   0x00022ef8   0x00000014   Code   RO         5147    i.getRespRate       sleep_1_5.lib(util.o)
    0x00022f0c   0x00022f0c   0x00000044   Code   RO         5148    i.getSteadyRadioPara  sleep_1_5.lib(util.o)
    0x00022f50   0x00022f50   0x00000068   Code   RO         2763    i.head_restore_state_run  pstorage.o
    0x00022fb8   0x00022fb8   0x000000a8   Code   RO         5345    i.highPassFilterBcg  sleep_1_5.lib(filter.o)
    0x00023060   0x00023060   0x000000a4   Code   RO         4078    i.intern_softdevice_events_execute  softdevice_handler.o
    0x00023104   0x00023104   0x0000005c   Code   RO         2150    i.irq_handler       nrf_drv_timer.o
    0x00023160   0x00023160   0x00000024   Code   RO         4582    i.is_conn_params_ok  ble_conn_params.o
    0x00023184   0x00023184   0x00000058   Code   RO         2764    i.is_page_erase_required  pstorage.o
    0x000231dc   0x000231dc   0x00000050   Code   RO         2765    i.is_tail_data_page_swap_required  pstorage.o
    0x0002322c   0x0002322c   0x0000000c   Code   RO         3083    i.item_dequeue      nrf_drv_clock.o
    0x00023238   0x00023238   0x00000038   Code   RO         5096    i.judgePeople       sleep_1_5.lib(arithmeticstatus.o)
    0x00023270   0x00023270   0x0000006a   Code   RO         4464    i.le_role_encode    ble_advdata.o
    0x000232da   0x000232da   0x0000000e   Code   RO         5149    i.leftShift1DArray  sleep_1_5.lib(util.o)
    0x000232e8   0x000232e8   0x00000036   Code   RO         5150    i.leftShift2DArray  sleep_1_5.lib(util.o)
    0x0002331e   0x0002331e   0x0000000e   Code   RO         5151    i.leftShiftInt1DArray  sleep_1_5.lib(util.o)
    0x0002332c   0x0002332c   0x00000036   Code   RO         5152    i.leftShiftInt2DArray  sleep_1_5.lib(util.o)
    0x00023362   0x00023362   0x0000000e   Code   RO         5153    i.leftShiftShort1DArray  sleep_1_5.lib(util.o)
    0x00023370   0x00023370   0x00000036   Code   RO         5154    i.leftShiftShort2DArray  sleep_1_5.lib(util.o)
    0x000233a6   0x000233a6   0x0000000e   Code   RO         5155    i.leftShiftUnsigedShort1DArray  sleep_1_5.lib(util.o)
    0x000233b4   0x000233b4   0x00000098   Code   RO         3857    i.list_deletions_handler  app_timer.o
    0x0002344c   0x0002344c   0x0000010c   Code   RO         3858    i.list_insertions_handler  app_timer.o
    0x00023558   0x00023558   0x0000009c   Code   RO         5346    i.lowPassFilterBcg  sleep_1_5.lib(filter.o)
    0x000235f4   0x000235f4   0x00000288   Code   RO          418    i.main              main.o
    0x0002387c   0x0002387c   0x00000020   Code   RO         2767    i.main_state_err_busy_process  pstorage.o
    0x0002389c   0x0002389c   0x00000076   Code   RO         4465    i.manuf_specific_data_encode  ble_advdata.o
    0x00023912   0x00023912   0x000000c2   Code   RO         4466    i.name_encode       ble_advdata.o
    0x000239d4   0x000239d4   0x0000001a   Code   RO         1558    i.nrf_delay_ms      nrf_delay.o
    0x000239ee   0x000239ee   0x00000002   PAD
    0x000239f0   0x000239f0   0x00000034   Code   RO         3095    i.nrf_drv_clock_on_soc_event  nrf_drv_clock.o
    0x00023a24   0x00023a24   0x00000070   Code   RO         1878    i.nrf_drv_common_irq_enable  nrf_drv_common.o
    0x00023a94   0x00023a94   0x0000000a   Code   RO         2151    i.nrf_drv_get_IRQn  nrf_drv_timer.o
    0x00023a9e   0x00023a9e   0x00000002   PAD
    0x00023aa0   0x00023aa0   0x0000008c   Code   RO         2583    i.nrf_drv_saadc_buffer_convert  nrf_drv_saadc.o
    0x00023b2c   0x00023b2c   0x00000058   Code   RO         2584    i.nrf_drv_saadc_channel_init  nrf_drv_saadc.o
    0x00023b84   0x00023b84   0x00000058   Code   RO         2585    i.nrf_drv_saadc_channel_uninit  nrf_drv_saadc.o
    0x00023bdc   0x00023bdc   0x00000080   Code   RO         2586    i.nrf_drv_saadc_init  nrf_drv_saadc.o
    0x00023c5c   0x00023c5c   0x000000b0   Code   RO         2588    i.nrf_drv_saadc_limits_set  nrf_drv_saadc.o
    0x00023d0c   0x00023d0c   0x00000020   Code   RO         2589    i.nrf_drv_saadc_sample  nrf_drv_saadc.o
    0x00023d2c   0x00023d2c   0x000000a8   Code   RO         2591    i.nrf_drv_saadc_uninit  nrf_drv_saadc.o
    0x00023dd4   0x00023dd4   0x00000038   Code   RO         2154    i.nrf_drv_timer_compare  nrf_drv_timer.o
    0x00023e0c   0x00023e0c   0x00000024   Code   RO         2158    i.nrf_drv_timer_enable  nrf_drv_timer.o
    0x00023e30   0x00023e30   0x00000042   Code   RO         2159    i.nrf_drv_timer_extended_compare  nrf_drv_timer.o
    0x00023e72   0x00023e72   0x00000002   PAD
    0x00023e74   0x00023e74   0x000000b0   Code   RO         2161    i.nrf_drv_timer_init  nrf_drv_timer.o
    0x00023f24   0x00023f24   0x000000e4   Code   RO         1586    i.nrf_drv_uart_init  nrf_drv_uart.o
    0x00024008   0x00024008   0x000000b0   Code   RO         1587    i.nrf_drv_uart_rx   nrf_drv_uart.o
    0x000240b8   0x000240b8   0x00000020   Code   RO         1590    i.nrf_drv_uart_rx_enable  nrf_drv_uart.o
    0x000240d8   0x000240d8   0x000000b4   Code   RO         1591    i.nrf_drv_uart_rx_for_uart  nrf_drv_uart.o
    0x0002418c   0x0002418c   0x000000b4   Code   RO         1592    i.nrf_drv_uart_rx_for_uarte  nrf_drv_uart.o
    0x00024240   0x00024240   0x00000048   Code   RO         1593    i.nrf_drv_uart_tx   nrf_drv_uart.o
    0x00024288   0x00024288   0x0000008c   Code   RO         1595    i.nrf_drv_uart_tx_for_uart  nrf_drv_uart.o
    0x00024314   0x00024314   0x00000070   Code   RO         1596    i.nrf_drv_uart_tx_for_uarte  nrf_drv_uart.o
    0x00024384   0x00024384   0x00000014   Code   RO         1597    i.nrf_drv_uart_tx_in_progress  nrf_drv_uart.o
    0x00024398   0x00024398   0x00000054   Code   RO         1420    i.nrf_drv_wdt_channel_alloc  nrf_drv_wdt.o
    0x000243ec   0x000243ec   0x0000000c   Code   RO         1421    i.nrf_drv_wdt_channel_feed  nrf_drv_wdt.o
    0x000243f8   0x000243f8   0x00000024   Code   RO         1422    i.nrf_drv_wdt_enable  nrf_drv_wdt.o
    0x0002441c   0x0002441c   0x00000058   Code   RO         1424    i.nrf_drv_wdt_init  nrf_drv_wdt.o
    0x00024474   0x00024474   0x00000024   Code   RO           16    i.nrf_gpio_cfg      app_gpio_in_out.o
    0x00024498   0x00024498   0x00000024   Code   RO          758    i.nrf_gpio_cfg      flash.o
    0x000244bc   0x000244bc   0x00000024   Code   RO         1599    i.nrf_gpio_cfg      nrf_drv_uart.o
    0x000244e0   0x000244e0   0x0000001a   Code   RO         1601    i.nrf_gpio_cfg_input  nrf_drv_uart.o
    0x000244fa   0x000244fa   0x00000018   Code   RO          759    i.nrf_gpio_cfg_output  flash.o
    0x00024512   0x00024512   0x00000018   Code   RO         1602    i.nrf_gpio_cfg_output  nrf_drv_uart.o
    0x0002452a   0x0002452a   0x00000018   Code   RO           17    i.nrf_gpio_cfg_output_pullup  app_gpio_in_out.o
    0x00024542   0x00024542   0x00000002   PAD
    0x00024544   0x00024544   0x00000024   Code   RO         1935    i.nrf_gpio_cfg_sense_set  nrf_drv_gpiote.o
    0x00024568   0x00024568   0x00000010   Code   RO          419    i.nrf_gpio_pin_clear  main.o
    0x00024578   0x00024578   0x00000010   Code   RO          760    i.nrf_gpio_pin_clear  flash.o
    0x00024588   0x00024588   0x00000010   Code   RO           19    i.nrf_gpio_pin_set  app_gpio_in_out.o
    0x00024598   0x00024598   0x00000010   Code   RO          761    i.nrf_gpio_pin_set  flash.o
    0x000245a8   0x000245a8   0x00000010   Code   RO          931    i.nrf_gpio_pin_set  ble_nrf.o
    0x000245b8   0x000245b8   0x00000010   Code   RO         1603    i.nrf_gpio_pin_set  nrf_drv_uart.o
    0x000245c8   0x000245c8   0x0000000c   Code   RO         1938    i.nrf_gpiote_event_addr_get  nrf_drv_gpiote.o
    0x000245d4   0x000245d4   0x0000001c   Code   RO         1939    i.nrf_gpiote_event_clear  nrf_drv_gpiote.o
    0x000245f0   0x000245f0   0x00000016   Code   RO         1940    i.nrf_gpiote_event_is_set  nrf_drv_gpiote.o
    0x00024606   0x00024606   0x00000002   PAD
    0x00024608   0x00024608   0x00000010   Code   RO         2592    i.nrf_saadc_buffer_init  nrf_drv_saadc.o
    0x00024618   0x00024618   0x00000068   Code   RO         2714    i.nrf_saadc_channel_init  nrf_saadc.o
    0x00024680   0x00024680   0x00000018   Code   RO         2593    i.nrf_saadc_channel_input_set  nrf_drv_saadc.o
    0x00024698   0x00024698   0x00000014   Code   RO         2594    i.nrf_saadc_event_check  nrf_drv_saadc.o
    0x000246ac   0x000246ac   0x0000000c   Code   RO         2595    i.nrf_saadc_event_clear  nrf_drv_saadc.o
    0x000246b8   0x000246b8   0x0000000c   Code   RO         2596    i.nrf_saadc_int_disable  nrf_drv_saadc.o
    0x000246c4   0x000246c4   0x0000000c   Code   RO         2597    i.nrf_saadc_int_enable  nrf_drv_saadc.o
    0x000246d0   0x000246d0   0x00000014   Code   RO         2598    i.nrf_saadc_limit_int_get  nrf_drv_saadc.o
    0x000246e4   0x000246e4   0x0000000c   Code   RO         2599    i.nrf_saadc_task_trigger  nrf_drv_saadc.o
    0x000246f0   0x000246f0   0x0000000e   Code   RO         2165    i.nrf_timer_compare_event_get  nrf_drv_timer.o
    0x000246fe   0x000246fe   0x0000000a   Code   RO         2166    i.nrf_timer_compare_int_get  nrf_drv_timer.o
    0x00024708   0x00024708   0x00000006   Code   RO         2167    i.nrf_timer_event_clear  nrf_drv_timer.o
    0x0002470e   0x0002470e   0x00000006   Code   RO         2168    i.nrf_timer_int_disable  nrf_drv_timer.o
    0x00024714   0x00024714   0x00000006   Code   RO         2169    i.nrf_timer_int_enable  nrf_drv_timer.o
    0x0002471a   0x0002471a   0x0000000c   Code   RO         2170    i.nrf_timer_shorts_disable  nrf_drv_timer.o
    0x00024726   0x00024726   0x00000006   Code   RO         2171    i.nrf_timer_task_trigger  nrf_drv_timer.o
    0x0002472c   0x0002472c   0x0000000c   Code   RO         1604    i.nrf_uart_errorsrc_get_and_clear  nrf_drv_uart.o
    0x00024738   0x00024738   0x0000000e   Code   RO         1605    i.nrf_uart_event_check  nrf_drv_uart.o
    0x00024746   0x00024746   0x00000006   Code   RO         1606    i.nrf_uart_event_clear  nrf_drv_uart.o
    0x0002474c   0x0002474c   0x0000000a   Code   RO         1607    i.nrf_uart_hwfc_pins_set  nrf_drv_uart.o
    0x00024756   0x00024756   0x00000006   Code   RO         1608    i.nrf_uart_int_disable  nrf_drv_uart.o
    0x0002475c   0x0002475c   0x00000006   Code   RO         1609    i.nrf_uart_int_enable  nrf_drv_uart.o
    0x00024762   0x00024762   0x00000012   Code   RO         1610    i.nrf_uart_int_enable_check  nrf_drv_uart.o
    0x00024774   0x00024774   0x00000006   Code   RO         1611    i.nrf_uart_task_trigger  nrf_drv_uart.o
    0x0002477a   0x0002477a   0x0000000a   Code   RO         1612    i.nrf_uart_txrx_pins_set  nrf_drv_uart.o
    0x00024784   0x00024784   0x0000000c   Code   RO         1613    i.nrf_uarte_errorsrc_get_and_clear  nrf_drv_uart.o
    0x00024790   0x00024790   0x0000000e   Code   RO         1614    i.nrf_uarte_event_check  nrf_drv_uart.o
    0x0002479e   0x0002479e   0x00000006   Code   RO         1615    i.nrf_uarte_event_clear  nrf_drv_uart.o
    0x000247a4   0x000247a4   0x0000000c   Code   RO         1616    i.nrf_uarte_hwfc_pins_set  nrf_drv_uart.o
    0x000247b0   0x000247b0   0x00000006   Code   RO         1617    i.nrf_uarte_int_disable  nrf_drv_uart.o
    0x000247b6   0x000247b6   0x00000006   Code   RO         1618    i.nrf_uarte_int_enable  nrf_drv_uart.o
    0x000247bc   0x000247bc   0x0000000a   Code   RO         1619    i.nrf_uarte_rx_amount_get  nrf_drv_uart.o
    0x000247c6   0x000247c6   0x00000006   Code   RO         1620    i.nrf_uarte_task_trigger  nrf_drv_uart.o
    0x000247cc   0x000247cc   0x0000000e   Code   RO         1621    i.nrf_uarte_txrx_pins_set  nrf_drv_uart.o
    0x000247da   0x000247da   0x00000002   PAD
    0x000247dc   0x000247dc   0x00000014   Code   RO         1425    i.nrf_wdt_reload_request_set  nrf_drv_wdt.o
    0x000247f0   0x000247f0   0x0000002a   Code   RO          932    i.on_adv_evt        ble_nrf.o
    0x0002481a   0x0002481a   0x00000002   PAD
    0x0002481c   0x0002481c   0x00000064   Code   RO          933    i.on_ble_evt        ble_nrf.o
    0x00024880   0x00024880   0x00000018   Code   RO          934    i.on_conn_params_evt  ble_nrf.o
    0x00024898   0x00024898   0x00000018   Code   RO         4583    i.on_conn_params_update  ble_conn_params.o
    0x000248b0   0x000248b0   0x00000006   Code   RO         4387    i.on_connect        ble_nus.o
    0x000248b6   0x000248b6   0x00000002   PAD
    0x000248b8   0x000248b8   0x00000038   Code   RO         4584    i.on_connect        ble_conn_params.o
    0x000248f0   0x000248f0   0x00000008   Code   RO         4388    i.on_disconnect     ble_nus.o
    0x000248f8   0x000248f8   0x00000040   Code   RO         4585    i.on_disconnect     ble_conn_params.o
    0x00024938   0x00024938   0x00000050   Code   RO         4389    i.on_write          ble_nus.o
    0x00024988   0x00024988   0x00000058   Code   RO         4586    i.on_write          ble_conn_params.o
    0x000249e0   0x000249e0   0x00000018   Code   RO         4234    i.peer_address_exists  ble_advertising.o
    0x000249f8   0x000249f8   0x0000008c   Code   RO         4330    i.pnp_id_encode     ble_dis.o
    0x00024a84   0x00024a84   0x0000002c   Code   RO         2768    i.pstorage_access_status_get  pstorage.o
    0x00024ab0   0x00024ab0   0x0000001e   Code   RO         2771    i.pstorage_flash_page_end  pstorage.o
    0x00024ace   0x00024ace   0x0000000a   Code   RO         2772    i.pstorage_flash_page_size  pstorage.o
    0x00024ad8   0x00024ad8   0x00000090   Code   RO         2773    i.pstorage_init     pstorage.o
    0x00024b68   0x00024b68   0x00000110   Code   RO         2775    i.pstorage_register  pstorage.o
    0x00024c78   0x00024c78   0x00000048   Code   RO         2777    i.pstorage_sys_event_handler  pstorage.o
    0x00024cc0   0x00024cc0   0x00000038   Code   RO          935    i.register_flash    ble_nrf.o
    0x00024cf8   0x00024cf8   0x0000000c   Code   RO         3859    i.rtc1_compare0_set  app_timer.o
    0x00024d04   0x00024d04   0x0000000c   Code   RO         3860    i.rtc1_counter_get  app_timer.o
    0x00024d10   0x00024d10   0x0000003c   Code   RO         3862    i.rtc1_start        app_timer.o
    0x00024d4c   0x00024d4c   0x00000080   Code   RO         3863    i.rtc1_stop         app_timer.o
    0x00024dcc   0x00024dcc   0x00000050   Code   RO         1623    i.rx_byte           nrf_drv_uart.o
    0x00024e1c   0x00024e1c   0x00000136   Code   RO         4390    i.rx_char_add       ble_nus.o
    0x00024f52   0x00024f52   0x00000002   PAD
    0x00024f54   0x00024f54   0x00000024   Code   RO         1624    i.rx_done_event     nrf_drv_uart.o
    0x00024f78   0x00024f78   0x00000024   Code   RO         1625    i.rx_enable         nrf_drv_uart.o
    0x00024f9c   0x00024f9c   0x00000006   Code   RO           20    i.saadc_callback    app_gpio_in_out.o
    0x00024fa2   0x00024fa2   0x00000002   PAD
    0x00024fa4   0x00024fa4   0x0000001c   Code   RO         4079    i.sd_check_ram_start  softdevice_handler.o
    0x00024fc0   0x00024fc0   0x000000dc   Code   RO         4080    i.sd_nvic_EnableIRQ  softdevice_handler.o
    0x0002509c   0x0002509c   0x00000068   Code   RO         3462    i.sd_nvic_critical_region_enter  app_util_platform.o
    0x00025104   0x00025104   0x00000036   Code   RO         4467    i.sec_mgr_oob_flags_encode  ble_advdata.o
    0x0002513a   0x0002513a   0x00000096   Code   RO         4468    i.service_data_encode  ble_advdata.o
    0x000251d0   0x000251d0   0x0000007c   Code   RO          936    i.services_init     ble_nrf.o
    0x0002524c   0x0002524c   0x00000054   Code   RO         1286    i.simuart_event_handle  app_it.o
    0x000252a0   0x000252a0   0x00000090   Code   RO          937    i.sleep_mode_enter  ble_nrf.o
    0x00025330   0x00025330   0x00000014   Code   RO         2779    i.sm_state_change   pstorage.o
    0x00025344   0x00025344   0x00000070   Code   RO         5348    i.smoothFiltHeart   sleep_1_5.lib(filter.o)
    0x000253b4   0x000253b4   0x00000018   Code   RO         4081    i.softdevice_ble_evt_handler_set  softdevice_handler.o
    0x000253cc   0x000253cc   0x0000001c   Code   RO         4082    i.softdevice_enable  softdevice_handler.o
    0x000253e8   0x000253e8   0x0000002c   Code   RO         4083    i.softdevice_enable_get_default_config  softdevice_handler.o
    0x00025414   0x00025414   0x00000014   Code   RO         4084    i.softdevice_fault_handler  softdevice_handler.o
    0x00025428   0x00025428   0x00000064   Code   RO         4085    i.softdevice_handler_init  softdevice_handler.o
    0x0002548c   0x0002548c   0x00000018   Code   RO         4088    i.softdevice_sys_evt_handler_set  softdevice_handler.o
    0x000254a4   0x000254a4   0x0000000e   Code   RO         4469    i.srdata_check      ble_advdata.o
    0x000254b2   0x000254b2   0x00000002   PAD
    0x000254b4   0x000254b4   0x00000010   Code   RO         2780    i.state_data_erase_entry_run  pstorage.o
    0x000254c4   0x000254c4   0x0000008c   Code   RO         2781    i.state_data_erase_swap_entry_run  pstorage.o
    0x00025550   0x00025550   0x00000038   Code   RO         2782    i.state_entry_action_run  pstorage.o
    0x00025588   0x00025588   0x00000010   Code   RO         2783    i.state_erase_data_page_entry_run  pstorage.o
    0x00025598   0x00025598   0x0000001c   Code   RO         2784    i.state_idle_entry_run  pstorage.o
    0x000255b4   0x000255b4   0x00000034   Code   RO         2785    i.state_restore_head_entry_run  pstorage.o
    0x000255e8   0x000255e8   0x00000058   Code   RO         2786    i.state_restore_tail_entry_run  pstorage.o
    0x00025640   0x00025640   0x00000008   Code   RO         2787    i.state_store_entry_run  pstorage.o
    0x00025648   0x00025648   0x0000001e   Code   RO         2788    i.state_swap_erase_entry_run  pstorage.o
    0x00025666   0x00025666   0x00000002   PAD
    0x00025668   0x00025668   0x00000038   Code   RO         2789    i.state_write_data_swap_entry_run  pstorage.o
    0x000256a0   0x000256a0   0x00000068   Code   RO         2790    i.store_cmd_flash_write_execute  pstorage.o
    0x00025708   0x00025708   0x0000000a   Code   RO         2791    i.store_operation_execute  pstorage.o
    0x00025712   0x00025712   0x00000002   PAD
    0x00025714   0x00025714   0x00000048   Code   RO         2792    i.store_sub_state_sm_run  pstorage.o
    0x0002575c   0x0002575c   0x00000020   Code   RO         2793    i.swap_erase_state_run  pstorage.o
    0x0002577c   0x0002577c   0x00000008   Code   RO         2794    i.swap_sub_sm_exit_action_run  pstorage.o
    0x00025784   0x00025784   0x00000018   Code   RO         2795    i.swap_sub_state_entry_action_run  pstorage.o
    0x0002579c   0x0002579c   0x00000020   Code   RO         2796    i.swap_sub_state_err_busy_process  pstorage.o
    0x000257bc   0x000257bc   0x00000018   Code   RO         2797    i.swap_sub_state_sm_run  pstorage.o
    0x000257d4   0x000257d4   0x00000014   Code   RO         2798    i.swap_sub_state_state_change  pstorage.o
    0x000257e8   0x000257e8   0x0000000c   Code   RO          938    i.sys_evt_dispatch  ble_nrf.o
    0x000257f4   0x000257f4   0x0000008c   Code   RO         4331    i.sys_id_encode     ble_dis.o
    0x00025880   0x00025880   0x0000001c   Code   RO         2799    i.tail_restore_state_run  pstorage.o
    0x0002589c   0x0002589c   0x0000004c   Code   RO         2800    i.tail_word_size_calculate  pstorage.o
    0x000258e8   0x000258e8   0x0000000a   Code   RO         3864    i.ticks_diff_get    app_timer.o
    0x000258f2   0x000258f2   0x00000002   PAD
    0x000258f4   0x000258f4   0x00000038   Code   RO         3865    i.timeout_handler_exec  app_timer.o
    0x0002592c   0x0002592c   0x00000054   Code   RO         3866    i.timer_list_handler  app_timer.o
    0x00025980   0x00025980   0x0000000a   Code   RO         3867    i.timer_list_handler_sched  app_timer.o
    0x0002598a   0x0002598a   0x00000002   PAD
    0x0002598c   0x0002598c   0x00000068   Code   RO         3868    i.timer_list_insert  app_timer.o
    0x000259f4   0x000259f4   0x0000006c   Code   RO         3869    i.timer_list_remove  app_timer.o
    0x00025a60   0x00025a60   0x0000005c   Code   RO         3870    i.timer_start_op_schedule  app_timer.o
    0x00025abc   0x00025abc   0x00000040   Code   RO         3872    i.timer_stop_op_schedule  app_timer.o
    0x00025afc   0x00025afc   0x00000098   Code   RO         3873    i.timer_timeouts_check  app_timer.o
    0x00025b94   0x00025b94   0x0000000a   Code   RO         3874    i.timer_timeouts_check_sched  app_timer.o
    0x00025b9e   0x00025b9e   0x00000046   Code   RO         4470    i.tk_value_encode   ble_advdata.o
    0x00025be4   0x00025be4   0x000000d4   Code   RO         5097    i.turnOverTimes     sleep_1_5.lib(arithmeticstatus.o)
    0x00025cb8   0x00025cb8   0x00000038   Code   RO         1626    i.tx_byte           nrf_drv_uart.o
    0x00025cf0   0x00025cf0   0x000000ec   Code   RO         4391    i.tx_char_add       ble_nus.o
    0x00025ddc   0x00025ddc   0x0000002c   Code   RO         1627    i.tx_done_event     nrf_drv_uart.o
    0x00025e08   0x00025e08   0x00000036   Code   RO         4471    i.tx_power_level_encode  ble_advdata.o
    0x00025e3e   0x00025e3e   0x00000002   PAD
    0x00025e40   0x00025e40   0x000000a4   Code   RO         2504    i.uart_event_handler  app_uart_fifo.o
    0x00025ee4   0x00025ee4   0x00000160   Code   RO         1628    i.uart_irq_handler  nrf_drv_uart.o
    0x00026044   0x00026044   0x0000012c   Code   RO         1629    i.uarte_irq_handler  nrf_drv_uart.o
    0x00026170   0x00026170   0x0000000c   Code   RO         4332    i.uint16_encode     ble_dis.o
    0x0002617c   0x0002617c   0x0000000c   Code   RO         4472    i.uint16_encode     ble_advdata.o
    0x00026188   0x00026188   0x00000008   Code   RO         2801    i.update_operation_execute  pstorage.o
    0x00026190   0x00026190   0x00000058   Code   RO         3875    i.user_id_get       app_timer.o
    0x000261e8   0x000261e8   0x00000030   Code   RO         3876    i.user_op_alloc     app_timer.o
    0x00026218   0x00026218   0x00000004   Code   RO         3877    i.user_op_enque     app_timer.o
    0x0002621c   0x0002621c   0x0000004e   Code   RO         4473    i.uuid_list_encode  ble_advdata.o
    0x0002626a   0x0002626a   0x000000dc   Code   RO         4474    i.uuid_list_sized_encode  ble_advdata.o
    0x00026346   0x00026346   0x00000002   Code   RO          420    i.wdt_event_handler  main.o
    0x00026348   0x00026348   0x00000012   Code   RO         4235    i.whitelist_has_entries  ble_advertising.o
    0x0002635a   0x0002635a   0x00000002   PAD
    0x0002635c   0x0002635c   0x00000034   Data   RO           22    .constdata          app_gpio_in_out.o
    0x00026390   0x00026390   0x00000014   Data   RO          421    .constdata          main.o
    0x000263a4   0x000263a4   0x00000004   Data   RO          940    .constdata          ble_nrf.o
    0x000263a8   0x000263a8   0x0000000c   Data   RO         1426    .constdata          nrf_drv_wdt.o
    0x000263b4   0x000263b4   0x00000020   Data   RO         1631    .constdata          nrf_drv_uart.o
    0x000263d4   0x000263d4   0x00000010   Data   RO         2173    .constdata          nrf_drv_timer.o
    0x000263e4   0x000263e4   0x00000020   Data   RO         2506    .constdata          app_uart_fifo.o
    0x00026404   0x00026404   0x00000003   Data   RO         2601    .constdata          nrf_drv_saadc.o
    0x00026407   0x00026407   0x00000001   PAD
    0x00026408   0x00026408   0x00000028   Data   RO         2803    .constdata          pstorage.o
    0x00026430   0x00026430   0x00000010   Data   RO         4392    .constdata          ble_nus.o
    0x00026440   0x00026440   0x00000004   Data   RO         4589    .constdata          ble_conn_params.o
    0x00026444   0x00026444   0x0000002f   Data   RO          422    .conststring        main.o
    0x00026473   0x00026473   0x00000001   PAD
    0x00026474   0x00026474   0x00000020   Data   RO         5969    Region$$Table       anon$$obj.o


    Execution Region RW_IRAM1 (Exec base: 0x20002080, Load base: 0x00026494, Size: 0x0000ab50, Max: 0x0000df80, ABSOLUTE, COMPRESSED[0x000000bc])

    Exec Addr    Load Addr    Size         Type   Attr      Idx    E Section Name        Object

    0x20002080   COMPRESSED   0x0000000d   Data   RW           23    .data               app_gpio_in_out.o
    0x2000208d   COMPRESSED   0x00000003   PAD
    0x20002090   COMPRESSED   0x0000000a   Data   RW          423    .data               main.o
    0x2000209a   COMPRESSED   0x00000002   PAD
    0x2000209c   COMPRESSED   0x00000008   Data   RW          550    .data               bsp_btn_ble.o
    0x200020a4   COMPRESSED   0x00000020   Data   RW          941    .data               ble_nrf.o
    0x200020c4   COMPRESSED   0x00000060   Data   RW         1096    .data               parameter.o
    0x20002124   COMPRESSED   0x0000002b   Data   RW         1154    .data               fun.o
    0x2000214f   COMPRESSED   0x00000001   PAD
    0x20002150   COMPRESSED   0x0000000c   Data   RW         1427    .data               nrf_drv_wdt.o
    0x2000215c   COMPRESSED   0x00000008   Data   RW         2507    .data               app_uart_fifo.o
    0x20002164   COMPRESSED   0x00000028   Data   RW         2804    .data               pstorage.o
    0x2000218c   COMPRESSED   0x00000008   Data   RW         3262    .data               retarget.o
    0x20002194   COMPRESSED   0x00000022   Data   RW         3878    .data               app_timer.o
    0x200021b6   COMPRESSED   0x00000002   PAD
    0x200021b8   COMPRESSED   0x00000018   Data   RW         4090    .data               softdevice_handler.o
    0x200021d0   COMPRESSED   0x00000020   Data   RW         4237    .data               ble_advertising.o
    0x200021f0   COMPRESSED   0x0000004a   Data   RW         4333    .data               ble_dis.o
    0x2000223a   COMPRESSED   0x00000015   Data   RW         4590    .data               ble_conn_params.o
    0x2000224f   COMPRESSED   0x00000001   PAD
    0x20002250   COMPRESSED   0x00000004   Data   RW         4880    .data               system_nrf52.o
    0x20002254   COMPRESSED   0x00000044   Data   RW         4964    .data               sleep_1_5.lib(arithmeticresp.o)
    0x20002298   COMPRESSED   0x00000034   Data   RW         5043    .data               sleep_1_5.lib(filterpeak.o)
    0x200022cc   COMPRESSED   0x00000024   Data   RW         5104    .data               sleep_1_5.lib(arithmeticstatus.o)
    0x200022f0   COMPRESSED   0x00000001   Data   RW         5105    .data               sleep_1_5.lib(arithmeticstatus.o)
    0x200022f1   COMPRESSED   0x00000003   PAD
    0x200022f4   COMPRESSED   0x00000038   Data   RW         5271    .data               sleep_1_5.lib(arithmeticheart.o)
    0x2000232c   COMPRESSED   0x000000a0   Data   RW         5363    .data               sleep_1_5.lib(filter.o)
    0x200023cc   COMPRESSED   0x00000080   Data   RW         5459    .data               sleep_1_5.lib(arithmeticahi.o)
    0x2000244c   COMPRESSED   0x00000008   Data   RW         5538    .data               sleep_1_5.lib(arithmeticheartsteady_3.o)
    0x20002454   COMPRESSED   0x0000000c   Data   RW         5572    .data               sleep_1_5.lib(arithmeticheartsteady_5.o)
    0x20002460   COMPRESSED   0x00000010   Data   RW         5606    .data               sleep_1_5.lib(arithmeticheartsteady_35.o)
    0x20002470        -       0x00000210   Zero   RW           21    .bss                app_gpio_in_out.o
    0x20002680        -       0x00000064   Zero   RW          939    .bss                ble_nrf.o
    0x200026e4        -       0x00000208   Zero   RW         1095    .bss                parameter.o
    0x200028ec        -       0x00000764   Zero   RW         1153    .bss                fun.o
    0x20003050        -       0x00001f48   Zero   RW         1526    .bss                ring_buffer.o
    0x20004f98        -       0x00000020   Zero   RW         1630    .bss                nrf_drv_uart.o
    0x20004fb8        -       0x00000048   Zero   RW         1947    .bss                nrf_drv_gpiote.o
    0x20005000        -       0x00000018   Zero   RW         2172    .bss                nrf_drv_timer.o
    0x20005018        -       0x00000020   Zero   RW         2505    .bss                app_uart_fifo.o
    0x20005038        -       0x0000002c   Zero   RW         2600    .bss                nrf_drv_saadc.o
    0x20005064        -       0x000000d8   Zero   RW         2802    .bss                pstorage.o
    0x2000513c        -       0x0000000c   Zero   RW         3097    .bss                nrf_drv_clock.o
    0x20005148        -       0x00000058   Zero   RW         3354    .bss                fstorage.o
    0x200051a0        -       0x0000000c   Zero   RW         4089    .bss                softdevice_handler.o
    0x200051ac        -       0x00000103   Zero   RW         4236    .bss                ble_advertising.o
    0x200052af   COMPRESSED   0x00000001   PAD
    0x200052b0        -       0x0000003c   Zero   RW         4588    .bss                ble_conn_params.o
    0x200052ec        -       0x000006b8   Zero   RW         4963    .bss                sleep_1_5.lib(arithmeticresp.o)
    0x200059a4        -       0x00001c34   Zero   RW         5042    .bss                sleep_1_5.lib(filterpeak.o)
    0x200075d8        -       0x00000974   Zero   RW         5103    .bss                sleep_1_5.lib(arithmeticstatus.o)
    0x20007f4c        -       0x00000fd4   Zero   RW         5270    .bss                sleep_1_5.lib(arithmeticheart.o)
    0x20008f20        -       0x00001388   Zero   RW         5362    .bss                sleep_1_5.lib(filter.o)
    0x2000a2a8        -       0x00000848   Zero   RW         5458    .bss                sleep_1_5.lib(arithmeticahi.o)
    0x2000aaf0        -       0x0000003c   Zero   RW         5537    .bss                sleep_1_5.lib(arithmeticheartsteady_3.o)
    0x2000ab2c        -       0x0000003c   Zero   RW         5571    .bss                sleep_1_5.lib(arithmeticheartsteady_5.o)
    0x2000ab68        -       0x00000064   Zero   RW         5605    .bss                sleep_1_5.lib(arithmeticheartsteady_35.o)
    0x2000abcc   COMPRESSED   0x00000004   PAD
    0x2000abd0        -       0x00002000   Zero   RW         4860    STACK               arm_startup_nrf52.o


==============================================================================

Image component sizes


      Code (inc. data)   RO Data    RW Data    ZI Data      Debug   Object Name

        28          0          0          0          0       3373   app_error.o
        68          8          0          0          0      30845   app_error_weak.o
       170          0          0          0          0       5034   app_fifo.o
       634         72         52         13        528     116992   app_gpio_in_out.o
       640        102          0          0          0       2877   app_it.o
      2202        230          0         34          0      61147   app_timer.o
       490         66         32          8         32      11586   app_uart_fifo.o
       200         24          0          0          0      10434   app_util_platform.o
        36          8       1024          0       8192        856   arm_startup_nrf52.o
      2136          0          0          0          0      25632   ble_advdata.o
      1572        166          0         32        259      13100   ble_advertising.o
       558         96          4         21         60      13644   ble_conn_params.o
       948         46          0         74          0      16179   ble_dis.o
      1186        116          4         32        100      57564   ble_nrf.o
       854          4         16          0          0      16476   ble_nus.o
        18          0          0          0          0       1132   ble_srv_common.o
        16          0          0          0          0       2941   bsp.o
       288         10          0          8          0      41557   bsp_btn_ble.o
       538         24          0          0          0      11673   flash.o
        24          6          0          0         88       3976   fstorage.o
      3256        530          0         43       1892      12326   fun.o
      1082        270         67         10          0      15211   main.o
       144          0          0          0          0        880   nrf_delay.o
        64          6          0          0         12       7773   nrf_drv_clock.o
       112         12          0          0          0      31091   nrf_drv_common.o
       566         38          0          0         72      15000   nrf_drv_gpiote.o
      1164        100          3          0         44      19096   nrf_drv_saadc.o
       544         36         16          0         24      17921   nrf_drv_timer.o
      2532        184         32          0         32      69232   nrf_drv_uart.o
       296         62         12         12          0      10452   nrf_drv_wdt.o
       104          6          0          0          0       6005   nrf_saadc.o
         0          0          0         96        520       7012   parameter.o
      2944        380         40         40        216      33146   pstorage.o
        16          0          0          8          0       2482   retarget.o
       270          0          0          0       8008       3304   ring_buffer.o
       700         84          0         24         12      79437   softdevice_handler.o
      1076        112          0          4          0       6043   system_nrf52.o

    ----------------------------------------------------------------------
     27528       2798       1336        468      20092     783429   Object Totals
         0          0         32          0          0          0   (incl. Generated)
        52          0          2          9          1          0   (incl. Padding)

    ----------------------------------------------------------------------

      Code (inc. data)   RO Data    RW Data    ZI Data      Debug   Library Member Name

        86          0          0          0          0          0   __dczerorl2.o
         0          0          0          0          0          0   entry.o
         0          0          0          0          0          0   entry10a.o
         0          0          0          0          0          0   entry11a.o
         8          4          0          0          0          0   entry2.o
         4          0          0          0          0          0   entry5.o
         0          0          0          0          0          0   entry7b.o
         0          0          0          0          0          0   entry8b.o
         8          4          0          0          0          0   entry9a.o
        30          0          0          0          0          0   handlers.o
        36          8          0          0          0         68   init.o
         0          0          0          0          0          0   iusefp.o
        30          0          0          0          0         68   llshl.o
        32          0          0          0          0         68   llushr.o
        64          0          0          0          0         76   memmovea.o
        36          0          0          0          0        108   memseta.o
       472         14          0          0          0        184   printf3.o
        14          0          0          0          0         68   strlen.o
        36          0          0          0          0         80   strstr.o
        44          0          0          0          0         80   uidiv.o
        48          0          0          0          0         68   cdcmple.o
        48          0          0          0          0         68   cdrcmple.o
        56          0          0          0          0         88   d2f.o
       222          0          0          0          0        100   ddiv.o
       186          0          0          0          0        176   depilogue.o
        34          0          0          0          0         76   dflti.o
        26          0          0          0          0         76   dfltui.o
       228          0          0          0          0         96   dmul.o
        38          0          0          0          0         68   f2d.o
       110          0          0          0          0        168   fepilogue.o
      2760        190          0        128       2120      12901   arithmeticahi.o
      2108        122          0         56       4052      11327   arithmeticheart.o
       544         36          0          8         60       4578   arithmeticheartsteady_3.o
       764         36          0         16        100       4917   arithmeticheartsteady_35.o
       668         40          0         12         60       4770   arithmeticheartsteady_5.o
      1994        162          0         68       1720      13100   arithmeticresp.o
       628         64          0         37       2420       5835   arithmeticstatus.o
       844         74          0        160       5000       6586   filter.o
       604         96          0         52       7220       5105   filterpeak.o
       454         44          0          0          0       7639   util.o

    ----------------------------------------------------------------------
     13268        894          0        540      22756      78542   Library Totals
         4          0          0          3          4          0   (incl. Padding)

    ----------------------------------------------------------------------

      Code (inc. data)   RO Data    RW Data    ZI Data      Debug   Library Name

       900         30          0          0          0        800   mc_w.l
       996          0          0          0          0        984   mf_w.l
     11368        864          0        537      22752      76758   sleep_1_5.lib

    ----------------------------------------------------------------------
     13268        894          0        540      22756      78542   Library Totals

    ----------------------------------------------------------------------

==============================================================================


      Code (inc. data)   RO Data    RW Data    ZI Data      Debug   

     40796       3692       1336       1008      42848     822271   Grand Totals
     40796       3692       1336        188      42848     822271   ELF Image Totals (compressed)
     40796       3692       1336        188          0          0   ROM Totals

==============================================================================

    Total RO  Size (Code + RO Data)                42132 (  41.14kB)
    Total RW  Size (RW Data + ZI Data)             43856 (  42.83kB)
    Total ROM Size (Code + RO Data + RW Data)      42320 (  41.33kB)

==============================================================================

